Archive member included to satisfy reference by file (symbol)

c:/program files (x86)/atmel/studio/7.0/toolchain/avr8/avr8-gnu-toolchain/bin/../lib/gcc/avr/5.4.0/../../../../avr/lib/avr6\libm.a(addsf3.o)
                              src/libraries/DHT_sensor_library/DHT.o (__subsf3)
c:/program files (x86)/atmel/studio/7.0/toolchain/avr8/avr8-gnu-toolchain/bin/../lib/gcc/avr/5.4.0/../../../../avr/lib/avr6\libm.a(addsf3x.o)
                              c:/program files (x86)/atmel/studio/7.0/toolchain/avr8/avr8-gnu-toolchain/bin/../lib/gcc/avr/5.4.0/../../../../avr/lib/avr6\libm.a(addsf3.o) (__addsf3x)
c:/program files (x86)/atmel/studio/7.0/toolchain/avr8/avr8-gnu-toolchain/bin/../lib/gcc/avr/5.4.0/../../../../avr/lib/avr6\libm.a(cmpsf2.o)
                              src/libraries/MPU6050/MPU6050.o (__nesf2)
c:/program files (x86)/atmel/studio/7.0/toolchain/avr8/avr8-gnu-toolchain/bin/../lib/gcc/avr/5.4.0/../../../../avr/lib/avr6\libm.a(divsf3.o)
                              src/libraries/MPU6050/MPU6050.o (__divsf3)
c:/program files (x86)/atmel/studio/7.0/toolchain/avr8/avr8-gnu-toolchain/bin/../lib/gcc/avr/5.4.0/../../../../avr/lib/avr6\libm.a(divsf3x.o)
                              c:/program files (x86)/atmel/studio/7.0/toolchain/avr8/avr8-gnu-toolchain/bin/../lib/gcc/avr/5.4.0/../../../../avr/lib/avr6\libm.a(divsf3.o) (__divsf3x)
c:/program files (x86)/atmel/studio/7.0/toolchain/avr8/avr8-gnu-toolchain/bin/../lib/gcc/avr/5.4.0/../../../../avr/lib/avr6\libm.a(fixunssfsi.o)
                              src/libraries/MPU6050/MPU6050.o (__fixunssfsi)
c:/program files (x86)/atmel/studio/7.0/toolchain/avr8/avr8-gnu-toolchain/bin/../lib/gcc/avr/5.4.0/../../../../avr/lib/avr6\libm.a(floatsisf.o)
                              src/libraries/DHT_sensor_library/DHT.o (__floatunsisf)
c:/program files (x86)/atmel/studio/7.0/toolchain/avr8/avr8-gnu-toolchain/bin/../lib/gcc/avr/5.4.0/../../../../avr/lib/avr6\libm.a(fp_cmp.o)
                              c:/program files (x86)/atmel/studio/7.0/toolchain/avr8/avr8-gnu-toolchain/bin/../lib/gcc/avr/5.4.0/../../../../avr/lib/avr6\libm.a(cmpsf2.o) (__fp_cmp)
c:/program files (x86)/atmel/studio/7.0/toolchain/avr8/avr8-gnu-toolchain/bin/../lib/gcc/avr/5.4.0/../../../../avr/lib/avr6\libm.a(fp_inf.o)
                              c:/program files (x86)/atmel/studio/7.0/toolchain/avr8/avr8-gnu-toolchain/bin/../lib/gcc/avr/5.4.0/../../../../avr/lib/avr6\libm.a(addsf3x.o) (__fp_inf)
c:/program files (x86)/atmel/studio/7.0/toolchain/avr8/avr8-gnu-toolchain/bin/../lib/gcc/avr/5.4.0/../../../../avr/lib/avr6\libm.a(fp_nan.o)
                              c:/program files (x86)/atmel/studio/7.0/toolchain/avr8/avr8-gnu-toolchain/bin/../lib/gcc/avr/5.4.0/../../../../avr/lib/avr6\libm.a(addsf3x.o) (__fp_nan)
c:/program files (x86)/atmel/studio/7.0/toolchain/avr8/avr8-gnu-toolchain/bin/../lib/gcc/avr/5.4.0/../../../../avr/lib/avr6\libm.a(fp_pscA.o)
                              c:/program files (x86)/atmel/studio/7.0/toolchain/avr8/avr8-gnu-toolchain/bin/../lib/gcc/avr/5.4.0/../../../../avr/lib/avr6\libm.a(addsf3x.o) (__fp_pscA)
c:/program files (x86)/atmel/studio/7.0/toolchain/avr8/avr8-gnu-toolchain/bin/../lib/gcc/avr/5.4.0/../../../../avr/lib/avr6\libm.a(fp_pscB.o)
                              c:/program files (x86)/atmel/studio/7.0/toolchain/avr8/avr8-gnu-toolchain/bin/../lib/gcc/avr/5.4.0/../../../../avr/lib/avr6\libm.a(addsf3x.o) (__fp_pscB)
c:/program files (x86)/atmel/studio/7.0/toolchain/avr8/avr8-gnu-toolchain/bin/../lib/gcc/avr/5.4.0/../../../../avr/lib/avr6\libm.a(fp_round.o)
                              c:/program files (x86)/atmel/studio/7.0/toolchain/avr8/avr8-gnu-toolchain/bin/../lib/gcc/avr/5.4.0/../../../../avr/lib/avr6\libm.a(addsf3.o) (__fp_round)
c:/program files (x86)/atmel/studio/7.0/toolchain/avr8/avr8-gnu-toolchain/bin/../lib/gcc/avr/5.4.0/../../../../avr/lib/avr6\libm.a(fp_split3.o)
                              c:/program files (x86)/atmel/studio/7.0/toolchain/avr8/avr8-gnu-toolchain/bin/../lib/gcc/avr/5.4.0/../../../../avr/lib/avr6\libm.a(addsf3x.o) (__fp_split3)
c:/program files (x86)/atmel/studio/7.0/toolchain/avr8/avr8-gnu-toolchain/bin/../lib/gcc/avr/5.4.0/../../../../avr/lib/avr6\libm.a(fp_zero.o)
                              c:/program files (x86)/atmel/studio/7.0/toolchain/avr8/avr8-gnu-toolchain/bin/../lib/gcc/avr/5.4.0/../../../../avr/lib/avr6\libm.a(addsf3x.o) (__fp_zero)
c:/program files (x86)/atmel/studio/7.0/toolchain/avr8/avr8-gnu-toolchain/bin/../lib/gcc/avr/5.4.0/../../../../avr/lib/avr6\libm.a(gesf2.o)
                              src/libraries/DHT_sensor_library/DHT.o (__gesf2)
c:/program files (x86)/atmel/studio/7.0/toolchain/avr8/avr8-gnu-toolchain/bin/../lib/gcc/avr/5.4.0/../../../../avr/lib/avr6\libm.a(mulsf3.o)
                              src/libraries/DHT_sensor_library/DHT.o (__mulsf3)
c:/program files (x86)/atmel/studio/7.0/toolchain/avr8/avr8-gnu-toolchain/bin/../lib/gcc/avr/5.4.0/../../../../avr/lib/avr6\libm.a(mulsf3x.o)
[...]
Memory Configuration

Name             Origin             Length             Attributes
text             0x00000000         0x00040000         xr
data             0x00800200         0x00002000         rw !x
eeprom           0x00810000         0x00001000         rw !x
fuse             0x00820000         0x00000003         rw !x
lock             0x00830000         0x00000400         rw !x
signature        0x00840000         0x00000400         rw !x
user_signatures  0x00850000         0x00000400         rw !x
*default*        0x00000000         0xffffffff

Linker script and memory map

Address of section .data set to 0x800200
LOAD C:/Program Files (x86)/Atmel/Studio/7.0/Packs/atmel/ATmega_DFP/1.6.364/gcc/dev/atmega2560/avr6/crtatmega2560.o
LOAD Sketch.o
LOAD src/libraries/Adafruit_BusIO/Adafruit_BusIO_Register.o
LOAD src/libraries/Adafruit_BusIO/Adafruit_I2CDevice.o
LOAD src/libraries/Adafruit_BusIO/Adafruit_SPIDevice.o
LOAD src/libraries/Adafruit_GFX_Library/Adafruit_GFX.o
LOAD src/libraries/Adafruit_GFX_Library/Adafruit_GrayOLED.o
LOAD src/libraries/Adafruit_GFX_Library/Adafruit_SPITFT.o
LOAD src/libraries/Adafruit_GFX_Library/examples/GFXcanvas/GFXcanvasSerialDemo.o
LOAD src/libraries/Adafruit_GFX_Library/fontconvert/fontconvert.o
LOAD src/libraries/Adafruit_GFX_Library/glcdfont.o
LOAD src/libraries/Adafruit_SSD1306/Adafruit_SSD1306.o
LOAD src/libraries/Adafruit_Unified_Sensor/Adafruit_Sensor.o
LOAD src/libraries/DHT_sensor_library/DHT.o
LOAD src/libraries/DHT_sensor_library/DHT_U.o
LOAD src/libraries/DS3231/DS3231.o
LOAD src/libraries/MPU6050/MPU6050.o
LOAD src/libraries/SPI/src/SPI.o
LOAD src/libraries/Wire/src/utility/twi.o
LOAD src/libraries/Wire/src/Wire.o
START GROUP
LOAD c:/program files (x86)/atmel/studio/7.0/toolchain/avr8/avr8-gnu-toolchain/bin/../lib/gcc/avr/5.4.0/../../../../avr/lib/avr6\libm.a
LOAD C:\Users\thoma\Documents\Atmel Studio\7.0\Opgave5-1\Opgave5-1\ArduinoCore\Debug\libArduinoCore.a
END GROUP
LOAD c:/program files (x86)/atmel/studio/7.0/toolchain/avr8/avr8-gnu-toolchain/bin/../lib/gcc/avr/5.4.0/avr6\libgcc.a
LOAD c:/program files (x86)/atmel/studio/7.0/toolchain/avr8/avr8-gnu-toolchain/bin/../lib/gcc/avr/5.4.0/../../../../avr/lib/avr6\libm.a
START GROUP
LOAD c:/program files (x86)/atmel/studio/7.0/toolchain/avr8/avr8-gnu-toolchain/bin/../lib/gcc/avr/5.4.0/avr6\libgcc.a
LOAD c:/program files (x86)/atmel/studio/7.0/toolchain/avr8/avr8-gnu-toolchain/bin/../lib/gcc/avr/5.4.0/../../../../avr/lib/avr6\libm.a
LOAD c:/program files (x86)/atmel/studio/7.0/toolchain/avr8/avr8-gnu-toolchain/bin/../lib/gcc/avr/5.4.0/../../../../avr/lib/avr6\libc.a
LOAD C:/Program Files (x86)/Atmel/Studio/7.0/Packs/atmel/ATmega_DFP/1.6.364/gcc/dev/atmega2560/avr6\libatmega2560.a
END GROUP
                0x00000000                __TEXT_REGION_ORIGIN__ = DEFINED (__TEXT_REGION_ORIGIN__)?__TEXT_REGION_ORIGIN__:0x0
                [0x00800200]                __DATA_REGION_ORIGIN__ = DEFINED (__DATA_REGION_ORIGIN__)?__DATA_REGION_ORIGIN__:0x800200
                [0x00040000]                __TEXT_REGION_LENGTH__ = DEFINED (__TEXT_REGION_LENGTH__)?__TEXT_REGION_LENGTH__:0x100000
                [0x00002000]                __DATA_REGION_LENGTH__ = DEFINED (__DATA_REGION_LENGTH__)?__DATA_REGION_LENGTH__:0xfe00
                [0x00001000]                __EEPROM_REGION_LENGTH__ = DEFINED (__EEPROM_REGION_LENGTH__)?__EEPROM_REGION_LENGTH__:0x10000
                [0x00000003]                __FUSE_REGION_LENGTH__ = DEFINED (__FUSE_REGION_LENGTH__)?__FUSE_REGION_LENGTH__:0x400
                0x00000400                __LOCK_REGION_LENGTH__ = DEFINED (__LOCK_REGION_LENGTH__)?__LOCK_REGION_LENGTH__:0x400
                0x00000400                __SIGNATURE_REGION_LENGTH__ = DEFINED (__SIGNATURE_REGION_LENGTH__)?__SIGNATURE_REGION_LENGTH__:0x400
                0x00000400                __USER_SIGNATURE_REGION_LENGTH__ = DEFINED (__USER_SIGNATURE_REGION_LENGTH__)?__USER_SIGNATURE_REGION_LENGTH__:0x400

.hash
 *(.hash)

.dynsym
 *(.dynsym)

.dynstr
 *(.dynstr)

.gnu.version
 *(.gnu.version)

.gnu.version_d
 *(.gnu.version_d)

.gnu.version_r
 *(.gnu.version_r)

.rel.init
 *(.rel.init)

.rela.init
 *(.rela.init)

.rel.text
 *(.rel.text)
 *(.rel.text.*)
 *(.rel.gnu.linkonce.t*)

.rela.text
 *(.rela.text)
 *(.rela.text.*)
 *(.rela.gnu.linkonce.t*)

.rel.fini
 *(.rel.fini)

.rela.fini
 *(.rela.fini)

.rel.rodata
 *(.rel.rodata)
 *(.rel.rodata.*)
 *(.rel.gnu.linkonce.r*)

.rela.rodata
 *(.rela.rodata)
 *(.rela.rodata.*)
 *(.rela.gnu.linkonce.r*)

.rel.data
 *(.rel.data)
 *(.rel.data.*)
 *(.rel.gnu.linkonce.d*)

.rela.data
 *(.rela.data)
 *(.rela.data.*)
 *(.rela.gnu.linkonce.d*)

.rel.ctors
 *(.rel.ctors)

.rela.ctors
 *(.rela.ctors)

.rel.dtors
 *(.rel.dtors)

.rela.dtors
 *(.rela.dtors)

.rel.got
 *(.rel.got)

.rela.got
 *(.rela.got)

.rel.bss
 *(.rel.bss)

.rela.bss
 *(.rela.bss)

.rel.plt
 *(.rel.plt)

.rela.plt
 *(.rela.plt)

.text           0x00000000     0x41c8
 *(.vectors)
 .vectors       0x00000000       0xe4 C:/Program Files (x86)/Atmel/Studio/7.0/Packs/atmel/ATmega_DFP/1.6.364/gcc/dev/atmega2560/avr6/crtatmega2560.o
                0x00000000                __vector_default
                0x00000000                __vectors
 *(.vectors)
 *(.progmem.gcc*)
 .progmem.gcc_sw_table.turnOffPWM
                0x000000e4       0x24 C:\Users\thoma\Documents\Atmel Studio\7.0\Opgave5-1\Opgave5-1\ArduinoCore\Debug\libArduinoCore.a(wiring_digital.o)
                0x00000108                . = ALIGN (0x2)
                0x00000108                __trampolines_start = .
 *(.trampolines)
 .trampolines   0x00000108        0x0 linker stubs
 *(.trampolines*)
                0x00000108                __trampolines_end = .
 *libprintf_flt.a:*(.progmem.data)
 *libc.a:*(.progmem.data)
 .progmem.data  0x00000108       0xfa c:/program files (x86)/atmel/studio/7.0/toolchain/avr8/avr8-gnu-toolchain/bin/../lib/gcc/avr/5.4.0/../../../../avr/lib/avr6\libc.a(ftoa_engine.o)
 *(.progmem*)
 .progmem.data._ZL4font
                0x00000202      0x500 src/libraries/Adafruit_GFX_Library/Adafruit_GFX.o
 .progmem.data._ZZN16Adafruit_SSD130621drawFastVLineInternalEiiijE8postmask
                0x00000702        0x8 src/libraries/Adafruit_SSD1306/Adafruit_SSD1306.o
 .progmem.data._ZZN16Adafruit_SSD130621drawFastVLineInternalEiiijE7premask
                0x0000070a        0x8 src/libraries/Adafruit_SSD1306/Adafruit_SSD1306.o
 .progmem.data.digital_pin_to_timer_PGM
                0x00000712       0x46 C:\Users\thoma\Documents\Atmel Studio\7.0\Opgave5-1\Opgave5-1\ArduinoCore\Debug\libArduinoCore.a(wiring_digital.o)
                0x00000712                digital_pin_to_timer_PGM
 .progmem.data.digital_pin_to_bit_mask_PGM
                0x00000758       0x46 C:\Users\thoma\Documents\Atmel Studio\7.0\Opgave5-1\Opgave5-1\ArduinoCore\Debug\libArduinoCore.a(wiring_digital.o)
                0x00000758                digital_pin_to_bit_mask_PGM
 .progmem.data.digital_pin_to_port_PGM
                0x0000079e       0x46 C:\Users\thoma\Documents\Atmel Studio\7.0\Opgave5-1\Opgave5-1\ArduinoCore\Debug\libArduinoCore.a(wiring_digital.o)
                0x0000079e                digital_pin_to_port_PGM
 .progmem.data.port_to_input_PGM
                0x000007e4       0x1a C:\Users\thoma\Documents\Atmel Studio\7.0\Opgave5-1\Opgave5-1\ArduinoCore\Debug\libArduinoCore.a(wiring_digital.o)
                0x000007e4                port_to_input_PGM
 .progmem.data.port_to_output_PGM
                0x000007fe       0x1a C:\Users\thoma\Documents\Atmel Studio\7.0\Opgave5-1\Opgave5-1\ArduinoCore\Debug\libArduinoCore.a(wiring_digital.o)
                0x000007fe                port_to_output_PGM
 .progmem.data.port_to_mode_PGM
                0x00000818       0x1a C:\Users\thoma\Documents\Atmel Studio\7.0\Opgave5-1\Opgave5-1\ArduinoCore\Debug\libArduinoCore.a(wiring_digital.o)
                0x00000818                port_to_mode_PGM
                0x00000832                . = ALIGN (0x2)
 *(.jumptables)
 *(.jumptables*)
 *(.lowtext)
 *(.lowtext*)
                0x00000832                __ctors_start = .
 *(.ctors)
 .ctors         0x00000832        0x2 Sketch.o
 .ctors         0x00000834        0x2 src/libraries/Wire/src/Wire.o
 .ctors         0x00000836        0x2 C:\Users\thoma\Documents\Atmel Studio\7.0\Opgave5-1\Opgave5-1\ArduinoCore\Debug\libArduinoCore.a(HardwareSerial0.o)
                0x00000838                __ctors_end = .
                0x00000838                __dtors_start = .
 *(.dtors)
 .dtors         0x00000838        0x2 Sketch.o
                0x0000083a                __dtors_end = .
 SORT(*)(.ctors)
 SORT(*)(.dtors)
 *(.init0)
 .init0         0x0000083a        0x0 C:/Program Files (x86)/Atmel/Studio/7.0/Packs/atmel/ATmega_DFP/1.6.364/gcc/dev/atmega2560/avr6/crtatmega2560.o
                0x0000083a                __init
 *(.init0)
 *(.init1)
 *(.init1)
 *(.init2)
 .init2         0x0000083a       0x10 C:/Program Files (x86)/Atmel/Studio/7.0/Packs/atmel/ATmega_DFP/1.6.364/gcc/dev/atmega2560/avr6/crtatmega2560.o
 *(.init2)
 *(.init3)
 *(.init3)
 *(.init4)
 .init4         0x0000084a       0x1a c:/program files (x86)/atmel/studio/7.0/toolchain/avr8/avr8-gnu-toolchain/bin/../lib/gcc/avr/5.4.0/avr6\libgcc.a(_copy_data.o)
                0x0000084a                __do_copy_data
 .init4         0x00000864       0x10 c:/program files (x86)/atmel/studio/7.0/toolchain/avr8/avr8-gnu-toolchain/bin/../lib/gcc/avr/5.4.0/avr6\libgcc.a(_clear_bss.o)
                0x00000864                __do_clear_bss
 *(.init4)
 *(.init5)
 *(.init5)
 *(.init6)
 .init6         0x00000874       0x20 c:/program files (x86)/atmel/studio/7.0/toolchain/avr8/avr8-gnu-toolchain/bin/../lib/gcc/avr/5.4.0/avr6\libgcc.a(_ctors.o)
                0x00000874                __do_global_ctors
 *(.init6)
 *(.init7)
 *(.init7)
 *(.init8)
 *(.init8)
 *(.init9)
 .init9         0x00000894        0x8 C:/Program Files (x86)/Atmel/Studio/7.0/Packs/atmel/ATmega_DFP/1.6.364/gcc/dev/atmega2560/avr6/crtatmega2560.o
 *(.init9)
 *(.text)
 .text          0x0000089c        0x2 C:/Program Files (x86)/Atmel/Studio/7.0/Packs/atmel/ATmega_DFP/1.6.364/gcc/dev/atmega2560/avr6/crtatmega2560.o
                0x0000089c                __vector_38
                0x0000089c                __vector_22
                0x0000089c                __vector_28
                0x0000089c                __vector_1
                0x0000089c                __vector_32
                0x0000089c                __vector_34
                0x0000089c                __vector_24
                0x0000089c                __vector_12
                0x0000089c                __vector_55
                0x0000089c                __vector_46
                0x0000089c                __bad_interrupt
                0x0000089c                __vector_6
                0x0000089c                __vector_31
                0x0000089c                __vector_35
                0x0000089c                __vector_3
                0x0000089c                __vector_30
                0x0000089c                __vector_45
                0x0000089c                __vector_11
                0x0000089c                __vector_54
                0x0000089c                __vector_13
                0x0000089c                __vector_17
                0x0000089c                __vector_19
                0x0000089c                __vector_56
                0x0000089c                __vector_7
                0x0000089c                __vector_49
                0x0000089c                __vector_41
                0x0000089c                __vector_43
                0x0000089c                __vector_27
                0x0000089c                __vector_5
                0x0000089c                __vector_33
                0x0000089c                __vector_47
                0x0000089c                __vector_52
                0x0000089c                __vector_37
                0x0000089c                __vector_4
                0x0000089c                __vector_44
                0x0000089c                __vector_51
                0x0000089c                __vector_9
                0x0000089c                __vector_2
                0x0000089c                __vector_21
                0x0000089c                __vector_15
                0x0000089c                __vector_36
                0x0000089c                __vector_29
                0x0000089c                __vector_40
                0x0000089c                __vector_8
                0x0000089c                __vector_48
                0x0000089c                __vector_14
                0x0000089c                __vector_53
                0x0000089c                __vector_10
                0x0000089c                __vector_50
                0x0000089c                __vector_16
                0x0000089c                __vector_18
                0x0000089c                __vector_20
                0x0000089c                __vector_42
                0x0000089e                . = ALIGN (0x2)
 *(.text.*)
 .text.setup    0x0000089e       0x24 Sketch.o
                0x0000089e                setup
 .text._Z10I2CScannerv
                0x000008c2       0xc8 Sketch.o
                0x000008c2                _Z10I2CScannerv
 .text.loop     0x0000098a       0xec Sketch.o
                0x0000098a                loop
 .text.startup._GLOBAL__sub_I_display
                0x00000a76       0x5e Sketch.o
 .text.exit._GLOBAL__sub_D_display
                0x00000ad4        0x6 Sketch.o
 .text._ZN8SPIClass16beginTransactionE11SPISettings
                0x00000ada       0x34 src/libraries/Adafruit_BusIO/Adafruit_SPIDevice.o
                0x00000ada                _ZN8SPIClass16beginTransactionE11SPISettings
 .text._ZN8SPIClass14endTransactionEv
                0x00000b0e       0x22 src/libraries/Adafruit_BusIO/Adafruit_SPIDevice.o
                0x00000b0e                _ZN8SPIClass14endTransactionEv
 .text._ZN5Print17availableForWriteEv
                0x00000b30        0x6 src/libraries/Adafruit_GFX_Library/Adafruit_GFX.o
                0x00000b30                _ZN5Print17availableForWriteEv
 .text._ZN5Print5flushEv
                0x00000b36        0x2 src/libraries/Adafruit_GFX_Library/Adafruit_GFX.o
                0x00000b36                _ZN5Print5flushEv
 .text._ZN12Adafruit_GFX9writeLineEiiiij
                0x00000b38      0x162 src/libraries/Adafruit_GFX_Library/Adafruit_GFX.o
                0x00000b38                _ZN12Adafruit_GFX9writeLineEiiiij
 .text._ZN12Adafruit_GFX10writePixelEiij
                0x00000c9a        0xe src/libraries/Adafruit_GFX_Library/Adafruit_GFX.o
                0x00000c9a                _ZN12Adafruit_GFX10writePixelEiij
 .text._ZN12Adafruit_GFX14writeFastVLineEiiij
                0x00000ca8       0x18 src/libraries/Adafruit_GFX_Library/Adafruit_GFX.o
                0x00000ca8                _ZN12Adafruit_GFX14writeFastVLineEiiij
 .text._ZN12Adafruit_GFX14writeFastHLineEiiij
                0x00000cc0       0x18 src/libraries/Adafruit_GFX_Library/Adafruit_GFX.o
                0x00000cc0                _ZN12Adafruit_GFX14writeFastHLineEiiij
 .text._ZN12Adafruit_GFX13writeFillRectEiiiij
                0x00000cd8       0x20 src/libraries/Adafruit_GFX_Library/Adafruit_GFX.o
                0x00000cd8                _ZN12Adafruit_GFX13writeFillRectEiiiij
 .text._ZN12Adafruit_GFX8endWriteEv
                0x00000cf8        0x2 src/libraries/Adafruit_GFX_Library/Adafruit_GFX.o
                0x00000cf8                _ZN12Adafruit_GFX10startWriteEv
                0x00000cf8                _ZN12Adafruit_GFX8endWriteEv
 .text._ZN12Adafruit_GFX13drawFastVLineEiiij
                0x00000cfa       0x72 src/libraries/Adafruit_GFX_Library/Adafruit_GFX.o
                0x00000cfa                _ZN12Adafruit_GFX13drawFastVLineEiiij
 .text._ZN12Adafruit_GFX13drawFastHLineEiiij
                0x00000d6c       0x72 src/libraries/Adafruit_GFX_Library/Adafruit_GFX.o
                0x00000d6c                _ZN12Adafruit_GFX13drawFastHLineEiiij
 .text._ZN12Adafruit_GFX8fillRectEiiiij
                0x00000dde       0x8a src/libraries/Adafruit_GFX_Library/Adafruit_GFX.o
                0x00000dde                _ZN12Adafruit_GFX8fillRectEiiiij
 .text._ZN12Adafruit_GFX10fillScreenEj
                0x00000e68       0x3a src/libraries/Adafruit_GFX_Library/Adafruit_GFX.o
                0x00000e68                _ZN12Adafruit_GFX10fillScreenEj
 .text._ZN12Adafruit_GFX8drawLineEiiiij
                0x00000ea2       0xda src/libraries/Adafruit_GFX_Library/Adafruit_GFX.o
                0x00000ea2                _ZN12Adafruit_GFX8drawLineEiiiij
 .text._ZN12Adafruit_GFX8drawRectEiiiij
                0x00000f7c       0xbe src/libraries/Adafruit_GFX_Library/Adafruit_GFX.o
                0x00000f7c                _ZN12Adafruit_GFX8drawRectEiiiij
 .text._ZN12Adafruit_GFX13invertDisplayEb
                0x0000103a        0x2 src/libraries/Adafruit_GFX_Library/Adafruit_GFX.o
                0x0000103a                _ZN12Adafruit_GFX13invertDisplayEb
 .text._ZN12Adafruit_GFX11setRotationEh
                0x0000103c       0x2a src/libraries/Adafruit_GFX_Library/Adafruit_GFX.o
                0x0000103c                _ZN12Adafruit_GFX11setRotationEh
 .text._ZN12Adafruit_GFXC2Eii
                0x00001066       0x44 src/libraries/Adafruit_GFX_Library/Adafruit_GFX.o
                0x00001066                _ZN12Adafruit_GFXC2Eii
                0x00001066                _ZN12Adafruit_GFXC1Eii
 .text._ZN12Adafruit_GFX8drawCharEiihjjhh
                0x000010aa      0x46a src/libraries/Adafruit_GFX_Library/Adafruit_GFX.o
                0x000010aa                _ZN12Adafruit_GFX8drawCharEiihjjhh
 .text._ZN12Adafruit_GFX5writeEh
                0x00001514      0x1ac src/libraries/Adafruit_GFX_Library/Adafruit_GFX.o
                0x00001514                _ZN12Adafruit_GFX5writeEh
 .text._ZN16Adafruit_SSD13069drawPixelEiij
                0x000016c0      0x17a src/libraries/Adafruit_SSD1306/Adafruit_SSD1306.o
                0x000016c0                _ZN16Adafruit_SSD13069drawPixelEiij
 .text._ZN8SPIClass8transferEh
                0x0000183a        0xe src/libraries/Adafruit_SSD1306/Adafruit_SSD1306.o
                0x0000183a                _ZN8SPIClass8transferEh
 .text._ZN16Adafruit_SSD1306C2EhhP7TwoWireamm
                0x00001848       0x94 src/libraries/Adafruit_SSD1306/Adafruit_SSD1306.o
                0x00001848                _ZN16Adafruit_SSD1306C2EhhP7TwoWireamm
                0x00001848                _ZN16Adafruit_SSD1306C1EhhP7TwoWireamm
 .text._ZN16Adafruit_SSD1306D2Ev
                0x000018dc       0x18 src/libraries/Adafruit_SSD1306/Adafruit_SSD1306.o
                0x000018dc                _ZN16Adafruit_SSD1306D1Ev
                0x000018dc                _ZN16Adafruit_SSD1306D2Ev
 .text._ZN16Adafruit_SSD130616ssd1306_command1Eh
                0x000018f4       0xc0 src/libraries/Adafruit_SSD1306/Adafruit_SSD1306.o
                0x000018f4                _ZN16Adafruit_SSD130616ssd1306_command1Eh
 .text._ZN16Adafruit_SSD130613invertDisplayEb
                0x000019b4       0x84 src/libraries/Adafruit_SSD1306/Adafruit_SSD1306.o
                0x000019b4                _ZN16Adafruit_SSD130613invertDisplayEb
 .text._ZN16Adafruit_SSD130621drawFastHLineInternalEiiij
                0x00001a38       0xe0 src/libraries/Adafruit_SSD1306/Adafruit_SSD1306.o
                0x00001a38                _ZN16Adafruit_SSD130621drawFastHLineInternalEiiij
 .text._ZN16Adafruit_SSD130621drawFastVLineInternalEiiij
                0x00001b18      0x16a src/libraries/Adafruit_SSD1306/Adafruit_SSD1306.o
                0x00001b18                _ZN16Adafruit_SSD130621drawFastVLineInternalEiiij
 .text._ZN16Adafruit_SSD130613drawFastHLineEiiij
                0x00001c82       0x7e src/libraries/Adafruit_SSD1306/Adafruit_SSD1306.o
                0x00001c82                _ZN16Adafruit_SSD130613drawFastHLineEiiij
 .text._ZN16Adafruit_SSD130613drawFastVLineEiiij
                0x00001d00       0x80 src/libraries/Adafruit_SSD1306/Adafruit_SSD1306.o
                0x00001d00                _ZN16Adafruit_SSD130613drawFastVLineEiiij
 .text._ZN3DHTC2Ehhh
                0x00001d80       0x42 src/libraries/DHT_sensor_library/DHT.o
                0x00001d80                _ZN3DHTC1Ehhh
                0x00001d80                _ZN3DHTC2Ehhh
 .text._ZN3DHT5beginEh
                0x00001dc2       0x34 src/libraries/DHT_sensor_library/DHT.o
                0x00001dc2                _ZN3DHT5beginEh
 .text._ZN3DHT11expectPulseEb
                0x00001df6       0x7a src/libraries/DHT_sensor_library/DHT.o
                0x00001df6                _ZN3DHT11expectPulseEb
 .text._ZN3DHT4readEb
                0x00001e70      0x1f6 src/libraries/DHT_sensor_library/DHT.o
                0x00001e70                _ZN3DHT4readEb
 .text._ZN3DHT15readTemperatureEbb
                0x00002066      0x10e src/libraries/DHT_sensor_library/DHT.o
                0x00002066                _ZN3DHT15readTemperatureEbb
 .text._ZN3DHT12readHumidityEb
                0x00002174       0x84 src/libraries/DHT_sensor_library/DHT.o
                0x00002174                _ZN3DHT12readHumidityEb
 .text.twi_init
                0x000021f8       0x3c src/libraries/Wire/src/utility/twi.o
                0x000021f8                twi_init
 .text.twi_disable
                0x00002234       0x1a src/libraries/Wire/src/utility/twi.o
                0x00002234                twi_disable
 .text.twi_setFrequency
                0x0000224e       0x28 src/libraries/Wire/src/utility/twi.o
                0x0000224e                twi_setFrequency
 .text.twi_transmit
                0x00002276       0x50 src/libraries/Wire/src/utility/twi.o
                0x00002276                twi_transmit
 .text.twi_attachSlaveRxEvent
                0x000022c6        0xa src/libraries/Wire/src/utility/twi.o
                0x000022c6                twi_attachSlaveRxEvent
 .text.twi_attachSlaveTxEvent
                0x000022d0        0xa src/libraries/Wire/src/utility/twi.o
                0x000022d0                twi_attachSlaveTxEvent
 .text.twi_releaseBus
                0x000022da        0xc src/libraries/Wire/src/utility/twi.o
                0x000022da                twi_releaseBus
 .text.twi_handleTimeout
                0x000022e6       0x28 src/libraries/Wire/src/utility/twi.o
                0x000022e6                twi_handleTimeout
 .text.twi_writeTo
                0x0000230e      0x1d2 src/libraries/Wire/src/utility/twi.o
                0x0000230e                twi_writeTo
 .text.twi_stop
                0x000024e0       0x6e src/libraries/Wire/src/utility/twi.o
                0x000024e0                twi_stop
 .text.__vector_39
                0x0000254e      0x25c src/libraries/Wire/src/utility/twi.o
                0x0000254e                __vector_39
 .text._ZN7TwoWire9availableEv
                0x000027aa       0x10 src/libraries/Wire/src/Wire.o
                0x000027aa                _ZN7TwoWire9availableEv
 .text._ZN7TwoWire4readEv
                0x000027ba       0x28 src/libraries/Wire/src/Wire.o
                0x000027ba                _ZN7TwoWire4readEv
 .text._ZN7TwoWire4peekEv
                0x000027e2       0x1e src/libraries/Wire/src/Wire.o
                0x000027e2                _ZN7TwoWire4peekEv
 .text._ZN7TwoWire5flushEv
                0x00002800        0x2 src/libraries/Wire/src/Wire.o
                0x00002800                _ZN7TwoWire5flushEv
 .text._ZN7TwoWire16onReceiveServiceEPhi
                0x00002802       0x54 src/libraries/Wire/src/Wire.o
                0x00002802                _ZN7TwoWire16onReceiveServiceEPhi
 .text._ZN7TwoWire16onRequestServiceEv
                0x00002856       0x18 src/libraries/Wire/src/Wire.o
                0x00002856                _ZN7TwoWire16onRequestServiceEv
 .text._ZN7TwoWire5writeEPKhj
                0x0000286e       0x58 src/libraries/Wire/src/Wire.o
                0x0000286e                _ZN7TwoWire5writeEPKhj
 .text._ZN7TwoWire5writeEh
                0x000028c6       0x5c src/libraries/Wire/src/Wire.o
                0x000028c6                _ZN7TwoWire5writeEh
 .text._ZN7TwoWireC2Ev
                0x00002922       0x20 src/libraries/Wire/src/Wire.o
                0x00002922                _ZN7TwoWireC1Ev
                0x00002922                _ZN7TwoWireC2Ev
 .text._ZN7TwoWire5beginEv
                0x00002942       0x1e src/libraries/Wire/src/Wire.o
                0x00002942                _ZN7TwoWire5beginEv
 .text._ZN7TwoWire8setClockEm
                0x00002960        0x6 src/libraries/Wire/src/Wire.o
                0x00002960                _ZN7TwoWire8setClockEm
 .text._ZN7TwoWire17beginTransmissionEh
                0x00002966       0x14 src/libraries/Wire/src/Wire.o
                0x00002966                _ZN7TwoWire17beginTransmissionEh
 .text._ZN7TwoWire17beginTransmissionEi
                0x0000297a        0x2 src/libraries/Wire/src/Wire.o
                0x0000297a                _ZN7TwoWire17beginTransmissionEi
 .text._ZN7TwoWire15endTransmissionEh
                0x0000297c       0x24 src/libraries/Wire/src/Wire.o
                0x0000297c                _ZN7TwoWire15endTransmissionEh
 .text._ZN7TwoWire15endTransmissionEv
                0x000029a0        0x4 src/libraries/Wire/src/Wire.o
                0x000029a0                _ZN7TwoWire15endTransmissionEv
 .text.startup._GLOBAL__sub_I__ZN7TwoWire8rxBufferE
                0x000029a4        0x6 src/libraries/Wire/src/Wire.o
 .text.avr-libc.fplib
                0x000029aa        0xa c:/program files (x86)/atmel/studio/7.0/toolchain/avr8/avr8-gnu-toolchain/bin/../lib/gcc/avr/5.4.0/../../../../avr/lib/avr6\libm.a(addsf3.o)
                0x000029aa                __subsf3
                0x000029ac                __addsf3
 .text.avr-libc.fplib
                0x000029b4       0xc0 c:/program files (x86)/atmel/studio/7.0/toolchain/avr8/avr8-gnu-toolchain/bin/../lib/gcc/avr/5.4.0/../../../../avr/lib/avr6\libm.a(addsf3x.o)
                0x000029ce                __addsf3x
 .text.avr-libc.fplib
                0x00002a74       0x7a c:/program files (x86)/atmel/studio/7.0/toolchain/avr8/avr8-gnu-toolchain/bin/../lib/gcc/avr/5.4.0/../../../../avr/lib/avr6\libm.a(floatsisf.o)
                0x00002a74                __floatunsisf
                0x00002a78                __floatsisf
 .text.avr-libc.fplib
                0x00002aee        0xc c:/program files (x86)/atmel/studio/7.0/toolchain/avr8/avr8-gnu-toolchain/bin/../lib/gcc/avr/5.4.0/../../../../avr/lib/avr6\libm.a(fp_inf.o)
                0x00002aee                __fp_inf
 .text.avr-libc.fplib
                0x00002afa        0x6 c:/program files (x86)/atmel/studio/7.0/toolchain/avr8/avr8-gnu-toolchain/bin/../lib/gcc/avr/5.4.0/../../../../avr/lib/avr6\libm.a(fp_nan.o)
                0x00002afa                __fp_nan
 .text.avr-libc.fplib
                0x00002b00        0xe c:/program files (x86)/atmel/studio/7.0/toolchain/avr8/avr8-gnu-toolchain/bin/../lib/gcc/avr/5.4.0/../../../../avr/lib/avr6\libm.a(fp_pscA.o)
                0x00002b00                __fp_pscA
 .text.avr-libc.fplib
                0x00002b0e        0xe c:/program files (x86)/atmel/studio/7.0/toolchain/avr8/avr8-gnu-toolchain/bin/../lib/gcc/avr/5.4.0/../../../../avr/lib/avr6\libm.a(fp_pscB.o)
                0x00002b0e                __fp_pscB
 .text.avr-libc.fplib
                0x00002b1c       0x22 c:/program files (x86)/atmel/studio/7.0/toolchain/avr8/avr8-gnu-toolchain/bin/../lib/gcc/avr/5.4.0/../../../../avr/lib/avr6\libm.a(fp_round.o)
                0x00002b1c                __fp_round
 .text.avr-libc.fplib
                0x00002b3e       0x44 c:/program files (x86)/atmel/studio/7.0/toolchain/avr8/avr8-gnu-toolchain/bin/../lib/gcc/avr/5.4.0/../../../../avr/lib/avr6\libm.a(fp_split3.o)
                0x00002b3e                __fp_split3
                0x00002b4e                __fp_splitA
 .text.avr-libc.fplib
                0x00002b82        0xe c:/program files (x86)/atmel/studio/7.0/toolchain/avr8/avr8-gnu-toolchain/bin/../lib/gcc/avr/5.4.0/../../../../avr/lib/avr6\libm.a(fp_zero.o)
                0x00002b82                __fp_zero
                0x00002b84                __fp_szero
 .text.avr-libc.fplib
                0x00002b90        0x4 c:/program files (x86)/atmel/studio/7.0/toolchain/avr8/avr8-gnu-toolchain/bin/../lib/gcc/avr/5.4.0/../../../../avr/lib/avr6\libm.a(mulsf3.o)
                0x00002b90                __mulsf3
 .text.avr-libc.fplib
                0x00002b94       0xc2 c:/program files (x86)/atmel/studio/7.0/toolchain/avr8/avr8-gnu-toolchain/bin/../lib/gcc/avr/5.4.0/../../../../avr/lib/avr6\libm.a(mulsf3x.o)
                0x00002ba8                __mulsf3x
                0x00002bac                __mulsf3_pse
 .text.__cxa_pure_virtual
                0x00002c56        0x4 C:\Users\thoma\Documents\Atmel Studio\7.0\Opgave5-1\Opgave5-1\ArduinoCore\Debug\libArduinoCore.a(abi.o)
                0x00002c56                __cxa_pure_virtual
 .text._ZN14HardwareSerial9availableEv
                0x00002c5a       0x18 C:\Users\thoma\Documents\Atmel Studio\7.0\Opgave5-1\Opgave5-1\ArduinoCore\Debug\libArduinoCore.a(HardwareSerial.o)
                0x00002c5a                _ZN14HardwareSerial9availableEv
 .text._ZN14HardwareSerial4peekEv
                0x00002c72       0x1c C:\Users\thoma\Documents\Atmel Studio\7.0\Opgave5-1\Opgave5-1\ArduinoCore\Debug\libArduinoCore.a(HardwareSerial.o)
                0x00002c72                _ZN14HardwareSerial4peekEv
 .text._ZN14HardwareSerial4readEv
                0x00002c8e       0x28 C:\Users\thoma\Documents\Atmel Studio\7.0\Opgave5-1\Opgave5-1\ArduinoCore\Debug\libArduinoCore.a(HardwareSerial.o)
                0x00002c8e                _ZN14HardwareSerial4readEv
 .text._ZN14HardwareSerial17availableForWriteEv
                0x00002cb6       0x1e C:\Users\thoma\Documents\Atmel Studio\7.0\Opgave5-1\Opgave5-1\ArduinoCore\Debug\libArduinoCore.a(HardwareSerial.o)
                0x00002cb6                _ZN14HardwareSerial17availableForWriteEv
 .text._Z14serialEventRunv
                0x00002cd4       0x78 C:\Users\thoma\Documents\Atmel Studio\7.0\Opgave5-1\Opgave5-1\ArduinoCore\Debug\libArduinoCore.a(HardwareSerial.o)
                0x00002cd4                _Z14serialEventRunv
 .text._ZN14HardwareSerial17_tx_udr_empty_irqEv
                0x00002d4c       0x44 C:\Users\thoma\Documents\Atmel Studio\7.0\Opgave5-1\Opgave5-1\ArduinoCore\Debug\libArduinoCore.a(HardwareSerial.o)
                0x00002d4c                _ZN14HardwareSerial17_tx_udr_empty_irqEv
 .text._ZN14HardwareSerial5writeEh
                0x00002d90       0x98 C:\Users\thoma\Documents\Atmel Studio\7.0\Opgave5-1\Opgave5-1\ArduinoCore\Debug\libArduinoCore.a(HardwareSerial.o)
                0x00002d90                _ZN14HardwareSerial5writeEh
 .text._ZN14HardwareSerial5flushEv
                0x00002e28       0x42 C:\Users\thoma\Documents\Atmel Studio\7.0\Opgave5-1\Opgave5-1\ArduinoCore\Debug\libArduinoCore.a(HardwareSerial.o)
                0x00002e28                _ZN14HardwareSerial5flushEv
 .text._ZN14HardwareSerial5beginEmh
                0x00002e6a       0xc6 C:\Users\thoma\Documents\Atmel Studio\7.0\Opgave5-1\Opgave5-1\ArduinoCore\Debug\libArduinoCore.a(HardwareSerial.o)
                0x00002e6a                _ZN14HardwareSerial5beginEmh
 .text.__vector_25
                0x00002f30       0x6c C:\Users\thoma\Documents\Atmel Studio\7.0\Opgave5-1\Opgave5-1\ArduinoCore\Debug\libArduinoCore.a(HardwareSerial0.o)
                0x00002f30                __vector_25
 .text.__vector_26
                0x00002f9c       0x52 C:\Users\thoma\Documents\Atmel Studio\7.0\Opgave5-1\Opgave5-1\ArduinoCore\Debug\libArduinoCore.a(HardwareSerial0.o)
                0x00002f9c                __vector_26
 .text._Z17Serial0_availablev
                0x00002fee       0x12 C:\Users\thoma\Documents\Atmel Studio\7.0\Opgave5-1\Opgave5-1\ArduinoCore\Debug\libArduinoCore.a(HardwareSerial0.o)
                0x00002fee                _Z17Serial0_availablev
 .text.startup._GLOBAL__sub_I___vector_25
                0x00003000       0x5a C:\Users\thoma\Documents\Atmel Studio\7.0\Opgave5-1\Opgave5-1\ArduinoCore\Debug\libArduinoCore.a(HardwareSerial0.o)
 .text.initVariant
                0x0000305a        0x2 C:\Users\thoma\Documents\Atmel Studio\7.0\Opgave5-1\Opgave5-1\ArduinoCore\Debug\libArduinoCore.a(main.o)
                0x0000305a                initVariant
 .text.startup.main
                0x0000305c       0x18 C:\Users\thoma\Documents\Atmel Studio\7.0\Opgave5-1\Opgave5-1\ArduinoCore\Debug\libArduinoCore.a(main.o)
                0x0000305c                main
 .text._ZN5Print5writeEPKhj
                0x00003074       0x54 C:\Users\thoma\Documents\Atmel Studio\7.0\Opgave5-1\Opgave5-1\ArduinoCore\Debug\libArduinoCore.a(Print.o)
                0x00003074                _ZN5Print5writeEPKhj
 .text._ZN5Print5writeEPKc
                0x000030c8       0x2a C:\Users\thoma\Documents\Atmel Studio\7.0\Opgave5-1\Opgave5-1\ArduinoCore\Debug\libArduinoCore.a(Print.o)
                0x000030c8                _ZN5Print5writeEPKc
 .text._ZN5Print5printERK6String
                0x000030f2       0x1c C:\Users\thoma\Documents\Atmel Studio\7.0\Opgave5-1\Opgave5-1\ArduinoCore\Debug\libArduinoCore.a(Print.o)
                0x000030f2                _ZN5Print5printERK6String
 .text._ZN5Print5printEPKc
                0x0000310e        0x2 C:\Users\thoma\Documents\Atmel Studio\7.0\Opgave5-1\Opgave5-1\ArduinoCore\Debug\libArduinoCore.a(Print.o)
                0x0000310e                _ZN5Print5printEPKc
 .text._ZN5Print7printlnEv
                0x00003110        0x6 C:\Users\thoma\Documents\Atmel Studio\7.0\Opgave5-1\Opgave5-1\ArduinoCore\Debug\libArduinoCore.a(Print.o)
                0x00003110                _ZN5Print7printlnEv
 .text._ZN5Print7printlnERK6String
                0x00003116       0x20 C:\Users\thoma\Documents\Atmel Studio\7.0\Opgave5-1\Opgave5-1\ArduinoCore\Debug\libArduinoCore.a(Print.o)
                0x00003116                _ZN5Print7printlnERK6String
 .text._ZN5Print7printlnEPKc
                0x00003136       0x20 C:\Users\thoma\Documents\Atmel Studio\7.0\Opgave5-1\Opgave5-1\ArduinoCore\Debug\libArduinoCore.a(Print.o)
                0x00003136                _ZN5Print7printlnEPKc
 .text._ZN5Print11printNumberEmh
                0x00003156       0x8e C:\Users\thoma\Documents\Atmel Studio\7.0\Opgave5-1\Opgave5-1\ArduinoCore\Debug\libArduinoCore.a(Print.o)
                0x00003156                _ZN5Print11printNumberEmh
 .text._ZN5Print5printEmi
                0x000031e4       0x18 C:\Users\thoma\Documents\Atmel Studio\7.0\Opgave5-1\Opgave5-1\ArduinoCore\Debug\libArduinoCore.a(Print.o)
                0x000031e4                _ZN5Print5printEmi
 .text._ZN5Print5printEhi
                0x000031fc        0xc C:\Users\thoma\Documents\Atmel Studio\7.0\Opgave5-1\Opgave5-1\ArduinoCore\Debug\libArduinoCore.a(Print.o)
                0x000031fc                _ZN5Print5printEhi
 .text._ZN5Print7printlnEhi
                0x00003208       0x20 C:\Users\thoma\Documents\Atmel Studio\7.0\Opgave5-1\Opgave5-1\ArduinoCore\Debug\libArduinoCore.a(Print.o)
                0x00003208                _ZN5Print7printlnEhi
 .text.__vector_23
                0x00003228       0x94 C:\Users\thoma\Documents\Atmel Studio\7.0\Opgave5-1\Opgave5-1\ArduinoCore\Debug\libArduinoCore.a(wiring.o)
                0x00003228                __vector_23
 .text.millis   0x000032bc       0x18 C:\Users\thoma\Documents\Atmel Studio\7.0\Opgave5-1\Opgave5-1\ArduinoCore\Debug\libArduinoCore.a(wiring.o)
                0x000032bc                millis
 .text.micros   0x000032d4       0x4a C:\Users\thoma\Documents\Atmel Studio\7.0\Opgave5-1\Opgave5-1\ArduinoCore\Debug\libArduinoCore.a(wiring.o)
                0x000032d4                micros
 .text.delay    0x0000331e       0x72 C:\Users\thoma\Documents\Atmel Studio\7.0\Opgave5-1\Opgave5-1\ArduinoCore\Debug\libArduinoCore.a(wiring.o)
                0x0000331e                delay
 .text.delayMicroseconds
                0x00003390       0x16 C:\Users\thoma\Documents\Atmel Studio\7.0\Opgave5-1\Opgave5-1\ArduinoCore\Debug\libArduinoCore.a(wiring.o)
                0x00003390                delayMicroseconds
 .text.init     0x000033a6       0xc4 C:\Users\thoma\Documents\Atmel Studio\7.0\Opgave5-1\Opgave5-1\ArduinoCore\Debug\libArduinoCore.a(wiring.o)
                0x000033a6                init
 .text.turnOffPWM
                0x0000346a       0xaa C:\Users\thoma\Documents\Atmel Studio\7.0\Opgave5-1\Opgave5-1\ArduinoCore\Debug\libArduinoCore.a(wiring_digital.o)
 .text.pinMode  0x00003514       0x78 C:\Users\thoma\Documents\Atmel Studio\7.0\Opgave5-1\Opgave5-1\ArduinoCore\Debug\libArduinoCore.a(wiring_digital.o)
                0x00003514                pinMode
 .text.digitalWrite
                0x0000358c       0x5c C:\Users\thoma\Documents\Atmel Studio\7.0\Opgave5-1\Opgave5-1\ArduinoCore\Debug\libArduinoCore.a(wiring_digital.o)
                0x0000358c                digitalWrite
 .text._ZN6StringD2Ev
                0x000035e8        0xe C:\Users\thoma\Documents\Atmel Studio\7.0\Opgave5-1\Opgave5-1\ArduinoCore\Debug\libArduinoCore.a(WString.o)
                0x000035e8                _ZN6StringD2Ev
                0x000035e8                _ZN6StringD1Ev
 .text._ZN6String10invalidateEv
                0x000035f6       0x22 C:\Users\thoma\Documents\Atmel Studio\7.0\Opgave5-1\Opgave5-1\ArduinoCore\Debug\libArduinoCore.a(WString.o)
                0x000035f6                _ZN6String10invalidateEv
 .text._ZN6String12changeBufferEj
                0x00003618       0x32 C:\Users\thoma\Documents\Atmel Studio\7.0\Opgave5-1\Opgave5-1\ArduinoCore\Debug\libArduinoCore.a(WString.o)
                0x00003618                _ZN6String12changeBufferEj
 .text._ZN6String7reserveEj
                0x0000364a       0x36 C:\Users\thoma\Documents\Atmel Studio\7.0\Opgave5-1\Opgave5-1\ArduinoCore\Debug\libArduinoCore.a(WString.o)
                0x0000364a                _ZN6String7reserveEj
 .text._ZN6String4copyEPKcj
                0x00003680       0x3c C:\Users\thoma\Documents\Atmel Studio\7.0\Opgave5-1\Opgave5-1\ArduinoCore\Debug\libArduinoCore.a(WString.o)
                0x00003680                _ZN6String4copyEPKcj
 .text._ZN6StringC2EPKc
                0x000036bc       0x28 C:\Users\thoma\Documents\Atmel Studio\7.0\Opgave5-1\Opgave5-1\ArduinoCore\Debug\libArduinoCore.a(WString.o)
                0x000036bc                _ZN6StringC2EPKc
                0x000036bc                _ZN6StringC1EPKc
 .text._ZN6StringaSERKS_
                0x000036e4       0x2a C:\Users\thoma\Documents\Atmel Studio\7.0\Opgave5-1\Opgave5-1\ArduinoCore\Debug\libArduinoCore.a(WString.o)
                0x000036e4                _ZN6StringaSERKS_
 .text._ZN6StringC2ERKS_
                0x0000370e       0x10 C:\Users\thoma\Documents\Atmel Studio\7.0\Opgave5-1\Opgave5-1\ArduinoCore\Debug\libArduinoCore.a(WString.o)
                0x0000370e                _ZN6StringC2ERKS_
                0x0000370e                _ZN6StringC1ERKS_
 .text._ZN6StringaSEPKc
                0x0000371e       0x2a C:\Users\thoma\Documents\Atmel Studio\7.0\Opgave5-1\Opgave5-1\ArduinoCore\Debug\libArduinoCore.a(WString.o)
                0x0000371e                _ZN6StringaSEPKc
 .text._ZN6StringC2Efh
                0x00003748       0x5c C:\Users\thoma\Documents\Atmel Studio\7.0\Opgave5-1\Opgave5-1\ArduinoCore\Debug\libArduinoCore.a(WString.o)
                0x00003748                _ZN6StringC2Efh
                0x00003748                _ZN6StringC1Efh
 .text._ZN6String6concatEPKcj
                0x000037a4       0x58 C:\Users\thoma\Documents\Atmel Studio\7.0\Opgave5-1\Opgave5-1\ArduinoCore\Debug\libArduinoCore.a(WString.o)
                0x000037a4                _ZN6String6concatEPKcj
 .text._ZplRK15StringSumHelperRK6String
                0x000037fc       0x22 C:\Users\thoma\Documents\Atmel Studio\7.0\Opgave5-1\Opgave5-1\ArduinoCore\Debug\libArduinoCore.a(WString.o)
                0x000037fc                _ZplRK15StringSumHelperRK6String
 .text._ZplRK15StringSumHelperPKc
                0x0000381e       0x2e C:\Users\thoma\Documents\Atmel Studio\7.0\Opgave5-1\Opgave5-1\ArduinoCore\Debug\libArduinoCore.a(WString.o)
                0x0000381e                _ZplRK15StringSumHelperPKc
 .text.__empty  0x0000384c        0x2 C:\Users\thoma\Documents\Atmel Studio\7.0\Opgave5-1\Opgave5-1\ArduinoCore\Debug\libArduinoCore.a(hooks.o)
                0x0000384c                yield
 .text.libgcc.div
                0x0000384e       0x44 c:/program files (x86)/atmel/studio/7.0/toolchain/avr8/avr8-gnu-toolchain/bin/../lib/gcc/avr/5.4.0/avr6\libgcc.a(_udivmodsi4.o)
                0x0000384e                __udivmodsi4
 .text.libgcc   0x00003892       0x10 c:/program files (x86)/atmel/studio/7.0/toolchain/avr8/avr8-gnu-toolchain/bin/../lib/gcc/avr/5.4.0/avr6\libgcc.a(_tablejump2.o)
                0x00003892                __tablejump2__
 .text.avr-libc
                0x000038a2       0x3e c:/program files (x86)/atmel/studio/7.0/toolchain/avr8/avr8-gnu-toolchain/bin/../lib/gcc/avr/5.4.0/../../../../avr/lib/avr6\libc.a(dtostrf.o)
                0x000038a2                dtostrf
 .text.avr-libc
                0x000038e0      0x242 c:/program files (x86)/atmel/studio/7.0/toolchain/avr8/avr8-gnu-toolchain/bin/../lib/gcc/avr/5.4.0/../../../../avr/lib/avr6\libc.a(malloc.o)
                0x000038e0                malloc
                0x00003a10                free
 .text.avr-libc
                0x00003b22      0x1c0 c:/program files (x86)/atmel/studio/7.0/toolchain/avr8/avr8-gnu-toolchain/bin/../lib/gcc/avr/5.4.0/../../../../avr/lib/avr6\libc.a(realloc.o)
                0x00003b22                realloc
 .text.avr-libc
                0x00003ce2        0x8 c:/program files (x86)/atmel/studio/7.0/toolchain/avr8/avr8-gnu-toolchain/bin/../lib/gcc/avr/5.4.0/../../../../avr/lib/avr6\libc.a(abort.o)
                0x00003ce2                abort
 .text.avr-libc
                0x00003cea       0x12 c:/program files (x86)/atmel/studio/7.0/toolchain/avr8/avr8-gnu-toolchain/bin/../lib/gcc/avr/5.4.0/../../../../avr/lib/avr6\libc.a(memcpy.o)
                0x00003cea                memcpy
 .text.avr-libc
                0x00003cfc        0xe c:/program files (x86)/atmel/studio/7.0/toolchain/avr8/avr8-gnu-toolchain/bin/../lib/gcc/avr/5.4.0/../../../../avr/lib/avr6\libc.a(strcpy.o)
                0x00003cfc                strcpy
 .text.avr-libc
                0x00003d0a      0x2ec c:/program files (x86)/atmel/studio/7.0/toolchain/avr8/avr8-gnu-toolchain/bin/../lib/gcc/avr/5.4.0/../../../../avr/lib/avr6\libc.a(dtoa_prf.o)
                0x00003d0a                dtoa_prf
 .text.avr-libc
                0x00003ff6      0x1b0 c:/program files (x86)/atmel/studio/7.0/toolchain/avr8/avr8-gnu-toolchain/bin/../lib/gcc/avr/5.4.0/../../../../avr/lib/avr6\libc.a(ftoa_engine.o)
                0x00003ff6                __ftoa_engine
                0x000041a6                . = ALIGN (0x2)
 *(.fini9)
 .fini9         0x000041a6        0x0 c:/program files (x86)/atmel/studio/7.0/toolchain/avr8/avr8-gnu-toolchain/bin/../lib/gcc/avr/5.4.0/avr6\libgcc.a(_exit.o)
                0x000041a6                _exit
                0x000041a6                exit
 *(.fini9)
 *(.fini8)
 *(.fini8)
 *(.fini7)
 *(.fini7)
 *(.fini6)
 .fini6         0x000041a6       0x1e c:/program files (x86)/atmel/studio/7.0/toolchain/avr8/avr8-gnu-toolchain/bin/../lib/gcc/avr/5.4.0/avr6\libgcc.a(_dtors.o)
                0x000041a6                __do_global_dtors
 *(.fini6)
 *(.fini5)
 *(.fini5)
 *(.fini4)
 *(.fini4)
 *(.fini3)
 *(.fini3)
 *(.fini2)
 *(.fini2)
 *(.fini1)
 *(.fini1)
 *(.fini0)
 .fini0         0x000041c4        0x4 c:/program files (x86)/atmel/studio/7.0/toolchain/avr8/avr8-gnu-toolchain/bin/../lib/gcc/avr/5.4.0/avr6\libgcc.a(_exit.o)
 *(.fini0)
                0x000041c8                _etext = .

.data           0x00800200      0x2e4 load address 0x000041c8
                0x00800200                PROVIDE (__data_start, .)
 *(.data)
 .data          0x00800200        0x6 c:/program files (x86)/atmel/studio/7.0/toolchain/avr8/avr8-gnu-toolchain/bin/../lib/gcc/avr/5.4.0/../../../../avr/lib/avr6\libc.a(malloc.o)
                0x00800200                __malloc_heap_end
                0x00800202                __malloc_heap_start
                0x00800204                __malloc_margin
 *(.data*)
 *(.gnu.linkonce.d*)
 *(.rodata)
 *(.rodata*)
 .rodata.str1.1
                0x00800206      0x253 Sketch.o
                                0x256 (size before relaxing)
 .rodata._ZTV12Adafruit_GFX
                0x00800459       0x2c src/libraries/Adafruit_GFX_Library/Adafruit_GFX.o
                0x00800459                _ZTV12Adafruit_GFX
 .rodata._ZTV16Adafruit_SSD1306
                0x00800485       0x2c src/libraries/Adafruit_SSD1306/Adafruit_SSD1306.o
                0x00800485                _ZTV16Adafruit_SSD1306
 .rodata._ZTV7TwoWire
                0x008004b1       0x12 src/libraries/Wire/src/Wire.o
                0x008004b1                _ZTV7TwoWire
 .rodata._ZTV14HardwareSerial
                0x008004c3       0x12 C:\Users\thoma\Documents\Atmel Studio\7.0\Opgave5-1\Opgave5-1\ArduinoCore\Debug\libArduinoCore.a(HardwareSerial.o)
                0x008004c3                _ZTV14HardwareSerial
 .rodata.str1.1
                0x008004d5        0xf C:\Users\thoma\Documents\Atmel Studio\7.0\Opgave5-1\Opgave5-1\ArduinoCore\Debug\libArduinoCore.a(Print.o)
 *(.gnu.linkonce.r*)
                0x008004e4                . = ALIGN (0x2)
                0x008004e4                _edata = .
                0x008004e4                PROVIDE (__data_end, .)

.bss            0x008004e4      0x1ca
                0x008004e4                PROVIDE (__bss_start, .)
 *(.bss)
 *(.bss*)
 .bss.dht       0x008004e4       0x13 Sketch.o
                0x008004e4                dht
 .bss.display   0x008004f7       0x40 Sketch.o
                0x008004f7                display
 .bss._ZN8SPIClass13interruptSaveE
                0x00800537        0x1 src/libraries/SPI/src/SPI.o
                0x00800537                _ZN8SPIClass13interruptSaveE
 .bss._ZN8SPIClass13interruptMaskE
                0x00800538        0x1 src/libraries/SPI/src/SPI.o
                0x00800538                _ZN8SPIClass13interruptMaskE
 .bss._ZN8SPIClass13interruptModeE
                0x00800539        0x1 src/libraries/SPI/src/SPI.o
                0x00800539                _ZN8SPIClass13interruptModeE
 .bss.twi_error
                0x0080053a        0x1 src/libraries/Wire/src/utility/twi.o
 .bss.twi_rxBufferIndex
                0x0080053b        0x1 src/libraries/Wire/src/utility/twi.o
 .bss.twi_rxBuffer
                0x0080053c       0x20 src/libraries/Wire/src/utility/twi.o
 .bss.twi_txBufferLength
                0x0080055c        0x1 src/libraries/Wire/src/utility/twi.o
 .bss.twi_txBufferIndex
                0x0080055d        0x1 src/libraries/Wire/src/utility/twi.o
 .bss.twi_txBuffer
                0x0080055e       0x20 src/libraries/Wire/src/utility/twi.o
 .bss.twi_masterBufferLength
                0x0080057e        0x1 src/libraries/Wire/src/utility/twi.o
 .bss.twi_masterBufferIndex
                0x0080057f        0x1 src/libraries/Wire/src/utility/twi.o
 .bss.twi_masterBuffer
                0x00800580       0x20 src/libraries/Wire/src/utility/twi.o
 .bss.twi_onSlaveReceive
                0x008005a0        0x2 src/libraries/Wire/src/utility/twi.o
 .bss.twi_onSlaveTransmit
                0x008005a2        0x2 src/libraries/Wire/src/utility/twi.o
 .bss.twi_do_reset_on_timeout
                0x008005a4        0x1 src/libraries/Wire/src/utility/twi.o
 .bss.twi_timed_out_flag
                0x008005a5        0x1 src/libraries/Wire/src/utility/twi.o
 .bss.twi_timeout_us
                0x008005a6        0x4 src/libraries/Wire/src/utility/twi.o
 .bss.twi_inRepStart
                0x008005aa        0x1 src/libraries/Wire/src/utility/twi.o
 .bss.twi_sendStop
                0x008005ab        0x1 src/libraries/Wire/src/utility/twi.o
 .bss.twi_slarw
                0x008005ac        0x1 src/libraries/Wire/src/utility/twi.o
 .bss.twi_state
                0x008005ad        0x1 src/libraries/Wire/src/utility/twi.o
 .bss.Wire      0x008005ae        0xc src/libraries/Wire/src/Wire.o
                0x008005ae                Wire
 .bss._ZN7TwoWire14user_onReceiveE
                0x008005ba        0x2 src/libraries/Wire/src/Wire.o
                0x008005ba                _ZN7TwoWire14user_onReceiveE
 .bss._ZN7TwoWire14user_onRequestE
                0x008005bc        0x2 src/libraries/Wire/src/Wire.o
                0x008005bc                _ZN7TwoWire14user_onRequestE
 .bss._ZN7TwoWire12transmittingE
                0x008005be        0x1 src/libraries/Wire/src/Wire.o
                0x008005be                _ZN7TwoWire12transmittingE
 .bss._ZN7TwoWire14txBufferLengthE
                0x008005bf        0x1 src/libraries/Wire/src/Wire.o
                0x008005bf                _ZN7TwoWire14txBufferLengthE
 .bss._ZN7TwoWire13txBufferIndexE
                0x008005c0        0x1 src/libraries/Wire/src/Wire.o
                0x008005c0                _ZN7TwoWire13txBufferIndexE
 .bss._ZN7TwoWire8txBufferE
                0x008005c1       0x20 src/libraries/Wire/src/Wire.o
                0x008005c1                _ZN7TwoWire8txBufferE
 .bss._ZN7TwoWire9txAddressE
                0x008005e1        0x1 src/libraries/Wire/src/Wire.o
                0x008005e1                _ZN7TwoWire9txAddressE
 .bss._ZN7TwoWire14rxBufferLengthE
                0x008005e2        0x1 src/libraries/Wire/src/Wire.o
                0x008005e2                _ZN7TwoWire14rxBufferLengthE
 .bss._ZN7TwoWire13rxBufferIndexE
                0x008005e3        0x1 src/libraries/Wire/src/Wire.o
                0x008005e3                _ZN7TwoWire13rxBufferIndexE
 .bss._ZN7TwoWire8rxBufferE
                0x008005e4       0x20 src/libraries/Wire/src/Wire.o
                0x008005e4                _ZN7TwoWire8rxBufferE
 .bss.Serial    0x00800604       0x9d C:\Users\thoma\Documents\Atmel Studio\7.0\Opgave5-1\Opgave5-1\ArduinoCore\Debug\libArduinoCore.a(HardwareSerial0.o)
                0x00800604                Serial
 .bss.timer0_fract
                0x008006a1        0x1 C:\Users\thoma\Documents\Atmel Studio\7.0\Opgave5-1\Opgave5-1\ArduinoCore\Debug\libArduinoCore.a(wiring.o)
 .bss.timer0_millis
                0x008006a2        0x4 C:\Users\thoma\Documents\Atmel Studio\7.0\Opgave5-1\Opgave5-1\ArduinoCore\Debug\libArduinoCore.a(wiring.o)
                0x008006a2                timer0_millis
 .bss.timer0_overflow_count
                0x008006a6        0x4 C:\Users\thoma\Documents\Atmel Studio\7.0\Opgave5-1\Opgave5-1\ArduinoCore\Debug\libArduinoCore.a(wiring.o)
                0x008006a6                timer0_overflow_count
 *(COMMON)
 COMMON         0x008006aa        0x4 c:/program files (x86)/atmel/studio/7.0/toolchain/avr8/avr8-gnu-toolchain/bin/../lib/gcc/avr/5.4.0/../../../../avr/lib/avr6\libc.a(malloc.o)
                0x008006aa                __brkval
                0x008006ac                __flp
                0x008006ae                PROVIDE (__bss_end, .)
                0x000041c8                __data_load_start = LOADADDR (.data)
                0x000044ac                __data_load_end = (__data_load_start + SIZEOF (.data))

.noinit         0x008006ae        0x0
                [!provide]                PROVIDE (__noinit_start, .)
 *(.noinit*)
                [!provide]                PROVIDE (__noinit_end, .)
                0x008006ae                _end = .
                0x008006ae                PROVIDE (__heap_start, .)

.eeprom         0x00810000        0x0
 *(.eeprom*)
                0x00810000                __eeprom_end = .

.fuse
 *(.fuse)
 *(.lfuse)
 *(.hfuse)
 *(.efuse)

.lock
 *(.lock*)

.signature
 *(.signature*)

.user_signatures
 *(.user_signatures*)

.stab
 *(.stab)

.stabstr
 *(.stabstr)

.stab.excl
 *(.stab.excl)

.stab.exclstr
 *(.stab.exclstr)

.stab.index
 *(.stab.index)

.stab.indexstr
 *(.stab.indexstr)

.comment        0x00000000       0x30
 *(.comment)
 .comment       0x00000000       0x30 Sketch.o
                                 0x31 (size before relaxing)
 .comment       0x00000030       0x31 src/libraries/Adafruit_BusIO/Adafruit_SPIDevice.o
 .comment       0x00000030       0x31 src/libraries/Adafruit_GFX_Library/Adafruit_GFX.o
 .comment       0x00000030       0x31 src/libraries/Adafruit_SSD1306/Adafruit_SSD1306.o
 .comment       0x00000030       0x31 src/libraries/DHT_sensor_library/DHT.o
 .comment       0x00000030       0x31 src/libraries/SPI/src/SPI.o
 .comment       0x00000030       0x31 src/libraries/Wire/src/utility/twi.o
 .comment       0x00000030       0x31 src/libraries/Wire/src/Wire.o
 .comment       0x00000030       0x31 C:\Users\thoma\Documents\Atmel Studio\7.0\Opgave5-1\Opgave5-1\ArduinoCore\Debug\libArduinoCore.a(abi.o)
 .comment       0x00000030       0x31 C:\Users\thoma\Documents\Atmel Studio\7.0\Opgave5-1\Opgave5-1\ArduinoCore\Debug\libArduinoCore.a(HardwareSerial.o)
 .comment       0x00000030       0x31 C:\Users\thoma\Documents\Atmel Studio\7.0\Opgave5-1\Opgave5-1\ArduinoCore\Debug\libArduinoCore.a(HardwareSerial0.o)
 .comment       0x00000030       0x31 C:\Users\thoma\Documents\Atmel Studio\7.0\Opgave5-1\Opgave5-1\ArduinoCore\Debug\libArduinoCore.a(main.o)
 .comment       0x00000030       0x31 C:\Users\thoma\Documents\Atmel Studio\7.0\Opgave5-1\Opgave5-1\ArduinoCore\Debug\libArduinoCore.a(Print.o)
 .comment       0x00000030       0x31 C:\Users\thoma\Documents\Atmel Studio\7.0\Opgave5-1\Opgave5-1\ArduinoCore\Debug\libArduinoCore.a(wiring.o)
 .comment       0x00000030       0x31 C:\Users\thoma\Documents\Atmel Studio\7.0\Opgave5-1\Opgave5-1\ArduinoCore\Debug\libArduinoCore.a(wiring_digital.o)
 .comment       0x00000030       0x31 C:\Users\thoma\Documents\Atmel Studio\7.0\Opgave5-1\Opgave5-1\ArduinoCore\Debug\libArduinoCore.a(WString.o)
 .comment       0x00000030       0x31 C:\Users\thoma\Documents\Atmel Studio\7.0\Opgave5-1\Opgave5-1\ArduinoCore\Debug\libArduinoCore.a(hooks.o)
 .comment       0x00000030       0x31 c:/program files (x86)/atmel/studio/7.0/toolchain/avr8/avr8-gnu-toolchain/bin/../lib/gcc/avr/5.4.0/../../../../avr/lib/avr6\libc.a(dtostrf.o)
 .comment       0x00000030       0x31 c:/program files (x86)/atmel/studio/7.0/toolchain/avr8/avr8-gnu-toolchain/bin/../lib/gcc/avr/5.4.0/../../../../avr/lib/avr6\libc.a(malloc.o)
 .comment       0x00000030       0x31 c:/program files (x86)/atmel/studio/7.0/toolchain/avr8/avr8-gnu-toolchain/bin/../lib/gcc/avr/5.4.0/../../../../avr/lib/avr6\libc.a(realloc.o)
 .comment       0x00000030       0x31 c:/program files (x86)/atmel/studio/7.0/toolchain/avr8/avr8-gnu-toolchain/bin/../lib/gcc/avr/5.4.0/../../../../avr/lib/avr6\libc.a(dtoa_prf.o)

.note.gnu.avr.deviceinfo
                0x00000000       0x40
 .note.gnu.avr.deviceinfo
                0x00000000       0x40 C:/Program Files (x86)/Atmel/Studio/7.0/Packs/atmel/ATmega_DFP/1.6.364/gcc/dev/atmega2560/avr6/crtatmega2560.o

.note.gnu.build-id
 *(.note.gnu.build-id)

.debug
 *(.debug)

.line
 *(.line)

.debug_srcinfo
 *(.debug_srcinfo)

.debug_sfnames
 *(.debug_sfnames)

.debug_aranges  0x00000000      0xc78
 *(.debug_aranges)
 .debug_aranges
                0x00000000       0x60 Sketch.o
 .debug_aranges
                0x00000060       0x88 src/libraries/Adafruit_BusIO/Adafruit_SPIDevice.o
 .debug_aranges
                0x000000e8      0x2d8 src/libraries/Adafruit_GFX_Library/Adafruit_GFX.o
 .debug_aranges
                0x000003c0      0x118 src/libraries/Adafruit_SSD1306/Adafruit_SSD1306.o
 .debug_aranges
                0x000004d8       0x68 src/libraries/DHT_sensor_library/DHT.o
 .debug_aranges
                0x00000540       0x38 src/libraries/SPI/src/SPI.o
 .debug_aranges
                0x00000578       0x98 src/libraries/Wire/src/utility/twi.o
 .debug_aranges
                0x00000610      0x110 src/libraries/Wire/src/Wire.o
 .debug_aranges
                0x00000720       0x20 C:\Users\thoma\Documents\Atmel Studio\7.0\Opgave5-1\Opgave5-1\ArduinoCore\Debug\libArduinoCore.a(abi.o)
 .debug_aranges
                0x00000740       0x68 C:\Users\thoma\Documents\Atmel Studio\7.0\Opgave5-1\Opgave5-1\ArduinoCore\Debug\libArduinoCore.a(HardwareSerial.o)
 .debug_aranges
                0x000007a8       0x48 C:\Users\thoma\Documents\Atmel Studio\7.0\Opgave5-1\Opgave5-1\ArduinoCore\Debug\libArduinoCore.a(HardwareSerial0.o)
 .debug_aranges
                0x000007f0       0x30 C:\Users\thoma\Documents\Atmel Studio\7.0\Opgave5-1\Opgave5-1\ArduinoCore\Debug\libArduinoCore.a(main.o)
 .debug_aranges
                0x00000820      0x100 C:\Users\thoma\Documents\Atmel Studio\7.0\Opgave5-1\Opgave5-1\ArduinoCore\Debug\libArduinoCore.a(Print.o)
 .debug_aranges
                0x00000920       0x48 C:\Users\thoma\Documents\Atmel Studio\7.0\Opgave5-1\Opgave5-1\ArduinoCore\Debug\libArduinoCore.a(wiring.o)
 .debug_aranges
                0x00000968       0x38 C:\Users\thoma\Documents\Atmel Studio\7.0\Opgave5-1\Opgave5-1\ArduinoCore\Debug\libArduinoCore.a(wiring_digital.o)
 .debug_aranges
                0x000009a0      0x2b8 C:\Users\thoma\Documents\Atmel Studio\7.0\Opgave5-1\Opgave5-1\ArduinoCore\Debug\libArduinoCore.a(WString.o)
 .debug_aranges
                0x00000c58       0x20 C:\Users\thoma\Documents\Atmel Studio\7.0\Opgave5-1\Opgave5-1\ArduinoCore\Debug\libArduinoCore.a(hooks.o)

.debug_pubnames
 *(.debug_pubnames)

.debug_info     0x00000000    0x213af
 *(.debug_info .gnu.linkonce.wi.*)
 .debug_info    0x00000000      0xbbc C:/Program Files (x86)/Atmel/Studio/7.0/Packs/atmel/ATmega_DFP/1.6.364/gcc/dev/atmega2560/avr6/crtatmega2560.o
 .debug_info    0x00000bbc     0x40d2 Sketch.o
 .debug_info    0x00004c8e     0x1664 src/libraries/Adafruit_BusIO/Adafruit_SPIDevice.o
 .debug_info    0x000062f2     0x87f7 src/libraries/Adafruit_GFX_Library/Adafruit_GFX.o
 .debug_info    0x0000eae9     0x2d77 src/libraries/Adafruit_SSD1306/Adafruit_SSD1306.o
 .debug_info    0x00011860      0xd25 src/libraries/DHT_sensor_library/DHT.o
 .debug_info    0x00012585      0x6cd src/libraries/SPI/src/SPI.o
 .debug_info    0x00012c52      0x93a src/libraries/Wire/src/utility/twi.o
 .debug_info    0x0001358c     0x2910 src/libraries/Wire/src/Wire.o
 .debug_info    0x00015e9c       0x76 C:\Users\thoma\Documents\Atmel Studio\7.0\Opgave5-1\Opgave5-1\ArduinoCore\Debug\libArduinoCore.a(abi.o)
 .debug_info    0x00015f12     0x205e C:\Users\thoma\Documents\Atmel Studio\7.0\Opgave5-1\Opgave5-1\ArduinoCore\Debug\libArduinoCore.a(HardwareSerial.o)
 .debug_info    0x00017f70     0x1b74 C:\Users\thoma\Documents\Atmel Studio\7.0\Opgave5-1\Opgave5-1\ArduinoCore\Debug\libArduinoCore.a(HardwareSerial0.o)
 .debug_info    0x00019ae4      0x295 C:\Users\thoma\Documents\Atmel Studio\7.0\Opgave5-1\Opgave5-1\ArduinoCore\Debug\libArduinoCore.a(main.o)
 .debug_info    0x00019d79     0x295d C:\Users\thoma\Documents\Atmel Studio\7.0\Opgave5-1\Opgave5-1\ArduinoCore\Debug\libArduinoCore.a(Print.o)
 .debug_info    0x0001c6d6      0x329 C:\Users\thoma\Documents\Atmel Studio\7.0\Opgave5-1\Opgave5-1\ArduinoCore\Debug\libArduinoCore.a(wiring.o)
 .debug_info    0x0001c9ff      0x63a C:\Users\thoma\Documents\Atmel Studio\7.0\Opgave5-1\Opgave5-1\ArduinoCore\Debug\libArduinoCore.a(wiring_digital.o)
 .debug_info    0x0001d039     0x4338 C:\Users\thoma\Documents\Atmel Studio\7.0\Opgave5-1\Opgave5-1\ArduinoCore\Debug\libArduinoCore.a(WString.o)
 .debug_info    0x00021371       0x3e C:\Users\thoma\Documents\Atmel Studio\7.0\Opgave5-1\Opgave5-1\ArduinoCore\Debug\libArduinoCore.a(hooks.o)

.debug_abbrev   0x00000000     0x45a4
 *(.debug_abbrev)
 .debug_abbrev  0x00000000      0xb1a C:/Program Files (x86)/Atmel/Studio/7.0/Packs/atmel/ATmega_DFP/1.6.364/gcc/dev/atmega2560/avr6/crtatmega2560.o
 .debug_abbrev  0x00000b1a      0x4ca Sketch.o
 .debug_abbrev  0x00000fe4      0x449 src/libraries/Adafruit_BusIO/Adafruit_SPIDevice.o
 .debug_abbrev  0x0000142d      0x6d8 src/libraries/Adafruit_GFX_Library/Adafruit_GFX.o
 .debug_abbrev  0x00001b05      0x5f6 src/libraries/Adafruit_SSD1306/Adafruit_SSD1306.o
 .debug_abbrev  0x000020fb      0x3ac src/libraries/DHT_sensor_library/DHT.o
 .debug_abbrev  0x000024a7      0x283 src/libraries/SPI/src/SPI.o
 .debug_abbrev  0x0000272a      0x2f2 src/libraries/Wire/src/utility/twi.o
 .debug_abbrev  0x00002a1c      0x563 src/libraries/Wire/src/Wire.o
 .debug_abbrev  0x00002f7f       0x6d C:\Users\thoma\Documents\Atmel Studio\7.0\Opgave5-1\Opgave5-1\ArduinoCore\Debug\libArduinoCore.a(abi.o)
 .debug_abbrev  0x00002fec      0x4b7 C:\Users\thoma\Documents\Atmel Studio\7.0\Opgave5-1\Opgave5-1\ArduinoCore\Debug\libArduinoCore.a(HardwareSerial.o)
 .debug_abbrev  0x000034a3      0x3ce C:\Users\thoma\Documents\Atmel Studio\7.0\Opgave5-1\Opgave5-1\ArduinoCore\Debug\libArduinoCore.a(HardwareSerial0.o)
 .debug_abbrev  0x00003871      0x12d C:\Users\thoma\Documents\Atmel Studio\7.0\Opgave5-1\Opgave5-1\ArduinoCore\Debug\libArduinoCore.a(main.o)
 .debug_abbrev  0x0000399e      0x47a C:\Users\thoma\Documents\Atmel Studio\7.0\Opgave5-1\Opgave5-1\ArduinoCore\Debug\libArduinoCore.a(Print.o)
 .debug_abbrev  0x00003e18      0x146 C:\Users\thoma\Documents\Atmel Studio\7.0\Opgave5-1\Opgave5-1\ArduinoCore\Debug\libArduinoCore.a(wiring.o)
 .debug_abbrev  0x00003f5e      0x15a C:\Users\thoma\Documents\Atmel Studio\7.0\Opgave5-1\Opgave5-1\ArduinoCore\Debug\libArduinoCore.a(wiring_digital.o)
 .debug_abbrev  0x000040b8      0x4c2 C:\Users\thoma\Documents\Atmel Studio\7.0\Opgave5-1\Opgave5-1\ArduinoCore\Debug\libArduinoCore.a(WString.o)
 .debug_abbrev  0x0000457a       0x2a C:\Users\thoma\Documents\Atmel Studio\7.0\Opgave5-1\Opgave5-1\ArduinoCore\Debug\libArduinoCore.a(hooks.o)

.debug_line     0x00000000     0x882e
 *(.debug_line .debug_line.* .debug_line_end)
 .debug_line    0x00000000      0x1fa C:/Program Files (x86)/Atmel/Studio/7.0/Packs/atmel/ATmega_DFP/1.6.364/gcc/dev/atmega2560/avr6/crtatmega2560.o
 .debug_line    0x000001fa      0x7c1 Sketch.o
 .debug_line    0x000009bb      0x733 src/libraries/Adafruit_BusIO/Adafruit_SPIDevice.o
 .debug_line    0x000010ee     0x2606 src/libraries/Adafruit_GFX_Library/Adafruit_GFX.o
 .debug_line    0x000036f4     0x12dc src/libraries/Adafruit_SSD1306/Adafruit_SSD1306.o
 .debug_line    0x000049d0      0x4f3 src/libraries/DHT_sensor_library/DHT.o
 .debug_line    0x00004ec3      0x313 src/libraries/SPI/src/SPI.o
 .debug_line    0x000051d6      0x6db src/libraries/Wire/src/utility/twi.o
 .debug_line    0x000058b1      0x653 src/libraries/Wire/src/Wire.o
 .debug_line    0x00005f04       0xa9 C:\Users\thoma\Documents\Atmel Studio\7.0\Opgave5-1\Opgave5-1\ArduinoCore\Debug\libArduinoCore.a(abi.o)
 .debug_line    0x00005fad      0x527 C:\Users\thoma\Documents\Atmel Studio\7.0\Opgave5-1\Opgave5-1\ArduinoCore\Debug\libArduinoCore.a(HardwareSerial.o)
 .debug_line    0x000064d4      0x288 C:\Users\thoma\Documents\Atmel Studio\7.0\Opgave5-1\Opgave5-1\ArduinoCore\Debug\libArduinoCore.a(HardwareSerial0.o)
 .debug_line    0x0000675c      0x161 C:\Users\thoma\Documents\Atmel Studio\7.0\Opgave5-1\Opgave5-1\ArduinoCore\Debug\libArduinoCore.a(main.o)
 .debug_line    0x000068bd      0x681 C:\Users\thoma\Documents\Atmel Studio\7.0\Opgave5-1\Opgave5-1\ArduinoCore\Debug\libArduinoCore.a(Print.o)
 .debug_line    0x00006f3e      0x2cb C:\Users\thoma\Documents\Atmel Studio\7.0\Opgave5-1\Opgave5-1\ArduinoCore\Debug\libArduinoCore.a(wiring.o)
 .debug_line    0x00007209      0x284 C:\Users\thoma\Documents\Atmel Studio\7.0\Opgave5-1\Opgave5-1\ArduinoCore\Debug\libArduinoCore.a(wiring_digital.o)
 .debug_line    0x0000748d     0x1360 C:\Users\thoma\Documents\Atmel Studio\7.0\Opgave5-1\Opgave5-1\ArduinoCore\Debug\libArduinoCore.a(WString.o)
 .debug_line    0x000087ed       0x41 C:\Users\thoma\Documents\Atmel Studio\7.0\Opgave5-1\Opgave5-1\ArduinoCore\Debug\libArduinoCore.a(hooks.o)

.debug_frame    0x00000000     0x35a8
 *(.debug_frame)
 .debug_frame   0x00000000      0x178 Sketch.o
 .debug_frame   0x00000178      0x284 src/libraries/Adafruit_BusIO/Adafruit_SPIDevice.o
 .debug_frame   0x000003fc     0x141c src/libraries/Adafruit_GFX_Library/Adafruit_GFX.o
 .debug_frame   0x00001818      0x498 src/libraries/Adafruit_SSD1306/Adafruit_SSD1306.o
 .debug_frame   0x00001cb0      0x1fc src/libraries/DHT_sensor_library/DHT.o
 .debug_frame   0x00001eac       0x5c src/libraries/SPI/src/SPI.o
 .debug_frame   0x00001f08      0x208 src/libraries/Wire/src/utility/twi.o
 .debug_frame   0x00002110      0x2b0 src/libraries/Wire/src/Wire.o
 .debug_frame   0x000023c0       0x34 C:\Users\thoma\Documents\Atmel Studio\7.0\Opgave5-1\Opgave5-1\ArduinoCore\Debug\libArduinoCore.a(abi.o)
 .debug_frame   0x000023f4      0x110 C:\Users\thoma\Documents\Atmel Studio\7.0\Opgave5-1\Opgave5-1\ArduinoCore\Debug\libArduinoCore.a(HardwareSerial.o)
 .debug_frame   0x00002504       0xe0 C:\Users\thoma\Documents\Atmel Studio\7.0\Opgave5-1\Opgave5-1\ArduinoCore\Debug\libArduinoCore.a(HardwareSerial0.o)
 .debug_frame   0x000025e4       0x54 C:\Users\thoma\Documents\Atmel Studio\7.0\Opgave5-1\Opgave5-1\ArduinoCore\Debug\libArduinoCore.a(main.o)
 .debug_frame   0x00002638      0x3ac C:\Users\thoma\Documents\Atmel Studio\7.0\Opgave5-1\Opgave5-1\ArduinoCore\Debug\libArduinoCore.a(Print.o)
 .debug_frame   0x000029e4       0xc4 C:\Users\thoma\Documents\Atmel Studio\7.0\Opgave5-1\Opgave5-1\ArduinoCore\Debug\libArduinoCore.a(wiring.o)
 .debug_frame   0x00002aa8       0x7c C:\Users\thoma\Documents\Atmel Studio\7.0\Opgave5-1\Opgave5-1\ArduinoCore\Debug\libArduinoCore.a(wiring_digital.o)
 .debug_frame   0x00002b24      0xa60 C:\Users\thoma\Documents\Atmel Studio\7.0\Opgave5-1\Opgave5-1\ArduinoCore\Debug\libArduinoCore.a(WString.o)
 .debug_frame   0x00003584       0x24 C:\Users\thoma\Documents\Atmel Studio\7.0\Opgave5-1\Opgave5-1\ArduinoCore\Debug\libArduinoCore.a(hooks.o)

.debug_str      0x00000000     0x70e6
 *(.debug_str)
 .debug_str     0x00000000      0x3e6 C:/Program Files (x86)/Atmel/Studio/7.0/Packs/atmel/ATmega_DFP/1.6.364/gcc/dev/atmega2560/avr6/crtatmega2560.o
 .debug_str     0x000003e6     0x2cb9 Sketch.o
                               0x2f01 (size before relaxing)
 .debug_str     0x0000309f      0x824 src/libraries/Adafruit_BusIO/Adafruit_SPIDevice.o
                                0xb18 (size before relaxing)
 .debug_str     0x000038c3     0x1591 src/libraries/Adafruit_GFX_Library/Adafruit_GFX.o
                               0x255b (size before relaxing)
 .debug_str     0x00004e54      0x7bc src/libraries/Adafruit_SSD1306/Adafruit_SSD1306.o
                               0x10fe (size before relaxing)
 .debug_str     0x00005610       0xe6 src/libraries/DHT_sensor_library/DHT.o
                                0x594 (size before relaxing)
 .debug_str     0x000056f6       0xb4 src/libraries/SPI/src/SPI.o
                                0x6b4 (size before relaxing)
 .debug_str     0x000057aa      0x3d8 src/libraries/Wire/src/utility/twi.o
                                0x500 (size before relaxing)
 .debug_str     0x00005b82      0x90d src/libraries/Wire/src/Wire.o
                               0x19ac (size before relaxing)
 .debug_str     0x0000648f       0x80 C:\Users\thoma\Documents\Atmel Studio\7.0\Opgave5-1\Opgave5-1\ArduinoCore\Debug\libArduinoCore.a(abi.o)
                                0x1a1 (size before relaxing)
 .debug_str     0x0000650f      0x482 C:\Users\thoma\Documents\Atmel Studio\7.0\Opgave5-1\Opgave5-1\ArduinoCore\Debug\libArduinoCore.a(HardwareSerial.o)
                               0x16f0 (size before relaxing)
 .debug_str     0x00006991       0x47 C:\Users\thoma\Documents\Atmel Studio\7.0\Opgave5-1\Opgave5-1\ArduinoCore\Debug\libArduinoCore.a(HardwareSerial0.o)
                               0x140b (size before relaxing)
 .debug_str     0x000069d8       0x37 C:\Users\thoma\Documents\Atmel Studio\7.0\Opgave5-1\Opgave5-1\ArduinoCore\Debug\libArduinoCore.a(main.o)
                                0x2b7 (size before relaxing)
 .debug_str     0x00006a0f      0x27a C:\Users\thoma\Documents\Atmel Studio\7.0\Opgave5-1\Opgave5-1\ArduinoCore\Debug\libArduinoCore.a(Print.o)
                               0x1245 (size before relaxing)
 .debug_str     0x00006c89       0x60 C:\Users\thoma\Documents\Atmel Studio\7.0\Opgave5-1\Opgave5-1\ArduinoCore\Debug\libArduinoCore.a(wiring.o)
                                0x24d (size before relaxing)
 .debug_str     0x00006ce9       0x58 C:\Users\thoma\Documents\Atmel Studio\7.0\Opgave5-1\Opgave5-1\ArduinoCore\Debug\libArduinoCore.a(wiring_digital.o)
                                0x2b2 (size before relaxing)
 .debug_str     0x00006d41      0x389 C:\Users\thoma\Documents\Atmel Studio\7.0\Opgave5-1\Opgave5-1\ArduinoCore\Debug\libArduinoCore.a(WString.o)
                               0x1198 (size before relaxing)
 .debug_str     0x000070ca       0x1c C:\Users\thoma\Documents\Atmel Studio\7.0\Opgave5-1\Opgave5-1\ArduinoCore\Debug\libArduinoCore.a(hooks.o)
                                0x142 (size before relaxing)

.debug_loc      0x00000000    0x1a0d5
 *(.debug_loc)
 .debug_loc     0x00000000      0x498 Sketch.o
 .debug_loc     0x00000498     0x1403 src/libraries/Adafruit_BusIO/Adafruit_SPIDevice.o
 .debug_loc     0x0000189b     0xc504 src/libraries/Adafruit_GFX_Library/Adafruit_GFX.o
 .debug_loc     0x0000dd9f     0x3191 src/libraries/Adafruit_SSD1306/Adafruit_SSD1306.o
 .debug_loc     0x00010f30      0xd33 src/libraries/DHT_sensor_library/DHT.o
 .debug_loc     0x00011c63      0x1f0 src/libraries/SPI/src/SPI.o
 .debug_loc     0x00011e53      0x87f src/libraries/Wire/src/utility/twi.o
 .debug_loc     0x000126d2      0xcbb src/libraries/Wire/src/Wire.o
 .debug_loc     0x0001338d      0x4dc C:\Users\thoma\Documents\Atmel Studio\7.0\Opgave5-1\Opgave5-1\ArduinoCore\Debug\libArduinoCore.a(HardwareSerial.o)
 .debug_loc     0x00013869      0x1b0 C:\Users\thoma\Documents\Atmel Studio\7.0\Opgave5-1\Opgave5-1\ArduinoCore\Debug\libArduinoCore.a(HardwareSerial0.o)
 .debug_loc     0x00013a19     0x1c87 C:\Users\thoma\Documents\Atmel Studio\7.0\Opgave5-1\Opgave5-1\ArduinoCore\Debug\libArduinoCore.a(Print.o)
 .debug_loc     0x000156a0      0x28d C:\Users\thoma\Documents\Atmel Studio\7.0\Opgave5-1\Opgave5-1\ArduinoCore\Debug\libArduinoCore.a(wiring.o)
 .debug_loc     0x0001592d      0x56b C:\Users\thoma\Documents\Atmel Studio\7.0\Opgave5-1\Opgave5-1\ArduinoCore\Debug\libArduinoCore.a(wiring_digital.o)
 .debug_loc     0x00015e98     0x423d C:\Users\thoma\Documents\Atmel Studio\7.0\Opgave5-1\Opgave5-1\ArduinoCore\Debug\libArduinoCore.a(WString.o)

.debug_macinfo
 *(.debug_macinfo)

.debug_weaknames
 *(.debug_weaknames)

.debug_funcnames
 *(.debug_funcnames)

.debug_typenames
 *(.debug_typenames)

.debug_varnames
 *(.debug_varnames)

.debug_pubtypes
 *(.debug_pubtypes)

.debug_ranges   0x00000000      0xf40
 *(.debug_ranges)
 .debug_ranges  0x00000000       0x68 Sketch.o
 .debug_ranges  0x00000068       0xb0 src/libraries/Adafruit_BusIO/Adafruit_SPIDevice.o
 .debug_ranges  0x00000118      0x508 src/libraries/Adafruit_GFX_Library/Adafruit_GFX.o
 .debug_ranges  0x00000620      0x1b8 src/libraries/Adafruit_SSD1306/Adafruit_SSD1306.o
 .debug_ranges  0x000007d8       0x70 src/libraries/DHT_sensor_library/DHT.o
 .debug_ranges  0x00000848       0x28 src/libraries/SPI/src/SPI.o
 .debug_ranges  0x00000870       0x88 src/libraries/Wire/src/utility/twi.o
 .debug_ranges  0x000008f8      0x100 src/libraries/Wire/src/Wire.o
 .debug_ranges  0x000009f8       0x10 C:\Users\thoma\Documents\Atmel Studio\7.0\Opgave5-1\Opgave5-1\ArduinoCore\Debug\libArduinoCore.a(abi.o)
 .debug_ranges  0x00000a08       0x58 C:\Users\thoma\Documents\Atmel Studio\7.0\Opgave5-1\Opgave5-1\ArduinoCore\Debug\libArduinoCore.a(HardwareSerial.o)
 .debug_ranges  0x00000a60       0x38 C:\Users\thoma\Documents\Atmel Studio\7.0\Opgave5-1\Opgave5-1\ArduinoCore\Debug\libArduinoCore.a(HardwareSerial0.o)
 .debug_ranges  0x00000a98       0x20 C:\Users\thoma\Documents\Atmel Studio\7.0\Opgave5-1\Opgave5-1\ArduinoCore\Debug\libArduinoCore.a(main.o)
 .debug_ranges  0x00000ab8      0x120 C:\Users\thoma\Documents\Atmel Studio\7.0\Opgave5-1\Opgave5-1\ArduinoCore\Debug\libArduinoCore.a(Print.o)
 .debug_ranges  0x00000bd8       0x38 C:\Users\thoma\Documents\Atmel Studio\7.0\Opgave5-1\Opgave5-1\ArduinoCore\Debug\libArduinoCore.a(wiring.o)
 .debug_ranges  0x00000c10       0x28 C:\Users\thoma\Documents\Atmel Studio\7.0\Opgave5-1\Opgave5-1\ArduinoCore\Debug\libArduinoCore.a(wiring_digital.o)
 .debug_ranges  0x00000c38      0x2f8 C:\Users\thoma\Documents\Atmel Studio\7.0\Opgave5-1\Opgave5-1\ArduinoCore\Debug\libArduinoCore.a(WString.o)
 .debug_ranges  0x00000f30       0x10 C:\Users\thoma\Documents\Atmel Studio\7.0\Opgave5-1\Opgave5-1\ArduinoCore\Debug\libArduinoCore.a(hooks.o)

.debug_macro
 *(.debug_macro)
OUTPUT(BareMinimum.elf elf32-avr)
LOAD linker stubs
