Archive member included to satisfy reference by file (symbol)

c:/program files (x86)/atmel/studio/7.0/toolchain/avr8/avr8-gnu-toolchain/bin/../lib/gcc/avr/5.4.0/../../../../avr/lib/avr6\libm.a(addsf3.o)
                              src/libraries/DHT_sensor_library/DHT.o (__subsf3)
c:/program files (x86)/atmel/studio/7.0/toolchain/avr8/avr8-gnu-toolchain/bin/../lib/gcc/avr/5.4.0/../../../../avr/lib/avr6\libm.a(addsf3x.o)
                              c:/program files (x86)/atmel/studio/7.0/toolchain/avr8/avr8-gnu-toolchain/bin/../lib/gcc/avr/5.4.0/../../../../avr/lib/avr6\libm.a(addsf3.o) (__addsf3x)
c:/program files (x86)/atmel/studio/7.0/toolchain/avr8/avr8-gnu-toolchain/bin/../lib/gcc/avr/5.4.0/../../../../avr/lib/avr6\libm.a(cmpsf2.o)
                              src/libraries/MPU6050/MPU6050.o (__nesf2)
c:/program files (x86)/atmel/studio/7.0/toolchain/avr8/avr8-gnu-toolchain/bin/../lib/gcc/avr/5.4.0/../../../../avr/lib/avr6\libm.a(divsf3.o)
                              src/libraries/MPU6050/MPU6050.o (__divsf3)
c:/program files (x86)/atmel/studio/7.0/toolchain/avr8/avr8-gnu-toolchain/bin/../lib/gcc/avr/5.4.0/../../../../avr/lib/avr6\libm.a(divsf3x.o)
                              c:/program files (x86)/atmel/studio/7.0/toolchain/avr8/avr8-gnu-toolchain/bin/../lib/gcc/avr/5.4.0/../../../../avr/lib/avr6\libm.a(divsf3.o) (__divsf3x)
c:/program files (x86)/atmel/studio/7.0/toolchain/avr8/avr8-gnu-toolchain/bin/../lib/gcc/avr/5.4.0/../../../../avr/lib/avr6\libm.a(fixunssfsi.o)
                              src/libraries/MPU6050/MPU6050.o (__fixunssfsi)
c:/program files (x86)/atmel/studio/7.0/toolchain/avr8/avr8-gnu-toolchain/bin/../lib/gcc/avr/5.4.0/../../../../avr/lib/avr6\libm.a(floatsisf.o)
                              src/libraries/DHT_sensor_library/DHT.o (__floatunsisf)
c:/program files (x86)/atmel/studio/7.0/toolchain/avr8/avr8-gnu-toolchain/bin/../lib/gcc/avr/5.4.0/../../../../avr/lib/avr6\libm.a(fp_cmp.o)
                              c:/program files (x86)/atmel/studio/7.0/toolchain/avr8/avr8-gnu-toolchain/bin/../lib/gcc/avr/5.4.0/../../../../avr/lib/avr6\libm.a(cmpsf2.o) (__fp_cmp)
c:/program files (x86)/atmel/studio/7.0/toolchain/avr8/avr8-gnu-toolchain/bin/../lib/gcc/avr/5.4.0/../../../../avr/lib/avr6\libm.a(fp_inf.o)
                              c:/program files (x86)/atmel/studio/7.0/toolchain/avr8/avr8-gnu-toolchain/bin/../lib/gcc/avr/5.4.0/../../../../avr/lib/avr6\libm.a(addsf3x.o) (__fp_inf)
c:/program files (x86)/atmel/studio/7.0/toolchain/avr8/avr8-gnu-toolchain/bin/../lib/gcc/avr/5.4.0/../../../../avr/lib/avr6\libm.a(fp_nan.o)
                              c:/program files (x86)/atmel/studio/7.0/toolchain/avr8/avr8-gnu-toolchain/bin/../lib/gcc/avr/5.4.0/../../../../avr/lib/avr6\libm.a(addsf3x.o) (__fp_nan)
c:/program files (x86)/atmel/studio/7.0/toolchain/avr8/avr8-gnu-toolchain/bin/../lib/gcc/avr/5.4.0/../../../../avr/lib/avr6\libm.a(fp_pscA.o)
                              c:/program files (x86)/atmel/studio/7.0/toolchain/avr8/avr8-gnu-toolchain/bin/../lib/gcc/avr/5.4.0/../../../../avr/lib/avr6\libm.a(addsf3x.o) (__fp_pscA)
c:/program files (x86)/atmel/studio/7.0/toolchain/avr8/avr8-gnu-toolchain/bin/../lib/gcc/avr/5.4.0/../../../../avr/lib/avr6\libm.a(fp_pscB.o)
                              c:/program files (x86)/atmel/studio/7.0/toolchain/avr8/avr8-gnu-toolchain/bin/../lib/gcc/avr/5.4.0/../../../../avr/lib/avr6\libm.a(addsf3x.o) (__fp_pscB)
c:/program files (x86)/atmel/studio/7.0/toolchain/avr8/avr8-gnu-toolchain/bin/../lib/gcc/avr/5.4.0/../../../../avr/lib/avr6\libm.a(fp_round.o)
                              c:/program files (x86)/atmel/studio/7.0/toolchain/avr8/avr8-gnu-toolchain/bin/../lib/gcc/avr/5.4.0/../../../../avr/lib/avr6\libm.a(addsf3.o) (__fp_round)
c:/program files (x86)/atmel/studio/7.0/toolchain/avr8/avr8-gnu-toolchain/bin/../lib/gcc/avr/5.4.0/../../../../avr/lib/avr6\libm.a(fp_split3.o)
                              c:/program files (x86)/atmel/studio/7.0/toolchain/avr8/avr8-gnu-toolchain/bin/../lib/gcc/avr/5.4.0/../../../../avr/lib/avr6\libm.a(addsf3x.o) (__fp_split3)
c:/program files (x86)/atmel/studio/7.0/toolchain/avr8/avr8-gnu-toolchain/bin/../lib/gcc/avr/5.4.0/../../../../avr/lib/avr6\libm.a(fp_zero.o)
                              c:/program files (x86)/atmel/studio/7.0/toolchain/avr8/avr8-gnu-toolchain/bin/../lib/gcc/avr/5.4.0/../../../../avr/lib/avr6\libm.a(addsf3x.o) (__fp_zero)
c:/program files (x86)/atmel/studio/7.0/toolchain/avr8/avr8-gnu-toolchain/bin/../lib/gcc/avr/5.4.0/../../../../avr/lib/avr6\libm.a(gesf2.o)
                              src/libraries/DHT_sensor_library/DHT.o (__gesf2)
c:/program files (x86)/atmel/studio/7.0/toolchain/avr8/avr8-gnu-toolchain/bin/../lib/gcc/avr/5.4.0/../../../../avr/lib/avr6\libm.a(mulsf3.o)
                              src/libraries/DHT_sensor_library/DHT.o (__mulsf3)
c:/program files (x86)/atmel/studio/7.0/toolchain/avr8/avr8-gnu-toolchain/bin/../lib/gcc/avr/5.4.0/../../../../avr/lib/avr6\libm.a(mulsf3x.o)
[...]
Memory Configuration

Name             Origin             Length             Attributes
text             0x00000000         0x00040000         xr
data             0x00800200         0x00002000         rw !x
eeprom           0x00810000         0x00001000         rw !x
fuse             0x00820000         0x00000003         rw !x
lock             0x00830000         0x00000400         rw !x
signature        0x00840000         0x00000400         rw !x
user_signatures  0x00850000         0x00000400         rw !x
*default*        0x00000000         0xffffffff

Linker script and memory map

Address of section .data set to 0x800200
LOAD C:/Program Files (x86)/Atmel/Studio/7.0/Packs/atmel/ATmega_DFP/1.6.364/gcc/dev/atmega2560/avr6/crtatmega2560.o
LOAD Sketch.o
LOAD src/libraries/Adafruit_BusIO/Adafruit_BusIO_Register.o
LOAD src/libraries/Adafruit_BusIO/Adafruit_I2CDevice.o
LOAD src/libraries/Adafruit_BusIO/Adafruit_SPIDevice.o
LOAD src/libraries/Adafruit_GFX_Library/Adafruit_GFX.o
LOAD src/libraries/Adafruit_GFX_Library/Adafruit_GrayOLED.o
LOAD src/libraries/Adafruit_GFX_Library/Adafruit_SPITFT.o
LOAD src/libraries/Adafruit_GFX_Library/examples/GFXcanvas/GFXcanvasSerialDemo.o
LOAD src/libraries/Adafruit_GFX_Library/fontconvert/fontconvert.o
LOAD src/libraries/Adafruit_GFX_Library/glcdfont.o
LOAD src/libraries/Adafruit_SSD1306/Adafruit_SSD1306.o
LOAD src/libraries/Adafruit_Unified_Sensor/Adafruit_Sensor.o
LOAD src/libraries/DHT_sensor_library/DHT.o
LOAD src/libraries/DHT_sensor_library/DHT_U.o
LOAD src/libraries/DS3231/DS3231.o
LOAD src/libraries/MPU6050/MPU6050.o
LOAD src/libraries/SPI/src/SPI.o
LOAD src/libraries/Wire/src/utility/twi.o
LOAD src/libraries/Wire/src/Wire.o
START GROUP
LOAD c:/program files (x86)/atmel/studio/7.0/toolchain/avr8/avr8-gnu-toolchain/bin/../lib/gcc/avr/5.4.0/../../../../avr/lib/avr6\libm.a
LOAD C:\Users\thoma\Documents\Atmel Studio\7.0\Opgave5-1\Opgave5-1\ArduinoCore\Debug\libArduinoCore.a
END GROUP
LOAD c:/program files (x86)/atmel/studio/7.0/toolchain/avr8/avr8-gnu-toolchain/bin/../lib/gcc/avr/5.4.0/avr6\libgcc.a
LOAD c:/program files (x86)/atmel/studio/7.0/toolchain/avr8/avr8-gnu-toolchain/bin/../lib/gcc/avr/5.4.0/../../../../avr/lib/avr6\libm.a
START GROUP
LOAD c:/program files (x86)/atmel/studio/7.0/toolchain/avr8/avr8-gnu-toolchain/bin/../lib/gcc/avr/5.4.0/avr6\libgcc.a
LOAD c:/program files (x86)/atmel/studio/7.0/toolchain/avr8/avr8-gnu-toolchain/bin/../lib/gcc/avr/5.4.0/../../../../avr/lib/avr6\libm.a
LOAD c:/program files (x86)/atmel/studio/7.0/toolchain/avr8/avr8-gnu-toolchain/bin/../lib/gcc/avr/5.4.0/../../../../avr/lib/avr6\libc.a
LOAD C:/Program Files (x86)/Atmel/Studio/7.0/Packs/atmel/ATmega_DFP/1.6.364/gcc/dev/atmega2560/avr6\libatmega2560.a
END GROUP
                0x00000000                __TEXT_REGION_ORIGIN__ = DEFINED (__TEXT_REGION_ORIGIN__)?__TEXT_REGION_ORIGIN__:0x0
                [0x00800200]                __DATA_REGION_ORIGIN__ = DEFINED (__DATA_REGION_ORIGIN__)?__DATA_REGION_ORIGIN__:0x800200
                [0x00040000]                __TEXT_REGION_LENGTH__ = DEFINED (__TEXT_REGION_LENGTH__)?__TEXT_REGION_LENGTH__:0x100000
                [0x00002000]                __DATA_REGION_LENGTH__ = DEFINED (__DATA_REGION_LENGTH__)?__DATA_REGION_LENGTH__:0xfe00
                [0x00001000]                __EEPROM_REGION_LENGTH__ = DEFINED (__EEPROM_REGION_LENGTH__)?__EEPROM_REGION_LENGTH__:0x10000
                [0x00000003]                __FUSE_REGION_LENGTH__ = DEFINED (__FUSE_REGION_LENGTH__)?__FUSE_REGION_LENGTH__:0x400
                0x00000400                __LOCK_REGION_LENGTH__ = DEFINED (__LOCK_REGION_LENGTH__)?__LOCK_REGION_LENGTH__:0x400
                0x00000400                __SIGNATURE_REGION_LENGTH__ = DEFINED (__SIGNATURE_REGION_LENGTH__)?__SIGNATURE_REGION_LENGTH__:0x400
                0x00000400                __USER_SIGNATURE_REGION_LENGTH__ = DEFINED (__USER_SIGNATURE_REGION_LENGTH__)?__USER_SIGNATURE_REGION_LENGTH__:0x400

.hash
 *(.hash)

.dynsym
 *(.dynsym)

.dynstr
 *(.dynstr)

.gnu.version
 *(.gnu.version)

.gnu.version_d
 *(.gnu.version_d)

.gnu.version_r
 *(.gnu.version_r)

.rel.init
 *(.rel.init)

.rela.init
 *(.rela.init)

.rel.text
 *(.rel.text)
 *(.rel.text.*)
 *(.rel.gnu.linkonce.t*)

.rela.text
 *(.rela.text)
 *(.rela.text.*)
 *(.rela.gnu.linkonce.t*)

.rel.fini
 *(.rel.fini)

.rela.fini
 *(.rela.fini)

.rel.rodata
 *(.rel.rodata)
 *(.rel.rodata.*)
 *(.rel.gnu.linkonce.r*)

.rela.rodata
 *(.rela.rodata)
 *(.rela.rodata.*)
 *(.rela.gnu.linkonce.r*)

.rel.data
 *(.rel.data)
 *(.rel.data.*)
 *(.rel.gnu.linkonce.d*)

.rela.data
 *(.rela.data)
 *(.rela.data.*)
 *(.rela.gnu.linkonce.d*)

.rel.ctors
 *(.rel.ctors)

.rela.ctors
 *(.rela.ctors)

.rel.dtors
 *(.rel.dtors)

.rela.dtors
 *(.rela.dtors)

.rel.got
 *(.rel.got)

.rela.got
 *(.rela.got)

.rel.bss
 *(.rel.bss)

.rela.bss
 *(.rela.bss)

.rel.plt
 *(.rel.plt)

.rela.plt
 *(.rela.plt)

.text           0x00000000     0x5f38
 *(.vectors)
 .vectors       0x00000000       0xe4 C:/Program Files (x86)/Atmel/Studio/7.0/Packs/atmel/ATmega_DFP/1.6.364/gcc/dev/atmega2560/avr6/crtatmega2560.o
                0x00000000                __vector_default
                0x00000000                __vectors
 *(.vectors)
 *(.progmem.gcc*)
 .progmem.gcc_sw_table._Z13checkSettingsv
                0x000000e4       0x10 Sketch.o
 .progmem.gcc_sw_table._ZN6DS323111setDateTimeEPKcS1_
                0x000000f4       0x26 src/libraries/DS3231/DS3231.o
 .progmem.gcc_sw_table.turnOffPWM
                0x0000011a       0x24 C:\Users\thoma\Documents\Atmel Studio\7.0\Opgave5-1\Opgave5-1\ArduinoCore\Debug\libArduinoCore.a(wiring_digital.o)
                0x0000013e                . = ALIGN (0x2)
                0x0000013e                __trampolines_start = .
 *(.trampolines)
 .trampolines   0x0000013e        0x0 linker stubs
 *(.trampolines*)
                0x0000013e                __trampolines_end = .
 *libprintf_flt.a:*(.progmem.data)
 *libc.a:*(.progmem.data)
 *(.progmem*)
 .progmem.data._ZZ4loopE3__c_2
                0x0000013e        0x3 Sketch.o
 .progmem.data._ZZ4loopE3__c_1
                0x00000141        0xe Sketch.o
 .progmem.data._ZZ4loopE3__c_0
                0x0000014f        0x3 Sketch.o
 .progmem.data._ZZ4loopE3__c
                0x00000152        0xb Sketch.o
 .progmem.data._ZZ5setupE3__c
                0x0000015d       0x1a Sketch.o
 .progmem.data._ZL4font
                0x00000177      0x500 src/libraries/Adafruit_GFX_Library/Adafruit_GFX.o
 .progmem.data._ZZN16Adafruit_SSD13067displayEvE6dlist1
                0x00000677        0x5 src/libraries/Adafruit_SSD1306/Adafruit_SSD1306.o
 .progmem.data._ZZN16Adafruit_SSD130621drawFastVLineInternalEiiijE8postmask
                0x0000067c        0x8 src/libraries/Adafruit_SSD1306/Adafruit_SSD1306.o
 .progmem.data._ZZN16Adafruit_SSD130621drawFastVLineInternalEiiijE7premask
                0x00000684        0x8 src/libraries/Adafruit_SSD1306/Adafruit_SSD1306.o
 .progmem.data._ZZN16Adafruit_SSD13065beginEhhbbE5init5
                0x0000068c        0x6 src/libraries/Adafruit_SSD1306/Adafruit_SSD1306.o
 .progmem.data._ZZN16Adafruit_SSD13065beginEhhbbE5init3
                0x00000692        0x4 src/libraries/Adafruit_SSD1306/Adafruit_SSD1306.o
 .progmem.data._ZZN16Adafruit_SSD13065beginEhhbbE5init2
                0x00000696        0x4 src/libraries/Adafruit_SSD1306/Adafruit_SSD1306.o
 .progmem.data._ZZN16Adafruit_SSD13065beginEhhbbE5init1
                0x0000069a        0x4 src/libraries/Adafruit_SSD1306/Adafruit_SSD1306.o
 .progmem.data._ZL12splash2_data
                0x0000069e      0x1e0 src/libraries/Adafruit_SSD1306/Adafruit_SSD1306.o
 .progmem.data._ZL12splash1_data
                0x0000087e      0x2c0 src/libraries/Adafruit_SSD1306/Adafruit_SSD1306.o
 .progmem.data._ZL8dowArray
                0x00000b3e        0xc src/libraries/DS3231/DS3231.o
 .progmem.data.digital_pin_to_timer_PGM
                0x00000b4a       0x46 C:\Users\thoma\Documents\Atmel Studio\7.0\Opgave5-1\Opgave5-1\ArduinoCore\Debug\libArduinoCore.a(wiring_digital.o)
                0x00000b4a                digital_pin_to_timer_PGM
 .progmem.data.digital_pin_to_bit_mask_PGM
                0x00000b90       0x46 C:\Users\thoma\Documents\Atmel Studio\7.0\Opgave5-1\Opgave5-1\ArduinoCore\Debug\libArduinoCore.a(wiring_digital.o)
                0x00000b90                digital_pin_to_bit_mask_PGM
 .progmem.data.digital_pin_to_port_PGM
                0x00000bd6       0x46 C:\Users\thoma\Documents\Atmel Studio\7.0\Opgave5-1\Opgave5-1\ArduinoCore\Debug\libArduinoCore.a(wiring_digital.o)
                0x00000bd6                digital_pin_to_port_PGM
 .progmem.data.port_to_input_PGM
                0x00000c1c       0x1a C:\Users\thoma\Documents\Atmel Studio\7.0\Opgave5-1\Opgave5-1\ArduinoCore\Debug\libArduinoCore.a(wiring_digital.o)
                0x00000c1c                port_to_input_PGM
 .progmem.data.port_to_output_PGM
                0x00000c36       0x1a C:\Users\thoma\Documents\Atmel Studio\7.0\Opgave5-1\Opgave5-1\ArduinoCore\Debug\libArduinoCore.a(wiring_digital.o)
                0x00000c36                port_to_output_PGM
 .progmem.data.port_to_mode_PGM
                0x00000c50       0x1a C:\Users\thoma\Documents\Atmel Studio\7.0\Opgave5-1\Opgave5-1\ArduinoCore\Debug\libArduinoCore.a(wiring_digital.o)
                0x00000c50                port_to_mode_PGM
                0x00000c6a                . = ALIGN (0x2)
 *(.jumptables)
 *(.jumptables*)
 *(.lowtext)
 *(.lowtext*)
                0x00000c6a                __ctors_start = .
 *(.ctors)
 .ctors         0x00000c6a        0x2 Sketch.o
 .ctors         0x00000c6c        0x2 src/libraries/Wire/src/Wire.o
 .ctors         0x00000c6e        0x2 C:\Users\thoma\Documents\Atmel Studio\7.0\Opgave5-1\Opgave5-1\ArduinoCore\Debug\libArduinoCore.a(HardwareSerial0.o)
                0x00000c70                __ctors_end = .
                0x00000c70                __dtors_start = .
 *(.dtors)
 .dtors         0x00000c70        0x2 Sketch.o
                0x00000c72                __dtors_end = .
 SORT(*)(.ctors)
 SORT(*)(.dtors)
 *(.init0)
 .init0         0x00000c72        0x0 C:/Program Files (x86)/Atmel/Studio/7.0/Packs/atmel/ATmega_DFP/1.6.364/gcc/dev/atmega2560/avr6/crtatmega2560.o
                0x00000c72                __init
 *(.init0)
 *(.init1)
 *(.init1)
 *(.init2)
 .init2         0x00000c72       0x10 C:/Program Files (x86)/Atmel/Studio/7.0/Packs/atmel/ATmega_DFP/1.6.364/gcc/dev/atmega2560/avr6/crtatmega2560.o
 *(.init2)
 *(.init3)
 *(.init3)
 *(.init4)
 .init4         0x00000c82       0x1a c:/program files (x86)/atmel/studio/7.0/toolchain/avr8/avr8-gnu-toolchain/bin/../lib/gcc/avr/5.4.0/avr6\libgcc.a(_copy_data.o)
                0x00000c82                __do_copy_data
 .init4         0x00000c9c       0x10 c:/program files (x86)/atmel/studio/7.0/toolchain/avr8/avr8-gnu-toolchain/bin/../lib/gcc/avr/5.4.0/avr6\libgcc.a(_clear_bss.o)
                0x00000c9c                __do_clear_bss
 *(.init4)
 *(.init5)
 *(.init5)
 *(.init6)
 .init6         0x00000cac       0x20 c:/program files (x86)/atmel/studio/7.0/toolchain/avr8/avr8-gnu-toolchain/bin/../lib/gcc/avr/5.4.0/avr6\libgcc.a(_ctors.o)
                0x00000cac                __do_global_ctors
 *(.init6)
 *(.init7)
 *(.init7)
 *(.init8)
 *(.init8)
 *(.init9)
 .init9         0x00000ccc        0x8 C:/Program Files (x86)/Atmel/Studio/7.0/Packs/atmel/ATmega_DFP/1.6.364/gcc/dev/atmega2560/avr6/crtatmega2560.o
 *(.init9)
 *(.text)
 .text          0x00000cd4        0x2 C:/Program Files (x86)/Atmel/Studio/7.0/Packs/atmel/ATmega_DFP/1.6.364/gcc/dev/atmega2560/avr6/crtatmega2560.o
                0x00000cd4                __vector_38
                0x00000cd4                __vector_22
                0x00000cd4                __vector_28
                0x00000cd4                __vector_1
                0x00000cd4                __vector_32
                0x00000cd4                __vector_34
                0x00000cd4                __vector_24
                0x00000cd4                __vector_12
                0x00000cd4                __vector_55
                0x00000cd4                __vector_46
                0x00000cd4                __bad_interrupt
                0x00000cd4                __vector_6
                0x00000cd4                __vector_31
                0x00000cd4                __vector_35
                0x00000cd4                __vector_3
                0x00000cd4                __vector_30
                0x00000cd4                __vector_45
                0x00000cd4                __vector_11
                0x00000cd4                __vector_54
                0x00000cd4                __vector_13
                0x00000cd4                __vector_17
                0x00000cd4                __vector_19
                0x00000cd4                __vector_56
                0x00000cd4                __vector_7
                0x00000cd4                __vector_49
                0x00000cd4                __vector_41
                0x00000cd4                __vector_43
                0x00000cd4                __vector_27
                0x00000cd4                __vector_5
                0x00000cd4                __vector_33
                0x00000cd4                __vector_47
                0x00000cd4                __vector_52
                0x00000cd4                __vector_37
                0x00000cd4                __vector_4
                0x00000cd4                __vector_44
                0x00000cd4                __vector_51
                0x00000cd4                __vector_9
                0x00000cd4                __vector_2
                0x00000cd4                __vector_21
                0x00000cd4                __vector_15
                0x00000cd4                __vector_36
                0x00000cd4                __vector_29
                0x00000cd4                __vector_40
                0x00000cd4                __vector_8
                0x00000cd4                __vector_48
                0x00000cd4                __vector_14
                0x00000cd4                __vector_53
                0x00000cd4                __vector_10
                0x00000cd4                __vector_50
                0x00000cd4                __vector_16
                0x00000cd4                __vector_18
                0x00000cd4                __vector_20
                0x00000cd4                __vector_42
                0x00000cd6                . = ALIGN (0x2)
 *(.text.*)
 .text._Z13checkSettingsv
                0x00000cd6      0x13a Sketch.o
                0x00000cd6                _Z13checkSettingsv
 .text.setup    0x00000e10       0xb6 Sketch.o
                0x00000e10                setup
 .text.startup._GLOBAL__sub_I_display
                0x00000ec6       0x5e Sketch.o
 .text.exit._GLOBAL__sub_D_display
                0x00000f24        0x8 Sketch.o
 .text.loop     0x00000f2c      0x110 Sketch.o
                0x00000f2c                loop
 .text._ZN8SPIClass16beginTransactionE11SPISettings
                0x0000103c       0x34 src/libraries/Adafruit_BusIO/Adafruit_SPIDevice.o
                0x0000103c                _ZN8SPIClass16beginTransactionE11SPISettings
 .text._ZN8SPIClass14endTransactionEv
                0x00001070       0x22 src/libraries/Adafruit_BusIO/Adafruit_SPIDevice.o
                0x00001070                _ZN8SPIClass14endTransactionEv
 .text._ZN5Print17availableForWriteEv
                0x00001092        0x6 src/libraries/Adafruit_GFX_Library/Adafruit_GFX.o
                0x00001092                _ZN5Print17availableForWriteEv
 .text._ZN5Print5flushEv
                0x00001098        0x2 src/libraries/Adafruit_GFX_Library/Adafruit_GFX.o
                0x00001098                _ZN5Print5flushEv
 .text._ZN12Adafruit_GFX9writeLineEiiiij
                0x0000109a      0x162 src/libraries/Adafruit_GFX_Library/Adafruit_GFX.o
                0x0000109a                _ZN12Adafruit_GFX9writeLineEiiiij
 .text._ZN12Adafruit_GFX10writePixelEiij
                0x000011fc        0xe src/libraries/Adafruit_GFX_Library/Adafruit_GFX.o
                0x000011fc                _ZN12Adafruit_GFX10writePixelEiij
 .text._ZN12Adafruit_GFX14writeFastVLineEiiij
                0x0000120a       0x18 src/libraries/Adafruit_GFX_Library/Adafruit_GFX.o
                0x0000120a                _ZN12Adafruit_GFX14writeFastVLineEiiij
 .text._ZN12Adafruit_GFX14writeFastHLineEiiij
                0x00001222       0x18 src/libraries/Adafruit_GFX_Library/Adafruit_GFX.o
                0x00001222                _ZN12Adafruit_GFX14writeFastHLineEiiij
 .text._ZN12Adafruit_GFX13writeFillRectEiiiij
                0x0000123a       0x20 src/libraries/Adafruit_GFX_Library/Adafruit_GFX.o
                0x0000123a                _ZN12Adafruit_GFX13writeFillRectEiiiij
 .text._ZN12Adafruit_GFX8endWriteEv
                0x0000125a        0x2 src/libraries/Adafruit_GFX_Library/Adafruit_GFX.o
                0x0000125a                _ZN12Adafruit_GFX10startWriteEv
                0x0000125a                _ZN12Adafruit_GFX8endWriteEv
 .text._ZN12Adafruit_GFX13drawFastVLineEiiij
                0x0000125c       0x72 src/libraries/Adafruit_GFX_Library/Adafruit_GFX.o
                0x0000125c                _ZN12Adafruit_GFX13drawFastVLineEiiij
 .text._ZN12Adafruit_GFX13drawFastHLineEiiij
                0x000012ce       0x72 src/libraries/Adafruit_GFX_Library/Adafruit_GFX.o
                0x000012ce                _ZN12Adafruit_GFX13drawFastHLineEiiij
 .text._ZN12Adafruit_GFX8fillRectEiiiij
                0x00001340       0x8a src/libraries/Adafruit_GFX_Library/Adafruit_GFX.o
                0x00001340                _ZN12Adafruit_GFX8fillRectEiiiij
 .text._ZN12Adafruit_GFX10fillScreenEj
                0x000013ca       0x3a src/libraries/Adafruit_GFX_Library/Adafruit_GFX.o
                0x000013ca                _ZN12Adafruit_GFX10fillScreenEj
 .text._ZN12Adafruit_GFX8drawLineEiiiij
                0x00001404       0xda src/libraries/Adafruit_GFX_Library/Adafruit_GFX.o
                0x00001404                _ZN12Adafruit_GFX8drawLineEiiiij
 .text._ZN12Adafruit_GFX8drawRectEiiiij
                0x000014de       0xbe src/libraries/Adafruit_GFX_Library/Adafruit_GFX.o
                0x000014de                _ZN12Adafruit_GFX8drawRectEiiiij
 .text._ZN12Adafruit_GFX13invertDisplayEb
                0x0000159c        0x2 src/libraries/Adafruit_GFX_Library/Adafruit_GFX.o
                0x0000159c                _ZN12Adafruit_GFX13invertDisplayEb
 .text._ZN12Adafruit_GFX11setRotationEh
                0x0000159e       0x2a src/libraries/Adafruit_GFX_Library/Adafruit_GFX.o
                0x0000159e                _ZN12Adafruit_GFX11setRotationEh
 .text._ZN12Adafruit_GFXC2Eii
                0x000015c8       0x44 src/libraries/Adafruit_GFX_Library/Adafruit_GFX.o
                0x000015c8                _ZN12Adafruit_GFXC2Eii
                0x000015c8                _ZN12Adafruit_GFXC1Eii
 .text._ZN12Adafruit_GFX10drawBitmapEiiPKhiij
                0x0000160c      0x13c src/libraries/Adafruit_GFX_Library/Adafruit_GFX.o
                0x0000160c                _ZN12Adafruit_GFX10drawBitmapEiiPKhiij
 .text._ZN12Adafruit_GFX8drawCharEiihjjhh
                0x00001748      0x46a src/libraries/Adafruit_GFX_Library/Adafruit_GFX.o
                0x00001748                _ZN12Adafruit_GFX8drawCharEiihjjhh
 .text._ZN12Adafruit_GFX5writeEh
                0x00001bb2      0x1ac src/libraries/Adafruit_GFX_Library/Adafruit_GFX.o
                0x00001bb2                _ZN12Adafruit_GFX5writeEh
 .text._ZN12Adafruit_GFX11setTextSizeEhh
                0x00001d5e       0x16 src/libraries/Adafruit_GFX_Library/Adafruit_GFX.o
                0x00001d5e                _ZN12Adafruit_GFX11setTextSizeEhh
 .text._ZN12Adafruit_GFX11setTextSizeEh
                0x00001d74        0x4 src/libraries/Adafruit_GFX_Library/Adafruit_GFX.o
                0x00001d74                _ZN12Adafruit_GFX11setTextSizeEh
 .text._ZN16Adafruit_SSD13069drawPixelEiij
                0x00001d78      0x17a src/libraries/Adafruit_SSD1306/Adafruit_SSD1306.o
                0x00001d78                _ZN16Adafruit_SSD13069drawPixelEiij
 .text._ZN8SPIClass8transferEh
                0x00001ef2        0xe src/libraries/Adafruit_SSD1306/Adafruit_SSD1306.o
                0x00001ef2                _ZN8SPIClass8transferEh
 .text._ZN16Adafruit_SSD1306C2EhhP7TwoWireamm
                0x00001f00       0x94 src/libraries/Adafruit_SSD1306/Adafruit_SSD1306.o
                0x00001f00                _ZN16Adafruit_SSD1306C2EhhP7TwoWireamm
                0x00001f00                _ZN16Adafruit_SSD1306C1EhhP7TwoWireamm
 .text._ZN16Adafruit_SSD1306D2Ev
                0x00001f94       0x18 src/libraries/Adafruit_SSD1306/Adafruit_SSD1306.o
                0x00001f94                _ZN16Adafruit_SSD1306D1Ev
                0x00001f94                _ZN16Adafruit_SSD1306D2Ev
 .text._ZN16Adafruit_SSD130616ssd1306_command1Eh
                0x00001fac       0xc0 src/libraries/Adafruit_SSD1306/Adafruit_SSD1306.o
                0x00001fac                _ZN16Adafruit_SSD130616ssd1306_command1Eh
 .text._ZN16Adafruit_SSD130613invertDisplayEb
                0x0000206c       0x8c src/libraries/Adafruit_SSD1306/Adafruit_SSD1306.o
                0x0000206c                _ZN16Adafruit_SSD130613invertDisplayEb
 .text._ZN16Adafruit_SSD130619ssd1306_commandListEPKhh
                0x000020f8      0x14e src/libraries/Adafruit_SSD1306/Adafruit_SSD1306.o
                0x000020f8                _ZN16Adafruit_SSD130619ssd1306_commandListEPKhh
 .text._ZN16Adafruit_SSD130612clearDisplayEv
                0x00002246       0x3c src/libraries/Adafruit_SSD1306/Adafruit_SSD1306.o
                0x00002246                _ZN16Adafruit_SSD130612clearDisplayEv
 .text._ZN16Adafruit_SSD13065beginEhhbb
                0x00002282      0x386 src/libraries/Adafruit_SSD1306/Adafruit_SSD1306.o
                0x00002282                _ZN16Adafruit_SSD13065beginEhhbb
 .text._ZN16Adafruit_SSD130621drawFastHLineInternalEiiij
                0x00002608       0xe0 src/libraries/Adafruit_SSD1306/Adafruit_SSD1306.o
                0x00002608                _ZN16Adafruit_SSD130621drawFastHLineInternalEiiij
 .text._ZN16Adafruit_SSD130621drawFastVLineInternalEiiij
                0x000026e8      0x16a src/libraries/Adafruit_SSD1306/Adafruit_SSD1306.o
                0x000026e8                _ZN16Adafruit_SSD130621drawFastVLineInternalEiiij
 .text._ZN16Adafruit_SSD130613drawFastHLineEiiij
                0x00002852       0x7e src/libraries/Adafruit_SSD1306/Adafruit_SSD1306.o
                0x00002852                _ZN16Adafruit_SSD130613drawFastHLineEiiij
 .text._ZN16Adafruit_SSD130613drawFastVLineEiiij
                0x000028d0       0x80 src/libraries/Adafruit_SSD1306/Adafruit_SSD1306.o
                0x000028d0                _ZN16Adafruit_SSD130613drawFastVLineEiiij
 .text._ZN16Adafruit_SSD13067displayEv
                0x00002950      0x1de src/libraries/Adafruit_SSD1306/Adafruit_SSD1306.o
                0x00002950                _ZN16Adafruit_SSD13067displayEv
 .text._ZN3DHTC2Ehhh
                0x00002b2e       0x42 src/libraries/DHT_sensor_library/DHT.o
                0x00002b2e                _ZN3DHTC1Ehhh
                0x00002b2e                _ZN3DHTC2Ehhh
 .text._ZN3DHT5beginEh
                0x00002b70       0x34 src/libraries/DHT_sensor_library/DHT.o
                0x00002b70                _ZN3DHT5beginEh
 .text._ZN3DHT16computeHeatIndexEffb
                0x00002ba4      0x45a src/libraries/DHT_sensor_library/DHT.o
                0x00002ba4                _ZN3DHT16computeHeatIndexEffb
 .text._ZN3DHT11expectPulseEb
                0x00002ffe       0x7a src/libraries/DHT_sensor_library/DHT.o
                0x00002ffe                _ZN3DHT11expectPulseEb
 .text._ZN3DHT4readEb
                0x00003078      0x1f6 src/libraries/DHT_sensor_library/DHT.o
                0x00003078                _ZN3DHT4readEb
 .text._ZN3DHT15readTemperatureEbb
                0x0000326e      0x128 src/libraries/DHT_sensor_library/DHT.o
                0x0000326e                _ZN3DHT15readTemperatureEbb
 .text._ZN3DHT12readHumidityEb
                0x00003396       0x90 src/libraries/DHT_sensor_library/DHT.o
                0x00003396                _ZN3DHT12readHumidityEb
 .text._ZN3DHT16computeHeatIndexEb
                0x00003426       0x46 src/libraries/DHT_sensor_library/DHT.o
                0x00003426                _ZN3DHT16computeHeatIndexEb
 .text._ZN7TwoWire5writeEi
                0x0000346c        0xe src/libraries/DS3231/DS3231.o
                0x0000346c                _ZN7TwoWire5writeEi
 .text._ZN6DS32316conv2dEPKc
                0x0000347a       0x1c src/libraries/DS3231/DS3231.o
                0x0000347a                _ZN6DS32316conv2dEPKc
 .text._ZN6DS32313dowEjhh
                0x00003496       0x6c src/libraries/DS3231/DS3231.o
                0x00003496                _ZN6DS32313dowEjhh
 .text._ZN6DS323111setDateTimeEjhhhhh
                0x00003502      0x11e src/libraries/DS3231/DS3231.o
                0x00003502                _ZN6DS323111setDateTimeEjhhhhh
 .text._ZN6DS323111setDateTimeEPKcS1_
                0x00003620       0xe2 src/libraries/DS3231/DS3231.o
                0x00003620                _ZN6DS323111setDateTimeEPKcS1_
 .text._ZN6DS323114writeRegister8Ehh
                0x00003702       0x34 src/libraries/DS3231/DS3231.o
                0x00003702                _ZN6DS323114writeRegister8Ehh
 .text._ZN6DS323113readRegister8Eh
                0x00003736       0x56 src/libraries/DS3231/DS3231.o
                0x00003736                _ZN6DS323113readRegister8Eh
 .text._ZN6DS323110setBatteryEbb
                0x0000378c       0x36 src/libraries/DS3231/DS3231.o
                0x0000378c                _ZN6DS323110setBatteryEbb
 .text._ZN6DS32315beginEv
                0x000037c2       0x46 src/libraries/DS3231/DS3231.o
                0x000037c2                _ZN6DS32315beginEv
 .text._ZN7MPU605013fastRegister8Eh
                0x00003808       0x64 src/libraries/MPU6050/MPU6050.o
                0x00003808                _ZN7MPU605013fastRegister8Eh
 .text._ZN7MPU605013readRegister8Eh
                0x0000386c       0x6c src/libraries/MPU6050/MPU6050.o
                0x0000386c                _ZN7MPU605013readRegister8Eh
 .text._ZN7MPU60508getScaleEv
                0x000038d8        0xe src/libraries/MPU6050/MPU6050.o
                0x000038d8                _ZN7MPU60508getScaleEv
 .text._ZN7MPU605014getClockSourceEv
                0x000038e6        0x8 src/libraries/MPU6050/MPU6050.o
                0x000038e6                _ZN7MPU605014getClockSourceEv
 .text._ZN7MPU605015readRegisterBitEhh
                0x000038ee       0x18 src/libraries/MPU6050/MPU6050.o
                0x000038ee                _ZN7MPU605015readRegisterBitEhh
 .text._ZN7MPU605015getSleepEnabledEv
                0x00003906        0x6 src/libraries/MPU6050/MPU6050.o
                0x00003906                _ZN7MPU605015getSleepEnabledEv
 .text._ZN7MPU605014writeRegister8Ehh
                0x0000390c       0x3a src/libraries/MPU6050/MPU6050.o
                0x0000390c                _ZN7MPU605014writeRegister8Ehh
 .text._ZN7MPU60508setScaleE13mpu6050_dps_t
                0x00003946       0x6c src/libraries/MPU6050/MPU6050.o
                0x00003946                _ZN7MPU60508setScaleE13mpu6050_dps_t
 .text._ZN7MPU60508setRangeE15mpu6050_range_t
                0x000039b2       0x6c src/libraries/MPU6050/MPU6050.o
                0x000039b2                _ZN7MPU60508setRangeE15mpu6050_range_t
 .text._ZN7MPU605014setClockSourceE21mpu6050_clockSource_t
                0x00003a1e       0x20 src/libraries/MPU6050/MPU6050.o
                0x00003a1e                _ZN7MPU605014setClockSourceE21mpu6050_clockSource_t
 .text._ZN7MPU605016writeRegisterBitEhhb
                0x00003a3e       0x3c src/libraries/MPU6050/MPU6050.o
                0x00003a3e                _ZN7MPU605016writeRegisterBitEhhb
 .text._ZN7MPU605015setSleepEnabledEb
                0x00003a7a        0x8 src/libraries/MPU6050/MPU6050.o
                0x00003a7a                _ZN7MPU605015setSleepEnabledEb
 .text._ZN7MPU60505beginE13mpu6050_dps_t15mpu6050_range_ti
                0x00003a82       0x96 src/libraries/MPU6050/MPU6050.o
                0x00003a82                _ZN7MPU60505beginE13mpu6050_dps_t15mpu6050_range_ti
 .text._ZN7MPU605014readRegister16Eh
                0x00003b18       0x78 src/libraries/MPU6050/MPU6050.o
                0x00003b18                _ZN7MPU605014readRegister16Eh
 .text._ZN7MPU605014getGyroOffsetXEv
                0x00003b90        0x4 src/libraries/MPU6050/MPU6050.o
                0x00003b90                _ZN7MPU605014getGyroOffsetXEv
 .text._ZN7MPU605014getGyroOffsetYEv
                0x00003b94        0x4 src/libraries/MPU6050/MPU6050.o
                0x00003b94                _ZN7MPU605014getGyroOffsetYEv
 .text._ZN7MPU605014getGyroOffsetZEv
                0x00003b98        0x4 src/libraries/MPU6050/MPU6050.o
                0x00003b98                _ZN7MPU605014getGyroOffsetZEv
 .text._ZN7MPU605011readRawGyroEv
                0x00003b9c      0x128 src/libraries/MPU6050/MPU6050.o
                0x00003b9c                _ZN7MPU605011readRawGyroEv
 .text._ZN7MPU605013calibrateGyroEh
                0x00003cc4      0x30c src/libraries/MPU6050/MPU6050.o
                0x00003cc4                _ZN7MPU605013calibrateGyroEh
 .text._ZN7MPU605012setThresholdEh
                0x00003fd0       0xcc src/libraries/MPU6050/MPU6050.o
                0x00003fd0                _ZN7MPU605012setThresholdEh
 .text._ZN8SPIClass5beginEv
                0x0000409c       0x6c src/libraries/SPI/src/SPI.o
                0x0000409c                _ZN8SPIClass5beginEv
 .text.twi_init
                0x00004108       0x3c src/libraries/Wire/src/utility/twi.o
                0x00004108                twi_init
 .text.twi_disable
                0x00004144       0x1a src/libraries/Wire/src/utility/twi.o
                0x00004144                twi_disable
 .text.twi_setFrequency
                0x0000415e       0x28 src/libraries/Wire/src/utility/twi.o
                0x0000415e                twi_setFrequency
 .text.twi_transmit
                0x00004186       0x50 src/libraries/Wire/src/utility/twi.o
                0x00004186                twi_transmit
 .text.twi_attachSlaveRxEvent
                0x000041d6        0xa src/libraries/Wire/src/utility/twi.o
                0x000041d6                twi_attachSlaveRxEvent
 .text.twi_attachSlaveTxEvent
                0x000041e0        0xa src/libraries/Wire/src/utility/twi.o
                0x000041e0                twi_attachSlaveTxEvent
 .text.twi_releaseBus
                0x000041ea        0xc src/libraries/Wire/src/utility/twi.o
                0x000041ea                twi_releaseBus
 .text.twi_handleTimeout
                0x000041f6       0x28 src/libraries/Wire/src/utility/twi.o
                0x000041f6                twi_handleTimeout
 .text.twi_readFrom
                0x0000421e      0x1ce src/libraries/Wire/src/utility/twi.o
                0x0000421e                twi_readFrom
 .text.twi_writeTo
                0x000043ec      0x1de src/libraries/Wire/src/utility/twi.o
                0x000043ec                twi_writeTo
 .text.twi_stop
                0x000045ca       0x6e src/libraries/Wire/src/utility/twi.o
                0x000045ca                twi_stop
 .text.__vector_39
                0x00004638      0x25c src/libraries/Wire/src/utility/twi.o
                0x00004638                __vector_39
 .text._ZN7TwoWire9availableEv
                0x00004894       0x10 src/libraries/Wire/src/Wire.o
                0x00004894                _ZN7TwoWire9availableEv
 .text._ZN7TwoWire4readEv
                0x000048a4       0x28 src/libraries/Wire/src/Wire.o
                0x000048a4                _ZN7TwoWire4readEv
 .text._ZN7TwoWire4peekEv
                0x000048cc       0x1e src/libraries/Wire/src/Wire.o
                0x000048cc                _ZN7TwoWire4peekEv
 .text._ZN7TwoWire5flushEv
                0x000048ea        0x2 src/libraries/Wire/src/Wire.o
                0x000048ea                _ZN7TwoWire5flushEv
 .text._ZN7TwoWire16onReceiveServiceEPhi
                0x000048ec       0x54 src/libraries/Wire/src/Wire.o
                0x000048ec                _ZN7TwoWire16onReceiveServiceEPhi
 .text._ZN7TwoWire16onRequestServiceEv
                0x00004940       0x18 src/libraries/Wire/src/Wire.o
                0x00004940                _ZN7TwoWire16onRequestServiceEv
 .text._ZN7TwoWire5writeEPKhj
                0x00004958       0x58 src/libraries/Wire/src/Wire.o
                0x00004958                _ZN7TwoWire5writeEPKhj
 .text._ZN7TwoWire5writeEh
                0x000049b0       0x5c src/libraries/Wire/src/Wire.o
                0x000049b0                _ZN7TwoWire5writeEh
 .text._ZN7TwoWireC2Ev
                0x00004a0c       0x20 src/libraries/Wire/src/Wire.o
                0x00004a0c                _ZN7TwoWireC1Ev
                0x00004a0c                _ZN7TwoWireC2Ev
 .text._ZN7TwoWire5beginEv
                0x00004a2c       0x1e src/libraries/Wire/src/Wire.o
                0x00004a2c                _ZN7TwoWire5beginEv
 .text._ZN7TwoWire8setClockEm
                0x00004a4a        0x6 src/libraries/Wire/src/Wire.o
                0x00004a4a                _ZN7TwoWire8setClockEm
 .text._ZN7TwoWire17beginTransmissionEh
                0x00004a50       0x14 src/libraries/Wire/src/Wire.o
                0x00004a50                _ZN7TwoWire17beginTransmissionEh
 .text._ZN7TwoWire17beginTransmissionEi
                0x00004a64        0x2 src/libraries/Wire/src/Wire.o
                0x00004a64                _ZN7TwoWire17beginTransmissionEi
 .text._ZN7TwoWire15endTransmissionEh
                0x00004a66       0x24 src/libraries/Wire/src/Wire.o
                0x00004a66                _ZN7TwoWire15endTransmissionEh
 .text._ZN7TwoWire11requestFromEhhmhh
                0x00004a8a       0xa2 src/libraries/Wire/src/Wire.o
                0x00004a8a                _ZN7TwoWire11requestFromEhhmhh
 .text._ZN7TwoWire11requestFromEhhh
                0x00004b2c       0x1e src/libraries/Wire/src/Wire.o
                0x00004b2c                _ZN7TwoWire11requestFromEhhh
 .text._ZN7TwoWire11requestFromEii
                0x00004b4a        0x4 src/libraries/Wire/src/Wire.o
                0x00004b4a                _ZN7TwoWire11requestFromEii
 .text._ZN7TwoWire15endTransmissionEv
                0x00004b4e        0x4 src/libraries/Wire/src/Wire.o
                0x00004b4e                _ZN7TwoWire15endTransmissionEv
 .text.startup._GLOBAL__sub_I__ZN7TwoWire8rxBufferE
                0x00004b52        0x6 src/libraries/Wire/src/Wire.o
 .text.avr-libc.fplib
                0x00004b58        0xa c:/program files (x86)/atmel/studio/7.0/toolchain/avr8/avr8-gnu-toolchain/bin/../lib/gcc/avr/5.4.0/../../../../avr/lib/avr6\libm.a(addsf3.o)
                0x00004b58                __subsf3
                0x00004b5a                __addsf3
 .text.avr-libc.fplib
                0x00004b62       0xc0 c:/program files (x86)/atmel/studio/7.0/toolchain/avr8/avr8-gnu-toolchain/bin/../lib/gcc/avr/5.4.0/../../../../avr/lib/avr6\libm.a(addsf3x.o)
                0x00004b7c                __addsf3x
 .text.avr-libc.fplib
                0x00004c22        0x8 c:/program files (x86)/atmel/studio/7.0/toolchain/avr8/avr8-gnu-toolchain/bin/../lib/gcc/avr/5.4.0/../../../../avr/lib/avr6\libm.a(cmpsf2.o)
                0x00004c22                __nesf2
                0x00004c22                __eqsf2
                0x00004c22                __cmpsf2
                0x00004c22                __ltsf2
                0x00004c22                __lesf2
 .text.avr-libc.fplib
                0x00004c2a        0x4 c:/program files (x86)/atmel/studio/7.0/toolchain/avr8/avr8-gnu-toolchain/bin/../lib/gcc/avr/5.4.0/../../../../avr/lib/avr6\libm.a(divsf3.o)
                0x00004c2a                __divsf3
 .text.avr-libc.fplib
                0x00004c2e       0xcc c:/program files (x86)/atmel/studio/7.0/toolchain/avr8/avr8-gnu-toolchain/bin/../lib/gcc/avr/5.4.0/../../../../avr/lib/avr6\libm.a(divsf3x.o)
                0x00004c44                __divsf3x
                0x00004c48                __divsf3_pse
 .text.avr-libc.fplib
                0x00004cfa       0x58 c:/program files (x86)/atmel/studio/7.0/toolchain/avr8/avr8-gnu-toolchain/bin/../lib/gcc/avr/5.4.0/../../../../avr/lib/avr6\libm.a(fixunssfsi.o)
                0x00004cfa                __fixunssfsi
 .text.avr-libc.fplib
                0x00004d52       0x7a c:/program files (x86)/atmel/studio/7.0/toolchain/avr8/avr8-gnu-toolchain/bin/../lib/gcc/avr/5.4.0/../../../../avr/lib/avr6\libm.a(floatsisf.o)
                0x00004d52                __floatunsisf
                0x00004d56                __floatsisf
 .text.avr-libc.fplib
                0x00004dcc       0x48 c:/program files (x86)/atmel/studio/7.0/toolchain/avr8/avr8-gnu-toolchain/bin/../lib/gcc/avr/5.4.0/../../../../avr/lib/avr6\libm.a(fp_cmp.o)
                0x00004dcc                __fp_cmp
 .text.avr-libc.fplib
                0x00004e14        0xc c:/program files (x86)/atmel/studio/7.0/toolchain/avr8/avr8-gnu-toolchain/bin/../lib/gcc/avr/5.4.0/../../../../avr/lib/avr6\libm.a(fp_inf.o)
                0x00004e14                __fp_inf
 .text.avr-libc.fplib
                0x00004e20        0x6 c:/program files (x86)/atmel/studio/7.0/toolchain/avr8/avr8-gnu-toolchain/bin/../lib/gcc/avr/5.4.0/../../../../avr/lib/avr6\libm.a(fp_nan.o)
                0x00004e20                __fp_nan
 .text.avr-libc.fplib
                0x00004e26        0xe c:/program files (x86)/atmel/studio/7.0/toolchain/avr8/avr8-gnu-toolchain/bin/../lib/gcc/avr/5.4.0/../../../../avr/lib/avr6\libm.a(fp_pscA.o)
                0x00004e26                __fp_pscA
 .text.avr-libc.fplib
                0x00004e34        0xe c:/program files (x86)/atmel/studio/7.0/toolchain/avr8/avr8-gnu-toolchain/bin/../lib/gcc/avr/5.4.0/../../../../avr/lib/avr6\libm.a(fp_pscB.o)
                0x00004e34                __fp_pscB
 .text.avr-libc.fplib
                0x00004e42       0x22 c:/program files (x86)/atmel/studio/7.0/toolchain/avr8/avr8-gnu-toolchain/bin/../lib/gcc/avr/5.4.0/../../../../avr/lib/avr6\libm.a(fp_round.o)
                0x00004e42                __fp_round
 .text.avr-libc.fplib
                0x00004e64       0x44 c:/program files (x86)/atmel/studio/7.0/toolchain/avr8/avr8-gnu-toolchain/bin/../lib/gcc/avr/5.4.0/../../../../avr/lib/avr6\libm.a(fp_split3.o)
                0x00004e64                __fp_split3
                0x00004e74                __fp_splitA
 .text.avr-libc.fplib
                0x00004ea8        0xe c:/program files (x86)/atmel/studio/7.0/toolchain/avr8/avr8-gnu-toolchain/bin/../lib/gcc/avr/5.4.0/../../../../avr/lib/avr6\libm.a(fp_zero.o)
                0x00004ea8                __fp_zero
                0x00004eaa                __fp_szero
 .text.avr-libc.fplib
                0x00004eb6        0x8 c:/program files (x86)/atmel/studio/7.0/toolchain/avr8/avr8-gnu-toolchain/bin/../lib/gcc/avr/5.4.0/../../../../avr/lib/avr6\libm.a(gesf2.o)
                0x00004eb6                __gesf2
                0x00004eb6                __gtsf2
 .text.avr-libc.fplib
                0x00004ebe        0x4 c:/program files (x86)/atmel/studio/7.0/toolchain/avr8/avr8-gnu-toolchain/bin/../lib/gcc/avr/5.4.0/../../../../avr/lib/avr6\libm.a(mulsf3.o)
                0x00004ebe                __mulsf3
 .text.avr-libc.fplib
                0x00004ec2       0xc2 c:/program files (x86)/atmel/studio/7.0/toolchain/avr8/avr8-gnu-toolchain/bin/../lib/gcc/avr/5.4.0/../../../../avr/lib/avr6\libm.a(mulsf3x.o)
                0x00004ed6                __mulsf3x
                0x00004eda                __mulsf3_pse
 .text.avr-libc.fplib
                0x00004f84       0x84 c:/program files (x86)/atmel/studio/7.0/toolchain/avr8/avr8-gnu-toolchain/bin/../lib/gcc/avr/5.4.0/../../../../avr/lib/avr6\libm.a(sqrt.o)
                0x00004f8c                sqrtf
                0x00004f8c                sqrt
 .text.avr-libc.fplib
                0x00005008       0x1c c:/program files (x86)/atmel/studio/7.0/toolchain/avr8/avr8-gnu-toolchain/bin/../lib/gcc/avr/5.4.0/../../../../avr/lib/avr6\libm.a(fp_mpack.o)
                0x00005008                __fp_mpack
                0x0000500c                __fp_mpack_finite
 .text.avr-libc.fplib
                0x00005024        0xe c:/program files (x86)/atmel/studio/7.0/toolchain/avr8/avr8-gnu-toolchain/bin/../lib/gcc/avr/5.4.0/../../../../avr/lib/avr6\libm.a(fp_norm2.o)
                0x00005024                __fp_norm2
 .text.__cxa_pure_virtual
                0x00005032        0x2 C:\Users\thoma\Documents\Atmel Studio\7.0\Opgave5-1\Opgave5-1\ArduinoCore\Debug\libArduinoCore.a(abi.o)
                0x00005032                __cxa_pure_virtual
 .text._ZN14HardwareSerial9availableEv
                0x00005034       0x18 C:\Users\thoma\Documents\Atmel Studio\7.0\Opgave5-1\Opgave5-1\ArduinoCore\Debug\libArduinoCore.a(HardwareSerial.o)
                0x00005034                _ZN14HardwareSerial9availableEv
 .text._ZN14HardwareSerial4peekEv
                0x0000504c       0x1c C:\Users\thoma\Documents\Atmel Studio\7.0\Opgave5-1\Opgave5-1\ArduinoCore\Debug\libArduinoCore.a(HardwareSerial.o)
                0x0000504c                _ZN14HardwareSerial4peekEv
 .text._ZN14HardwareSerial4readEv
                0x00005068       0x28 C:\Users\thoma\Documents\Atmel Studio\7.0\Opgave5-1\Opgave5-1\ArduinoCore\Debug\libArduinoCore.a(HardwareSerial.o)
                0x00005068                _ZN14HardwareSerial4readEv
 .text._ZN14HardwareSerial17availableForWriteEv
                0x00005090       0x1e C:\Users\thoma\Documents\Atmel Studio\7.0\Opgave5-1\Opgave5-1\ArduinoCore\Debug\libArduinoCore.a(HardwareSerial.o)
                0x00005090                _ZN14HardwareSerial17availableForWriteEv
 .text._Z14serialEventRunv
                0x000050ae       0x78 C:\Users\thoma\Documents\Atmel Studio\7.0\Opgave5-1\Opgave5-1\ArduinoCore\Debug\libArduinoCore.a(HardwareSerial.o)
                0x000050ae                _Z14serialEventRunv
 .text._ZN14HardwareSerial17_tx_udr_empty_irqEv
                0x00005126       0x44 C:\Users\thoma\Documents\Atmel Studio\7.0\Opgave5-1\Opgave5-1\ArduinoCore\Debug\libArduinoCore.a(HardwareSerial.o)
                0x00005126                _ZN14HardwareSerial17_tx_udr_empty_irqEv
 .text._ZN14HardwareSerial5writeEh
                0x0000516a       0x98 C:\Users\thoma\Documents\Atmel Studio\7.0\Opgave5-1\Opgave5-1\ArduinoCore\Debug\libArduinoCore.a(HardwareSerial.o)
                0x0000516a                _ZN14HardwareSerial5writeEh
 .text._ZN14HardwareSerial5flushEv
                0x00005202       0x42 C:\Users\thoma\Documents\Atmel Studio\7.0\Opgave5-1\Opgave5-1\ArduinoCore\Debug\libArduinoCore.a(HardwareSerial.o)
                0x00005202                _ZN14HardwareSerial5flushEv
 .text._ZN14HardwareSerial5beginEmh
                0x00005244       0xc6 C:\Users\thoma\Documents\Atmel Studio\7.0\Opgave5-1\Opgave5-1\ArduinoCore\Debug\libArduinoCore.a(HardwareSerial.o)
                0x00005244                _ZN14HardwareSerial5beginEmh
 .text.__vector_25
                0x0000530a       0x6c C:\Users\thoma\Documents\Atmel Studio\7.0\Opgave5-1\Opgave5-1\ArduinoCore\Debug\libArduinoCore.a(HardwareSerial0.o)
                0x0000530a                __vector_25
 .text.__vector_26
                0x00005376       0x52 C:\Users\thoma\Documents\Atmel Studio\7.0\Opgave5-1\Opgave5-1\ArduinoCore\Debug\libArduinoCore.a(HardwareSerial0.o)
                0x00005376                __vector_26
 .text._Z17Serial0_availablev
                0x000053c8       0x12 C:\Users\thoma\Documents\Atmel Studio\7.0\Opgave5-1\Opgave5-1\ArduinoCore\Debug\libArduinoCore.a(HardwareSerial0.o)
                0x000053c8                _Z17Serial0_availablev
 .text.startup._GLOBAL__sub_I___vector_25
                0x000053da       0x5a C:\Users\thoma\Documents\Atmel Studio\7.0\Opgave5-1\Opgave5-1\ArduinoCore\Debug\libArduinoCore.a(HardwareSerial0.o)
 .text.initVariant
                0x00005434        0x2 C:\Users\thoma\Documents\Atmel Studio\7.0\Opgave5-1\Opgave5-1\ArduinoCore\Debug\libArduinoCore.a(main.o)
                0x00005434                initVariant
 .text.startup.main
                0x00005436       0x18 C:\Users\thoma\Documents\Atmel Studio\7.0\Opgave5-1\Opgave5-1\ArduinoCore\Debug\libArduinoCore.a(main.o)
                0x00005436                main
 .text._ZN5Print5writeEPKhj
                0x0000544e       0x54 C:\Users\thoma\Documents\Atmel Studio\7.0\Opgave5-1\Opgave5-1\ArduinoCore\Debug\libArduinoCore.a(Print.o)
                0x0000544e                _ZN5Print5writeEPKhj
 .text._ZN5Print5writeEPKc
                0x000054a2       0x2a C:\Users\thoma\Documents\Atmel Studio\7.0\Opgave5-1\Opgave5-1\ArduinoCore\Debug\libArduinoCore.a(Print.o)
                0x000054a2                _ZN5Print5writeEPKc
 .text._ZN5Print5printEPK19__FlashStringHelper
                0x000054cc       0x48 C:\Users\thoma\Documents\Atmel Studio\7.0\Opgave5-1\Opgave5-1\ArduinoCore\Debug\libArduinoCore.a(Print.o)
                0x000054cc                _ZN5Print5printEPK19__FlashStringHelper
 .text._ZN5Print5printEPKc
                0x00005514        0x2 C:\Users\thoma\Documents\Atmel Studio\7.0\Opgave5-1\Opgave5-1\ArduinoCore\Debug\libArduinoCore.a(Print.o)
                0x00005514                _ZN5Print5printEPKc
 .text._ZN5Print5printEc
                0x00005516        0xe C:\Users\thoma\Documents\Atmel Studio\7.0\Opgave5-1\Opgave5-1\ArduinoCore\Debug\libArduinoCore.a(Print.o)
                0x00005516                _ZN5Print5printEc
 .text._ZN5Print7printlnEv
                0x00005524        0x6 C:\Users\thoma\Documents\Atmel Studio\7.0\Opgave5-1\Opgave5-1\ArduinoCore\Debug\libArduinoCore.a(Print.o)
                0x00005524                _ZN5Print7printlnEv
 .text._ZN5Print7printlnEPK19__FlashStringHelper
                0x0000552a       0x20 C:\Users\thoma\Documents\Atmel Studio\7.0\Opgave5-1\Opgave5-1\ArduinoCore\Debug\libArduinoCore.a(Print.o)
                0x0000552a                _ZN5Print7printlnEPK19__FlashStringHelper
 .text._ZN5Print7printlnEPKc
                0x0000554a       0x20 C:\Users\thoma\Documents\Atmel Studio\7.0\Opgave5-1\Opgave5-1\ArduinoCore\Debug\libArduinoCore.a(Print.o)
                0x0000554a                _ZN5Print7printlnEPKc
 .text._ZN5Print11printNumberEmh
                0x0000556a       0x8e C:\Users\thoma\Documents\Atmel Studio\7.0\Opgave5-1\Opgave5-1\ArduinoCore\Debug\libArduinoCore.a(Print.o)
                0x0000556a                _ZN5Print11printNumberEmh
 .text._ZN5Print5printEmi
                0x000055f8       0x18 C:\Users\thoma\Documents\Atmel Studio\7.0\Opgave5-1\Opgave5-1\ArduinoCore\Debug\libArduinoCore.a(Print.o)
                0x000055f8                _ZN5Print5printEmi
 .text._ZN5Print5printEji
                0x00005610        0xa C:\Users\thoma\Documents\Atmel Studio\7.0\Opgave5-1\Opgave5-1\ArduinoCore\Debug\libArduinoCore.a(Print.o)
                0x00005610                _ZN5Print5printEji
 .text._ZN5Print5printEli
                0x0000561a       0x8a C:\Users\thoma\Documents\Atmel Studio\7.0\Opgave5-1\Opgave5-1\ArduinoCore\Debug\libArduinoCore.a(Print.o)
                0x0000561a                _ZN5Print5printEli
 .text._ZN5Print5printEii
                0x000056a4        0xc C:\Users\thoma\Documents\Atmel Studio\7.0\Opgave5-1\Opgave5-1\ArduinoCore\Debug\libArduinoCore.a(Print.o)
                0x000056a4                _ZN5Print5printEii
 .text._ZN5Print7printlnEii
                0x000056b0       0x20 C:\Users\thoma\Documents\Atmel Studio\7.0\Opgave5-1\Opgave5-1\ArduinoCore\Debug\libArduinoCore.a(Print.o)
                0x000056b0                _ZN5Print7printlnEii
 .text._ZN5Print10printFloatEdh
                0x000056d0      0x18e C:\Users\thoma\Documents\Atmel Studio\7.0\Opgave5-1\Opgave5-1\ArduinoCore\Debug\libArduinoCore.a(Print.o)
                0x000056d0                _ZN5Print10printFloatEdh
 .text._ZN5Print5printEdi
                0x0000585e        0x2 C:\Users\thoma\Documents\Atmel Studio\7.0\Opgave5-1\Opgave5-1\ArduinoCore\Debug\libArduinoCore.a(Print.o)
                0x0000585e                _ZN5Print5printEdi
 .text.__vector_23
                0x00005860       0x94 C:\Users\thoma\Documents\Atmel Studio\7.0\Opgave5-1\Opgave5-1\ArduinoCore\Debug\libArduinoCore.a(wiring.o)
                0x00005860                __vector_23
 .text.millis   0x000058f4       0x18 C:\Users\thoma\Documents\Atmel Studio\7.0\Opgave5-1\Opgave5-1\ArduinoCore\Debug\libArduinoCore.a(wiring.o)
                0x000058f4                millis
 .text.micros   0x0000590c       0x4a C:\Users\thoma\Documents\Atmel Studio\7.0\Opgave5-1\Opgave5-1\ArduinoCore\Debug\libArduinoCore.a(wiring.o)
                0x0000590c                micros
 .text.delay    0x00005956       0x72 C:\Users\thoma\Documents\Atmel Studio\7.0\Opgave5-1\Opgave5-1\ArduinoCore\Debug\libArduinoCore.a(wiring.o)
                0x00005956                delay
 .text.delayMicroseconds
                0x000059c8       0x16 C:\Users\thoma\Documents\Atmel Studio\7.0\Opgave5-1\Opgave5-1\ArduinoCore\Debug\libArduinoCore.a(wiring.o)
                0x000059c8                delayMicroseconds
 .text.init     0x000059de       0xc4 C:\Users\thoma\Documents\Atmel Studio\7.0\Opgave5-1\Opgave5-1\ArduinoCore\Debug\libArduinoCore.a(wiring.o)
                0x000059de                init
 .text.turnOffPWM
                0x00005aa2       0xaa C:\Users\thoma\Documents\Atmel Studio\7.0\Opgave5-1\Opgave5-1\ArduinoCore\Debug\libArduinoCore.a(wiring_digital.o)
 .text.pinMode  0x00005b4c       0x78 C:\Users\thoma\Documents\Atmel Studio\7.0\Opgave5-1\Opgave5-1\ArduinoCore\Debug\libArduinoCore.a(wiring_digital.o)
                0x00005b4c                pinMode
 .text.digitalWrite
                0x00005bc4       0x5c C:\Users\thoma\Documents\Atmel Studio\7.0\Opgave5-1\Opgave5-1\ArduinoCore\Debug\libArduinoCore.a(wiring_digital.o)
                0x00005bc4                digitalWrite
 .text.__empty  0x00005c20        0x2 C:\Users\thoma\Documents\Atmel Studio\7.0\Opgave5-1\Opgave5-1\ArduinoCore\Debug\libArduinoCore.a(hooks.o)
                0x00005c20                yield
 .text.avr-libc.fplib
                0x00005c22        0x8 c:/program files (x86)/atmel/studio/7.0/toolchain/avr8/avr8-gnu-toolchain/bin/../lib/gcc/avr/5.4.0/../../../../avr/lib/avr6\libm.a(unordsf2.o)
                0x00005c22                __unordsf2
 .text.libgcc.div
                0x00005c2a       0x18 c:/program files (x86)/atmel/studio/7.0/toolchain/avr8/avr8-gnu-toolchain/bin/../lib/gcc/avr/5.4.0/avr6\libgcc.a(_udivmodqi4.o)
                0x00005c2a                __udivmodqi4
 .text.libgcc.div
                0x00005c42       0x28 c:/program files (x86)/atmel/studio/7.0/toolchain/avr8/avr8-gnu-toolchain/bin/../lib/gcc/avr/5.4.0/avr6\libgcc.a(_udivmodhi4.o)
                0x00005c42                __udivmodhi4
 .text.libgcc.div
                0x00005c6a       0x44 c:/program files (x86)/atmel/studio/7.0/toolchain/avr8/avr8-gnu-toolchain/bin/../lib/gcc/avr/5.4.0/avr6\libgcc.a(_udivmodsi4.o)
                0x00005c6a                __udivmodsi4
 .text.libgcc   0x00005cae       0x10 c:/program files (x86)/atmel/studio/7.0/toolchain/avr8/avr8-gnu-toolchain/bin/../lib/gcc/avr/5.4.0/avr6\libgcc.a(_tablejump2.o)
                0x00005cae                __tablejump2__
 .text.avr-libc
                0x00005cbe      0x242 c:/program files (x86)/atmel/studio/7.0/toolchain/avr8/avr8-gnu-toolchain/bin/../lib/gcc/avr/5.4.0/../../../../avr/lib/avr6\libc.a(malloc.o)
                0x00005cbe                malloc
                0x00005dee                free
 .text.avr-libc
                0x00005f00        0x8 c:/program files (x86)/atmel/studio/7.0/toolchain/avr8/avr8-gnu-toolchain/bin/../lib/gcc/avr/5.4.0/../../../../avr/lib/avr6\libc.a(abort.o)
                0x00005f00                abort
 .text.avr-libc
                0x00005f08        0xe c:/program files (x86)/atmel/studio/7.0/toolchain/avr8/avr8-gnu-toolchain/bin/../lib/gcc/avr/5.4.0/../../../../avr/lib/avr6\libc.a(memset.o)
                0x00005f08                memset
                0x00005f16                . = ALIGN (0x2)
 *(.fini9)
 .fini9         0x00005f16        0x0 c:/program files (x86)/atmel/studio/7.0/toolchain/avr8/avr8-gnu-toolchain/bin/../lib/gcc/avr/5.4.0/avr6\libgcc.a(_exit.o)
                0x00005f16                _exit
                0x00005f16                exit
 *(.fini9)
 *(.fini8)
 *(.fini8)
 *(.fini7)
 *(.fini7)
 *(.fini6)
 .fini6         0x00005f16       0x1e c:/program files (x86)/atmel/studio/7.0/toolchain/avr8/avr8-gnu-toolchain/bin/../lib/gcc/avr/5.4.0/avr6\libgcc.a(_dtors.o)
                0x00005f16                __do_global_dtors
 *(.fini6)
 *(.fini5)
 *(.fini5)
 *(.fini4)
 *(.fini4)
 *(.fini3)
 *(.fini3)
 *(.fini2)
 *(.fini2)
 *(.fini1)
 *(.fini1)
 *(.fini0)
 .fini0         0x00005f34        0x4 c:/program files (x86)/atmel/studio/7.0/toolchain/avr8/avr8-gnu-toolchain/bin/../lib/gcc/avr/5.4.0/avr6\libgcc.a(_exit.o)
 *(.fini0)
                0x00005f38                _etext = .

.data           0x00800200      0x2b2 load address 0x00005f38
                0x00800200                PROVIDE (__data_start, .)
 *(.data)
 .data          0x00800200        0x6 c:/program files (x86)/atmel/studio/7.0/toolchain/avr8/avr8-gnu-toolchain/bin/../lib/gcc/avr/5.4.0/../../../../avr/lib/avr6\libc.a(malloc.o)
                0x00800200                __malloc_heap_end
                0x00800202                __malloc_heap_start
                0x00800204                __malloc_margin
 *(.data*)
 *(.gnu.linkonce.d*)
 *(.rodata)
 *(.rodata*)
 .rodata.str1.1
                0x00800206      0x221 Sketch.o
                                0x224 (size before relaxing)
 .rodata._ZTV12Adafruit_GFX
                0x00800427       0x2c src/libraries/Adafruit_GFX_Library/Adafruit_GFX.o
                0x00800427                _ZTV12Adafruit_GFX
 .rodata._ZTV16Adafruit_SSD1306
                0x00800453       0x2c src/libraries/Adafruit_SSD1306/Adafruit_SSD1306.o
                0x00800453                _ZTV16Adafruit_SSD1306
 .rodata._ZTV7TwoWire
                0x0080047f       0x12 src/libraries/Wire/src/Wire.o
                0x0080047f                _ZTV7TwoWire
 .rodata._ZTV14HardwareSerial
                0x00800491       0x12 C:\Users\thoma\Documents\Atmel Studio\7.0\Opgave5-1\Opgave5-1\ArduinoCore\Debug\libArduinoCore.a(HardwareSerial.o)
                0x00800491                _ZTV14HardwareSerial
 .rodata.str1.1
                0x008004a3        0xf C:\Users\thoma\Documents\Atmel Studio\7.0\Opgave5-1\Opgave5-1\ArduinoCore\Debug\libArduinoCore.a(Print.o)
 *(.gnu.linkonce.r*)
                0x008004b2                . = ALIGN (0x2)
                0x008004b2                _edata = .
                0x008004b2                PROVIDE (__data_end, .)

.bss            0x008004b2      0x245
                0x008004b2                PROVIDE (__bss_start, .)
 *(.bss)
 *(.bss*)
 .bss.dht       0x008004b2       0x13 Sketch.o
                0x008004b2                dht
 .bss.mpu       0x008004c5       0x6e Sketch.o
                0x008004c5                mpu
 .bss.clock     0x00800533        0xc Sketch.o
                0x00800533                clock
 .bss.display   0x0080053f       0x40 Sketch.o
                0x0080053f                display
 .bss._ZN8SPIClass13interruptSaveE
                0x0080057f        0x1 src/libraries/SPI/src/SPI.o
                0x0080057f                _ZN8SPIClass13interruptSaveE
 .bss._ZN8SPIClass13interruptMaskE
                0x00800580        0x1 src/libraries/SPI/src/SPI.o
                0x00800580                _ZN8SPIClass13interruptMaskE
 .bss._ZN8SPIClass13interruptModeE
                0x00800581        0x1 src/libraries/SPI/src/SPI.o
                0x00800581                _ZN8SPIClass13interruptModeE
 .bss._ZN8SPIClass11initializedE
                0x00800582        0x1 src/libraries/SPI/src/SPI.o
                0x00800582                _ZN8SPIClass11initializedE
 .bss.twi_error
                0x00800583        0x1 src/libraries/Wire/src/utility/twi.o
 .bss.twi_rxBufferIndex
                0x00800584        0x1 src/libraries/Wire/src/utility/twi.o
 .bss.twi_rxBuffer
                0x00800585       0x20 src/libraries/Wire/src/utility/twi.o
 .bss.twi_txBufferLength
                0x008005a5        0x1 src/libraries/Wire/src/utility/twi.o
 .bss.twi_txBufferIndex
                0x008005a6        0x1 src/libraries/Wire/src/utility/twi.o
 .bss.twi_txBuffer
                0x008005a7       0x20 src/libraries/Wire/src/utility/twi.o
 .bss.twi_masterBufferLength
                0x008005c7        0x1 src/libraries/Wire/src/utility/twi.o
 .bss.twi_masterBufferIndex
                0x008005c8        0x1 src/libraries/Wire/src/utility/twi.o
 .bss.twi_masterBuffer
                0x008005c9       0x20 src/libraries/Wire/src/utility/twi.o
 .bss.twi_onSlaveReceive
                0x008005e9        0x2 src/libraries/Wire/src/utility/twi.o
 .bss.twi_onSlaveTransmit
                0x008005eb        0x2 src/libraries/Wire/src/utility/twi.o
 .bss.twi_do_reset_on_timeout
                0x008005ed        0x1 src/libraries/Wire/src/utility/twi.o
 .bss.twi_timed_out_flag
                0x008005ee        0x1 src/libraries/Wire/src/utility/twi.o
 .bss.twi_timeout_us
                0x008005ef        0x4 src/libraries/Wire/src/utility/twi.o
 .bss.twi_inRepStart
                0x008005f3        0x1 src/libraries/Wire/src/utility/twi.o
 .bss.twi_sendStop
                0x008005f4        0x1 src/libraries/Wire/src/utility/twi.o
 .bss.twi_slarw
                0x008005f5        0x1 src/libraries/Wire/src/utility/twi.o
 .bss.twi_state
                0x008005f6        0x1 src/libraries/Wire/src/utility/twi.o
 .bss.Wire      0x008005f7        0xc src/libraries/Wire/src/Wire.o
                0x008005f7                Wire
 .bss._ZN7TwoWire14user_onReceiveE
                0x00800603        0x2 src/libraries/Wire/src/Wire.o
                0x00800603                _ZN7TwoWire14user_onReceiveE
 .bss._ZN7TwoWire14user_onRequestE
                0x00800605        0x2 src/libraries/Wire/src/Wire.o
                0x00800605                _ZN7TwoWire14user_onRequestE
 .bss._ZN7TwoWire12transmittingE
                0x00800607        0x1 src/libraries/Wire/src/Wire.o
                0x00800607                _ZN7TwoWire12transmittingE
 .bss._ZN7TwoWire14txBufferLengthE
                0x00800608        0x1 src/libraries/Wire/src/Wire.o
                0x00800608                _ZN7TwoWire14txBufferLengthE
 .bss._ZN7TwoWire13txBufferIndexE
                0x00800609        0x1 src/libraries/Wire/src/Wire.o
                0x00800609                _ZN7TwoWire13txBufferIndexE
 .bss._ZN7TwoWire8txBufferE
                0x0080060a       0x20 src/libraries/Wire/src/Wire.o
                0x0080060a                _ZN7TwoWire8txBufferE
 .bss._ZN7TwoWire9txAddressE
                0x0080062a        0x1 src/libraries/Wire/src/Wire.o
                0x0080062a                _ZN7TwoWire9txAddressE
 .bss._ZN7TwoWire14rxBufferLengthE
                0x0080062b        0x1 src/libraries/Wire/src/Wire.o
                0x0080062b                _ZN7TwoWire14rxBufferLengthE
 .bss._ZN7TwoWire13rxBufferIndexE
                0x0080062c        0x1 src/libraries/Wire/src/Wire.o
                0x0080062c                _ZN7TwoWire13rxBufferIndexE
 .bss._ZN7TwoWire8rxBufferE
                0x0080062d       0x20 src/libraries/Wire/src/Wire.o
                0x0080062d                _ZN7TwoWire8rxBufferE
 .bss.Serial    0x0080064d       0x9d C:\Users\thoma\Documents\Atmel Studio\7.0\Opgave5-1\Opgave5-1\ArduinoCore\Debug\libArduinoCore.a(HardwareSerial0.o)
                0x0080064d                Serial
 .bss.timer0_fract
                0x008006ea        0x1 C:\Users\thoma\Documents\Atmel Studio\7.0\Opgave5-1\Opgave5-1\ArduinoCore\Debug\libArduinoCore.a(wiring.o)
 .bss.timer0_millis
                0x008006eb        0x4 C:\Users\thoma\Documents\Atmel Studio\7.0\Opgave5-1\Opgave5-1\ArduinoCore\Debug\libArduinoCore.a(wiring.o)
                0x008006eb                timer0_millis
 .bss.timer0_overflow_count
                0x008006ef        0x4 C:\Users\thoma\Documents\Atmel Studio\7.0\Opgave5-1\Opgave5-1\ArduinoCore\Debug\libArduinoCore.a(wiring.o)
                0x008006ef                timer0_overflow_count
 *(COMMON)
 COMMON         0x008006f3        0x4 c:/program files (x86)/atmel/studio/7.0/toolchain/avr8/avr8-gnu-toolchain/bin/../lib/gcc/avr/5.4.0/../../../../avr/lib/avr6\libc.a(malloc.o)
                0x008006f3                __brkval
                0x008006f5                __flp
                0x008006f7                PROVIDE (__bss_end, .)
                0x00005f38                __data_load_start = LOADADDR (.data)
                0x000061ea                __data_load_end = (__data_load_start + SIZEOF (.data))

.noinit         0x008006f7        0x0
                [!provide]                PROVIDE (__noinit_start, .)
 *(.noinit*)
                [!provide]                PROVIDE (__noinit_end, .)
                0x008006f7                _end = .
                0x008006f7                PROVIDE (__heap_start, .)

.eeprom         0x00810000        0x0
 *(.eeprom*)
                0x00810000                __eeprom_end = .

.fuse
 *(.fuse)
 *(.lfuse)
 *(.hfuse)
 *(.efuse)

.lock
 *(.lock*)

.signature
 *(.signature*)

.user_signatures
 *(.user_signatures*)

.stab
 *(.stab)

.stabstr
 *(.stabstr)

.stab.excl
 *(.stab.excl)

.stab.exclstr
 *(.stab.exclstr)

.stab.index
 *(.stab.index)

.stab.indexstr
 *(.stab.indexstr)

.comment        0x00000000       0x30
 *(.comment)
 .comment       0x00000000       0x30 Sketch.o
                                 0x31 (size before relaxing)
 .comment       0x00000030       0x31 src/libraries/Adafruit_BusIO/Adafruit_SPIDevice.o
 .comment       0x00000030       0x31 src/libraries/Adafruit_GFX_Library/Adafruit_GFX.o
 .comment       0x00000030       0x31 src/libraries/Adafruit_SSD1306/Adafruit_SSD1306.o
 .comment       0x00000030       0x31 src/libraries/DHT_sensor_library/DHT.o
 .comment       0x00000030       0x31 src/libraries/DS3231/DS3231.o
 .comment       0x00000030       0x31 src/libraries/MPU6050/MPU6050.o
 .comment       0x00000030       0x31 src/libraries/SPI/src/SPI.o
 .comment       0x00000030       0x31 src/libraries/Wire/src/utility/twi.o
 .comment       0x00000030       0x31 src/libraries/Wire/src/Wire.o
 .comment       0x00000030       0x31 C:\Users\thoma\Documents\Atmel Studio\7.0\Opgave5-1\Opgave5-1\ArduinoCore\Debug\libArduinoCore.a(abi.o)
 .comment       0x00000030       0x31 C:\Users\thoma\Documents\Atmel Studio\7.0\Opgave5-1\Opgave5-1\ArduinoCore\Debug\libArduinoCore.a(HardwareSerial.o)
 .comment       0x00000030       0x31 C:\Users\thoma\Documents\Atmel Studio\7.0\Opgave5-1\Opgave5-1\ArduinoCore\Debug\libArduinoCore.a(HardwareSerial0.o)
 .comment       0x00000030       0x31 C:\Users\thoma\Documents\Atmel Studio\7.0\Opgave5-1\Opgave5-1\ArduinoCore\Debug\libArduinoCore.a(main.o)
 .comment       0x00000030       0x31 C:\Users\thoma\Documents\Atmel Studio\7.0\Opgave5-1\Opgave5-1\ArduinoCore\Debug\libArduinoCore.a(Print.o)
 .comment       0x00000030       0x31 C:\Users\thoma\Documents\Atmel Studio\7.0\Opgave5-1\Opgave5-1\ArduinoCore\Debug\libArduinoCore.a(wiring.o)
 .comment       0x00000030       0x31 C:\Users\thoma\Documents\Atmel Studio\7.0\Opgave5-1\Opgave5-1\ArduinoCore\Debug\libArduinoCore.a(wiring_digital.o)
 .comment       0x00000030       0x31 C:\Users\thoma\Documents\Atmel Studio\7.0\Opgave5-1\Opgave5-1\ArduinoCore\Debug\libArduinoCore.a(hooks.o)
 .comment       0x00000030       0x31 c:/program files (x86)/atmel/studio/7.0/toolchain/avr8/avr8-gnu-toolchain/bin/../lib/gcc/avr/5.4.0/../../../../avr/lib/avr6\libc.a(malloc.o)

.note.gnu.avr.deviceinfo
                0x00000000       0x40
 .note.gnu.avr.deviceinfo
                0x00000000       0x40 C:/Program Files (x86)/Atmel/Studio/7.0/Packs/atmel/ATmega_DFP/1.6.364/gcc/dev/atmega2560/avr6/crtatmega2560.o

.note.gnu.build-id
 *(.note.gnu.build-id)

.debug
 *(.debug)

.line
 *(.line)

.debug_srcinfo
 *(.debug_srcinfo)

.debug_sfnames
 *(.debug_sfnames)

.debug_aranges  0x00000000      0xd70
 *(.debug_aranges)
 .debug_aranges
                0x00000000       0x50 Sketch.o
 .debug_aranges
                0x00000050       0x88 src/libraries/Adafruit_BusIO/Adafruit_SPIDevice.o
 .debug_aranges
                0x000000d8      0x2d8 src/libraries/Adafruit_GFX_Library/Adafruit_GFX.o
 .debug_aranges
                0x000003b0      0x118 src/libraries/Adafruit_SSD1306/Adafruit_SSD1306.o
 .debug_aranges
                0x000004c8       0x68 src/libraries/DHT_sensor_library/DHT.o
 .debug_aranges
                0x00000530      0x1a0 src/libraries/DS3231/DS3231.o
 .debug_aranges
                0x000006d0      0x220 src/libraries/MPU6050/MPU6050.o
 .debug_aranges
                0x000008f0       0x38 src/libraries/SPI/src/SPI.o
 .debug_aranges
                0x00000928       0x98 src/libraries/Wire/src/utility/twi.o
 .debug_aranges
                0x000009c0      0x110 src/libraries/Wire/src/Wire.o
 .debug_aranges
                0x00000ad0       0x20 C:\Users\thoma\Documents\Atmel Studio\7.0\Opgave5-1\Opgave5-1\ArduinoCore\Debug\libArduinoCore.a(abi.o)
 .debug_aranges
                0x00000af0       0x68 C:\Users\thoma\Documents\Atmel Studio\7.0\Opgave5-1\Opgave5-1\ArduinoCore\Debug\libArduinoCore.a(HardwareSerial.o)
 .debug_aranges
                0x00000b58       0x48 C:\Users\thoma\Documents\Atmel Studio\7.0\Opgave5-1\Opgave5-1\ArduinoCore\Debug\libArduinoCore.a(HardwareSerial0.o)
 .debug_aranges
                0x00000ba0       0x30 C:\Users\thoma\Documents\Atmel Studio\7.0\Opgave5-1\Opgave5-1\ArduinoCore\Debug\libArduinoCore.a(main.o)
 .debug_aranges
                0x00000bd0      0x100 C:\Users\thoma\Documents\Atmel Studio\7.0\Opgave5-1\Opgave5-1\ArduinoCore\Debug\libArduinoCore.a(Print.o)
 .debug_aranges
                0x00000cd0       0x48 C:\Users\thoma\Documents\Atmel Studio\7.0\Opgave5-1\Opgave5-1\ArduinoCore\Debug\libArduinoCore.a(wiring.o)
 .debug_aranges
                0x00000d18       0x38 C:\Users\thoma\Documents\Atmel Studio\7.0\Opgave5-1\Opgave5-1\ArduinoCore\Debug\libArduinoCore.a(wiring_digital.o)
 .debug_aranges
                0x00000d50       0x20 C:\Users\thoma\Documents\Atmel Studio\7.0\Opgave5-1\Opgave5-1\ArduinoCore\Debug\libArduinoCore.a(hooks.o)

.debug_pubnames
 *(.debug_pubnames)

.debug_info     0x00000000    0x21409
 *(.debug_info .gnu.linkonce.wi.*)
 .debug_info    0x00000000      0xbbc C:/Program Files (x86)/Atmel/Studio/7.0/Packs/atmel/ATmega_DFP/1.6.364/gcc/dev/atmega2560/avr6/crtatmega2560.o
 .debug_info    0x00000bbc     0x2dba Sketch.o
 .debug_info    0x00003976     0x1664 src/libraries/Adafruit_BusIO/Adafruit_SPIDevice.o
 .debug_info    0x00004fda     0x87f7 src/libraries/Adafruit_GFX_Library/Adafruit_GFX.o
 .debug_info    0x0000d7d1     0x2d77 src/libraries/Adafruit_SSD1306/Adafruit_SSD1306.o
 .debug_info    0x00010548      0xd25 src/libraries/DHT_sensor_library/DHT.o
 .debug_info    0x0001126d     0x2c16 src/libraries/DS3231/DS3231.o
 .debug_info    0x00013e83     0x2a94 src/libraries/MPU6050/MPU6050.o
 .debug_info    0x00016917      0x6cd src/libraries/SPI/src/SPI.o
 .debug_info    0x00016fe4      0x93a src/libraries/Wire/src/utility/twi.o
 .debug_info    0x0001791e     0x2910 src/libraries/Wire/src/Wire.o
 .debug_info    0x0001a22e       0x76 C:\Users\thoma\Documents\Atmel Studio\7.0\Opgave5-1\Opgave5-1\ArduinoCore\Debug\libArduinoCore.a(abi.o)
 .debug_info    0x0001a2a4     0x205e C:\Users\thoma\Documents\Atmel Studio\7.0\Opgave5-1\Opgave5-1\ArduinoCore\Debug\libArduinoCore.a(HardwareSerial.o)
 .debug_info    0x0001c302     0x1b74 C:\Users\thoma\Documents\Atmel Studio\7.0\Opgave5-1\Opgave5-1\ArduinoCore\Debug\libArduinoCore.a(HardwareSerial0.o)
 .debug_info    0x0001de76      0x295 C:\Users\thoma\Documents\Atmel Studio\7.0\Opgave5-1\Opgave5-1\ArduinoCore\Debug\libArduinoCore.a(main.o)
 .debug_info    0x0001e10b     0x295d C:\Users\thoma\Documents\Atmel Studio\7.0\Opgave5-1\Opgave5-1\ArduinoCore\Debug\libArduinoCore.a(Print.o)
 .debug_info    0x00020a68      0x329 C:\Users\thoma\Documents\Atmel Studio\7.0\Opgave5-1\Opgave5-1\ArduinoCore\Debug\libArduinoCore.a(wiring.o)
 .debug_info    0x00020d91      0x63a C:\Users\thoma\Documents\Atmel Studio\7.0\Opgave5-1\Opgave5-1\ArduinoCore\Debug\libArduinoCore.a(wiring_digital.o)
 .debug_info    0x000213cb       0x3e C:\Users\thoma\Documents\Atmel Studio\7.0\Opgave5-1\Opgave5-1\ArduinoCore\Debug\libArduinoCore.a(hooks.o)

.debug_abbrev   0x00000000     0x47dc
 *(.debug_abbrev)
 .debug_abbrev  0x00000000      0xb1a C:/Program Files (x86)/Atmel/Studio/7.0/Packs/atmel/ATmega_DFP/1.6.364/gcc/dev/atmega2560/avr6/crtatmega2560.o
 .debug_abbrev  0x00000b1a      0x405 Sketch.o
 .debug_abbrev  0x00000f1f      0x449 src/libraries/Adafruit_BusIO/Adafruit_SPIDevice.o
 .debug_abbrev  0x00001368      0x6d8 src/libraries/Adafruit_GFX_Library/Adafruit_GFX.o
 .debug_abbrev  0x00001a40      0x5f6 src/libraries/Adafruit_SSD1306/Adafruit_SSD1306.o
 .debug_abbrev  0x00002036      0x3ac src/libraries/DHT_sensor_library/DHT.o
 .debug_abbrev  0x000023e2      0x44e src/libraries/DS3231/DS3231.o
 .debug_abbrev  0x00002830      0x371 src/libraries/MPU6050/MPU6050.o
 .debug_abbrev  0x00002ba1      0x283 src/libraries/SPI/src/SPI.o
 .debug_abbrev  0x00002e24      0x2f2 src/libraries/Wire/src/utility/twi.o
 .debug_abbrev  0x00003116      0x563 src/libraries/Wire/src/Wire.o
 .debug_abbrev  0x00003679       0x6d C:\Users\thoma\Documents\Atmel Studio\7.0\Opgave5-1\Opgave5-1\ArduinoCore\Debug\libArduinoCore.a(abi.o)
 .debug_abbrev  0x000036e6      0x4b7 C:\Users\thoma\Documents\Atmel Studio\7.0\Opgave5-1\Opgave5-1\ArduinoCore\Debug\libArduinoCore.a(HardwareSerial.o)
 .debug_abbrev  0x00003b9d      0x3ce C:\Users\thoma\Documents\Atmel Studio\7.0\Opgave5-1\Opgave5-1\ArduinoCore\Debug\libArduinoCore.a(HardwareSerial0.o)
 .debug_abbrev  0x00003f6b      0x12d C:\Users\thoma\Documents\Atmel Studio\7.0\Opgave5-1\Opgave5-1\ArduinoCore\Debug\libArduinoCore.a(main.o)
 .debug_abbrev  0x00004098      0x47a C:\Users\thoma\Documents\Atmel Studio\7.0\Opgave5-1\Opgave5-1\ArduinoCore\Debug\libArduinoCore.a(Print.o)
 .debug_abbrev  0x00004512      0x146 C:\Users\thoma\Documents\Atmel Studio\7.0\Opgave5-1\Opgave5-1\ArduinoCore\Debug\libArduinoCore.a(wiring.o)
 .debug_abbrev  0x00004658      0x15a C:\Users\thoma\Documents\Atmel Studio\7.0\Opgave5-1\Opgave5-1\ArduinoCore\Debug\libArduinoCore.a(wiring_digital.o)
 .debug_abbrev  0x000047b2       0x2a C:\Users\thoma\Documents\Atmel Studio\7.0\Opgave5-1\Opgave5-1\ArduinoCore\Debug\libArduinoCore.a(hooks.o)

.debug_line     0x00000000     0x910b
 *(.debug_line .debug_line.* .debug_line_end)
 .debug_line    0x00000000      0x1fa C:/Program Files (x86)/Atmel/Studio/7.0/Packs/atmel/ATmega_DFP/1.6.364/gcc/dev/atmega2560/avr6/crtatmega2560.o
 .debug_line    0x000001fa      0x6f0 Sketch.o
 .debug_line    0x000008ea      0x733 src/libraries/Adafruit_BusIO/Adafruit_SPIDevice.o
 .debug_line    0x0000101d     0x2606 src/libraries/Adafruit_GFX_Library/Adafruit_GFX.o
 .debug_line    0x00003623     0x12dc src/libraries/Adafruit_SSD1306/Adafruit_SSD1306.o
 .debug_line    0x000048ff      0x4f3 src/libraries/DHT_sensor_library/DHT.o
 .debug_line    0x00004df2      0xfa2 src/libraries/DS3231/DS3231.o
 .debug_line    0x00005d94      0xd6c src/libraries/MPU6050/MPU6050.o
 .debug_line    0x00006b00      0x313 src/libraries/SPI/src/SPI.o
 .debug_line    0x00006e13      0x6db src/libraries/Wire/src/utility/twi.o
 .debug_line    0x000074ee      0x653 src/libraries/Wire/src/Wire.o
 .debug_line    0x00007b41       0xa9 C:\Users\thoma\Documents\Atmel Studio\7.0\Opgave5-1\Opgave5-1\ArduinoCore\Debug\libArduinoCore.a(abi.o)
 .debug_line    0x00007bea      0x527 C:\Users\thoma\Documents\Atmel Studio\7.0\Opgave5-1\Opgave5-1\ArduinoCore\Debug\libArduinoCore.a(HardwareSerial.o)
 .debug_line    0x00008111      0x288 C:\Users\thoma\Documents\Atmel Studio\7.0\Opgave5-1\Opgave5-1\ArduinoCore\Debug\libArduinoCore.a(HardwareSerial0.o)
 .debug_line    0x00008399      0x161 C:\Users\thoma\Documents\Atmel Studio\7.0\Opgave5-1\Opgave5-1\ArduinoCore\Debug\libArduinoCore.a(main.o)
 .debug_line    0x000084fa      0x681 C:\Users\thoma\Documents\Atmel Studio\7.0\Opgave5-1\Opgave5-1\ArduinoCore\Debug\libArduinoCore.a(Print.o)
 .debug_line    0x00008b7b      0x2cb C:\Users\thoma\Documents\Atmel Studio\7.0\Opgave5-1\Opgave5-1\ArduinoCore\Debug\libArduinoCore.a(wiring.o)
 .debug_line    0x00008e46      0x284 C:\Users\thoma\Documents\Atmel Studio\7.0\Opgave5-1\Opgave5-1\ArduinoCore\Debug\libArduinoCore.a(wiring_digital.o)
 .debug_line    0x000090ca       0x41 C:\Users\thoma\Documents\Atmel Studio\7.0\Opgave5-1\Opgave5-1\ArduinoCore\Debug\libArduinoCore.a(hooks.o)

.debug_frame    0x00000000     0x38fc
 *(.debug_frame)
 .debug_frame   0x00000000      0x140 Sketch.o
 .debug_frame   0x00000140      0x284 src/libraries/Adafruit_BusIO/Adafruit_SPIDevice.o
 .debug_frame   0x000003c4     0x141c src/libraries/Adafruit_GFX_Library/Adafruit_GFX.o
 .debug_frame   0x000017e0      0x498 src/libraries/Adafruit_SSD1306/Adafruit_SSD1306.o
 .debug_frame   0x00001c78      0x1fc src/libraries/DHT_sensor_library/DHT.o
 .debug_frame   0x00001e74      0x6ec src/libraries/DS3231/DS3231.o
 .debug_frame   0x00002560      0x700 src/libraries/MPU6050/MPU6050.o
 .debug_frame   0x00002c60       0x5c src/libraries/SPI/src/SPI.o
 .debug_frame   0x00002cbc      0x208 src/libraries/Wire/src/utility/twi.o
 .debug_frame   0x00002ec4      0x2b0 src/libraries/Wire/src/Wire.o
 .debug_frame   0x00003174       0x34 C:\Users\thoma\Documents\Atmel Studio\7.0\Opgave5-1\Opgave5-1\ArduinoCore\Debug\libArduinoCore.a(abi.o)
 .debug_frame   0x000031a8      0x110 C:\Users\thoma\Documents\Atmel Studio\7.0\Opgave5-1\Opgave5-1\ArduinoCore\Debug\libArduinoCore.a(HardwareSerial.o)
 .debug_frame   0x000032b8       0xe0 C:\Users\thoma\Documents\Atmel Studio\7.0\Opgave5-1\Opgave5-1\ArduinoCore\Debug\libArduinoCore.a(HardwareSerial0.o)
 .debug_frame   0x00003398       0x54 C:\Users\thoma\Documents\Atmel Studio\7.0\Opgave5-1\Opgave5-1\ArduinoCore\Debug\libArduinoCore.a(main.o)
 .debug_frame   0x000033ec      0x3ac C:\Users\thoma\Documents\Atmel Studio\7.0\Opgave5-1\Opgave5-1\ArduinoCore\Debug\libArduinoCore.a(Print.o)
 .debug_frame   0x00003798       0xc4 C:\Users\thoma\Documents\Atmel Studio\7.0\Opgave5-1\Opgave5-1\ArduinoCore\Debug\libArduinoCore.a(wiring.o)
 .debug_frame   0x0000385c       0x7c C:\Users\thoma\Documents\Atmel Studio\7.0\Opgave5-1\Opgave5-1\ArduinoCore\Debug\libArduinoCore.a(wiring_digital.o)
 .debug_frame   0x000038d8       0x24 C:\Users\thoma\Documents\Atmel Studio\7.0\Opgave5-1\Opgave5-1\ArduinoCore\Debug\libArduinoCore.a(hooks.o)

.debug_str      0x00000000     0x6e25
 *(.debug_str)
 .debug_str     0x00000000      0x3e6 C:/Program Files (x86)/Atmel/Studio/7.0/Packs/atmel/ATmega_DFP/1.6.364/gcc/dev/atmega2560/avr6/crtatmega2560.o
 .debug_str     0x000003e6     0x2069 Sketch.o
                               0x2268 (size before relaxing)
 .debug_str     0x0000244f      0x82e src/libraries/Adafruit_BusIO/Adafruit_SPIDevice.o
                                0xb18 (size before relaxing)
 .debug_str     0x00002c7d     0x20a8 src/libraries/Adafruit_GFX_Library/Adafruit_GFX.o
                               0x255b (size before relaxing)
 .debug_str     0x00004d25      0x7fd src/libraries/Adafruit_SSD1306/Adafruit_SSD1306.o
                               0x10fe (size before relaxing)
 .debug_str     0x00005522       0xe6 src/libraries/DHT_sensor_library/DHT.o
                                0x594 (size before relaxing)
 .debug_str     0x00005608      0x15c src/libraries/DS3231/DS3231.o
                                0xd22 (size before relaxing)
 .debug_str     0x00005764       0x96 src/libraries/MPU6050/MPU6050.o
                               0x1644 (size before relaxing)
 .debug_str     0x000057fa       0xb4 src/libraries/SPI/src/SPI.o
                                0x6b4 (size before relaxing)
 .debug_str     0x000058ae      0x3d8 src/libraries/Wire/src/utility/twi.o
                                0x500 (size before relaxing)
 .debug_str     0x00005c86      0x8b3 src/libraries/Wire/src/Wire.o
                               0x19ac (size before relaxing)
 .debug_str     0x00006539       0x80 C:\Users\thoma\Documents\Atmel Studio\7.0\Opgave5-1\Opgave5-1\ArduinoCore\Debug\libArduinoCore.a(abi.o)
                                0x1a1 (size before relaxing)
 .debug_str     0x000065b9      0x482 C:\Users\thoma\Documents\Atmel Studio\7.0\Opgave5-1\Opgave5-1\ArduinoCore\Debug\libArduinoCore.a(HardwareSerial.o)
                               0x16f0 (size before relaxing)
 .debug_str     0x00006a3b       0x47 C:\Users\thoma\Documents\Atmel Studio\7.0\Opgave5-1\Opgave5-1\ArduinoCore\Debug\libArduinoCore.a(HardwareSerial0.o)
                               0x140b (size before relaxing)
 .debug_str     0x00006a82       0x37 C:\Users\thoma\Documents\Atmel Studio\7.0\Opgave5-1\Opgave5-1\ArduinoCore\Debug\libArduinoCore.a(main.o)
                                0x2b7 (size before relaxing)
 .debug_str     0x00006ab9      0x29d C:\Users\thoma\Documents\Atmel Studio\7.0\Opgave5-1\Opgave5-1\ArduinoCore\Debug\libArduinoCore.a(Print.o)
                               0x1245 (size before relaxing)
 .debug_str     0x00006d56       0x60 C:\Users\thoma\Documents\Atmel Studio\7.0\Opgave5-1\Opgave5-1\ArduinoCore\Debug\libArduinoCore.a(wiring.o)
                                0x24d (size before relaxing)
 .debug_str     0x00006db6       0x53 C:\Users\thoma\Documents\Atmel Studio\7.0\Opgave5-1\Opgave5-1\ArduinoCore\Debug\libArduinoCore.a(wiring_digital.o)
                                0x2b2 (size before relaxing)
 .debug_str     0x00006e09       0x1c C:\Users\thoma\Documents\Atmel Studio\7.0\Opgave5-1\Opgave5-1\ArduinoCore\Debug\libArduinoCore.a(hooks.o)
                                0x142 (size before relaxing)

.debug_loc      0x00000000    0x1aca2
 *(.debug_loc)
 .debug_loc     0x00000000      0x3d7 Sketch.o
 .debug_loc     0x000003d7     0x1403 src/libraries/Adafruit_BusIO/Adafruit_SPIDevice.o
 .debug_loc     0x000017da     0xc504 src/libraries/Adafruit_GFX_Library/Adafruit_GFX.o
 .debug_loc     0x0000dcde     0x3191 src/libraries/Adafruit_SSD1306/Adafruit_SSD1306.o
 .debug_loc     0x00010e6f      0xd33 src/libraries/DHT_sensor_library/DHT.o
 .debug_loc     0x00011ba2     0x2cc8 src/libraries/DS3231/DS3231.o
 .debug_loc     0x0001486a     0x2203 src/libraries/MPU6050/MPU6050.o
 .debug_loc     0x00016a6d      0x1f0 src/libraries/SPI/src/SPI.o
 .debug_loc     0x00016c5d      0x87f src/libraries/Wire/src/utility/twi.o
 .debug_loc     0x000174dc      0xcbb src/libraries/Wire/src/Wire.o
 .debug_loc     0x00018197      0x4dc C:\Users\thoma\Documents\Atmel Studio\7.0\Opgave5-1\Opgave5-1\ArduinoCore\Debug\libArduinoCore.a(HardwareSerial.o)
 .debug_loc     0x00018673      0x1b0 C:\Users\thoma\Documents\Atmel Studio\7.0\Opgave5-1\Opgave5-1\ArduinoCore\Debug\libArduinoCore.a(HardwareSerial0.o)
 .debug_loc     0x00018823     0x1c87 C:\Users\thoma\Documents\Atmel Studio\7.0\Opgave5-1\Opgave5-1\ArduinoCore\Debug\libArduinoCore.a(Print.o)
 .debug_loc     0x0001a4aa      0x28d C:\Users\thoma\Documents\Atmel Studio\7.0\Opgave5-1\Opgave5-1\ArduinoCore\Debug\libArduinoCore.a(wiring.o)
 .debug_loc     0x0001a737      0x56b C:\Users\thoma\Documents\Atmel Studio\7.0\Opgave5-1\Opgave5-1\ArduinoCore\Debug\libArduinoCore.a(wiring_digital.o)

.debug_macinfo
 *(.debug_macinfo)

.debug_weaknames
 *(.debug_weaknames)

.debug_funcnames
 *(.debug_funcnames)

.debug_typenames
 *(.debug_typenames)

.debug_varnames
 *(.debug_varnames)

.debug_pubtypes
 *(.debug_pubtypes)

.debug_ranges   0x00000000     0x1008
 *(.debug_ranges)
 .debug_ranges  0x00000000       0x58 Sketch.o
 .debug_ranges  0x00000058       0xb0 src/libraries/Adafruit_BusIO/Adafruit_SPIDevice.o
 .debug_ranges  0x00000108      0x508 src/libraries/Adafruit_GFX_Library/Adafruit_GFX.o
 .debug_ranges  0x00000610      0x1b8 src/libraries/Adafruit_SSD1306/Adafruit_SSD1306.o
 .debug_ranges  0x000007c8       0x70 src/libraries/DHT_sensor_library/DHT.o
 .debug_ranges  0x00000838      0x1a8 src/libraries/DS3231/DS3231.o
 .debug_ranges  0x000009e0      0x228 src/libraries/MPU6050/MPU6050.o
 .debug_ranges  0x00000c08       0x28 src/libraries/SPI/src/SPI.o
 .debug_ranges  0x00000c30       0x88 src/libraries/Wire/src/utility/twi.o
 .debug_ranges  0x00000cb8      0x100 src/libraries/Wire/src/Wire.o
 .debug_ranges  0x00000db8       0x10 C:\Users\thoma\Documents\Atmel Studio\7.0\Opgave5-1\Opgave5-1\ArduinoCore\Debug\libArduinoCore.a(abi.o)
 .debug_ranges  0x00000dc8       0x58 C:\Users\thoma\Documents\Atmel Studio\7.0\Opgave5-1\Opgave5-1\ArduinoCore\Debug\libArduinoCore.a(HardwareSerial.o)
 .debug_ranges  0x00000e20       0x38 C:\Users\thoma\Documents\Atmel Studio\7.0\Opgave5-1\Opgave5-1\ArduinoCore\Debug\libArduinoCore.a(HardwareSerial0.o)
 .debug_ranges  0x00000e58       0x20 C:\Users\thoma\Documents\Atmel Studio\7.0\Opgave5-1\Opgave5-1\ArduinoCore\Debug\libArduinoCore.a(main.o)
 .debug_ranges  0x00000e78      0x120 C:\Users\thoma\Documents\Atmel Studio\7.0\Opgave5-1\Opgave5-1\ArduinoCore\Debug\libArduinoCore.a(Print.o)
 .debug_ranges  0x00000f98       0x38 C:\Users\thoma\Documents\Atmel Studio\7.0\Opgave5-1\Opgave5-1\ArduinoCore\Debug\libArduinoCore.a(wiring.o)
 .debug_ranges  0x00000fd0       0x28 C:\Users\thoma\Documents\Atmel Studio\7.0\Opgave5-1\Opgave5-1\ArduinoCore\Debug\libArduinoCore.a(wiring_digital.o)
 .debug_ranges  0x00000ff8       0x10 C:\Users\thoma\Documents\Atmel Studio\7.0\Opgave5-1\Opgave5-1\ArduinoCore\Debug\libArduinoCore.a(hooks.o)

.debug_macro
 *(.debug_macro)
OUTPUT(BareMinimum.elf elf32-avr)
LOAD linker stubs
